running develop
running egg_info
creating ros2_data_fusion.egg-info
writing ros2_data_fusion.egg-info/PKG-INFO
writing dependency_links to ros2_data_fusion.egg-info/dependency_links.txt
writing entry points to ros2_data_fusion.egg-info/entry_points.txt
writing requirements to ros2_data_fusion.egg-info/requires.txt
writing top-level names to ros2_data_fusion.egg-info/top_level.txt
writing manifest file 'ros2_data_fusion.egg-info/SOURCES.txt'
reading manifest file 'ros2_data_fusion.egg-info/SOURCES.txt'
writing manifest file 'ros2_data_fusion.egg-info/SOURCES.txt'
running build_ext
Creating /home/yj/桌面/ros2-rpi/install/ros2_data_fusion/lib/python3.12/site-packages/ros2-data-fusion.egg-link (link to .)
Installing data_fusion_node script to /home/yj/桌面/ros2-rpi/install/ros2_data_fusion/lib/ros2_data_fusion
Installing data_fusion_yaw_node script to /home/yj/桌面/ros2-rpi/install/ros2_data_fusion/lib/ros2_data_fusion

Installed /home/yj/桌面/ros2-rpi/build/ros2_data_fusion
running symlink_data
creating /home/yj/桌面/ros2-rpi/install/ros2_data_fusion/share/ament_index
creating /home/yj/桌面/ros2-rpi/install/ros2_data_fusion/share/ament_index/resource_index
creating /home/yj/桌面/ros2-rpi/install/ros2_data_fusion/share/ament_index/resource_index/packages
symbolically linking /home/yj/桌面/ros2-rpi/build/ros2_data_fusion/resource/ros2_data_fusion -> /home/yj/桌面/ros2-rpi/install/ros2_data_fusion/share/ament_index/resource_index/packages
symbolically linking /home/yj/桌面/ros2-rpi/build/ros2_data_fusion/package.xml -> /home/yj/桌面/ros2-rpi/install/ros2_data_fusion/share/ros2_data_fusion
creating /home/yj/桌面/ros2-rpi/install/ros2_data_fusion/share/ros2_data_fusion/launch
symbolically linking /home/yj/桌面/ros2-rpi/build/ros2_data_fusion/launch/data_fusion.launch.py -> /home/yj/桌面/ros2-rpi/install/ros2_data_fusion/share/ros2_data_fusion/launch
