[0.101s] DEBUG:colcon:Command line arguments: ['/usr/bin/colcon', 'build', '--symlink-install']
[0.102s] DEBUG:colcon:Parsed command line arguments: Namespace(log_base=None, log_level=None, verb_name='build', build_base='build', install_base='install', merge_install=False, symlink_install=True, test_result_base=None, continue_on_error=False, executor='parallel', parallel_workers=4, event_handlers=None, ignore_user_meta=False, metas=['./colcon.meta'], base_paths=['.'], packages_ignore=None, packages_ignore_regex=None, paths=None, packages_up_to=None, packages_up_to_regex=None, packages_above=None, packages_above_and_dependencies=None, packages_above_depth=None, packages_select_by_dep=None, packages_skip_by_dep=None, packages_skip_up_to=None, packages_select_build_failed=False, packages_skip_build_finished=False, packages_select_test_failures=False, packages_skip_test_passed=False, packages_select=None, packages_skip=None, packages_select_regex=None, packages_skip_regex=None, packages_start=None, packages_end=None, allow_overriding=[], cmake_args=None, cmake_target=None, cmake_target_skip_unavailable=False, cmake_clean_cache=False, cmake_clean_first=False, cmake_force_configure=False, ament_cmake_args=None, catkin_cmake_args=None, catkin_skip_building_tests=False, mixin_files=None, mixin=None, verb_parser=<colcon_mixin.mixin.mixin_argument.MixinArgumentDecorator object at 0x7a3336ed4f20>, verb_extension=<colcon_core.verb.build.BuildVerb object at 0x7a3336ed4cb0>, main=<bound method BuildVerb.main of <colcon_core.verb.build.BuildVerb object at 0x7a3336ed4cb0>>, mixin_verb=('build',))
[0.127s] Level 1:colcon.colcon_core.package_discovery:discover_packages(colcon_meta) check parameters
[0.127s] Level 1:colcon.colcon_core.package_discovery:discover_packages(recursive) check parameters
[0.127s] Level 1:colcon.colcon_core.package_discovery:discover_packages(ignore) check parameters
[0.128s] Level 1:colcon.colcon_core.package_discovery:discover_packages(path) check parameters
[0.128s] Level 1:colcon.colcon_core.package_discovery:discover_packages(colcon_meta) discover
[0.128s] Level 1:colcon.colcon_core.package_discovery:discover_packages(recursive) discover
[0.128s] INFO:colcon.colcon_core.package_discovery:Crawling recursively for packages in '/home/yj/桌面/ros2-rpi'
[0.128s] Level 1:colcon.colcon_core.package_identification:_identify(.) by extensions ['ignore', 'ignore_ament_install']
[0.128s] Level 1:colcon.colcon_core.package_identification:_identify(.) by extension 'ignore'
[0.128s] Level 1:colcon.colcon_core.package_identification:_identify(.) by extension 'ignore_ament_install'
[0.128s] Level 1:colcon.colcon_core.package_identification:_identify(.) by extensions ['colcon_pkg']
[0.128s] Level 1:colcon.colcon_core.package_identification:_identify(.) by extension 'colcon_pkg'
[0.128s] Level 1:colcon.colcon_core.package_identification:_identify(.) by extensions ['colcon_meta']
[0.128s] Level 1:colcon.colcon_core.package_identification:_identify(.) by extension 'colcon_meta'
[0.128s] Level 1:colcon.colcon_core.package_identification:_identify(.) by extensions ['ros']
[0.128s] Level 1:colcon.colcon_core.package_identification:_identify(.) by extension 'ros'
[0.144s] Level 1:colcon.colcon_core.package_identification:_identify(.) by extensions ['cmake', 'python']
[0.145s] Level 1:colcon.colcon_core.package_identification:_identify(.) by extension 'cmake'
[0.145s] Level 1:colcon.colcon_core.package_identification:_identify(.) by extension 'python'
[0.145s] Level 1:colcon.colcon_core.package_identification:_identify(.) by extensions ['python_setup_py']
[0.145s] Level 1:colcon.colcon_core.package_identification:_identify(.) by extension 'python_setup_py'
[0.145s] Level 1:colcon.colcon_core.package_identification:_identify(build) by extensions ['ignore', 'ignore_ament_install']
[0.145s] Level 1:colcon.colcon_core.package_identification:_identify(build) by extension 'ignore'
[0.145s] Level 1:colcon.colcon_core.package_identification:_identify(build) ignored
[0.145s] Level 1:colcon.colcon_core.package_identification:_identify(data) by extensions ['ignore', 'ignore_ament_install']
[0.145s] Level 1:colcon.colcon_core.package_identification:_identify(data) by extension 'ignore'
[0.145s] Level 1:colcon.colcon_core.package_identification:_identify(data) by extension 'ignore_ament_install'
[0.145s] Level 1:colcon.colcon_core.package_identification:_identify(data) by extensions ['colcon_pkg']
[0.145s] Level 1:colcon.colcon_core.package_identification:_identify(data) by extension 'colcon_pkg'
[0.145s] Level 1:colcon.colcon_core.package_identification:_identify(data) by extensions ['colcon_meta']
[0.145s] Level 1:colcon.colcon_core.package_identification:_identify(data) by extension 'colcon_meta'
[0.145s] Level 1:colcon.colcon_core.package_identification:_identify(data) by extensions ['ros']
[0.145s] Level 1:colcon.colcon_core.package_identification:_identify(data) by extension 'ros'
[0.145s] Level 1:colcon.colcon_core.package_identification:_identify(data) by extensions ['cmake', 'python']
[0.145s] Level 1:colcon.colcon_core.package_identification:_identify(data) by extension 'cmake'
[0.145s] Level 1:colcon.colcon_core.package_identification:_identify(data) by extension 'python'
[0.145s] Level 1:colcon.colcon_core.package_identification:_identify(data) by extensions ['python_setup_py']
[0.145s] Level 1:colcon.colcon_core.package_identification:_identify(data) by extension 'python_setup_py'
[0.145s] Level 1:colcon.colcon_core.package_identification:_identify(install) by extensions ['ignore', 'ignore_ament_install']
[0.145s] Level 1:colcon.colcon_core.package_identification:_identify(install) by extension 'ignore'
[0.145s] Level 1:colcon.colcon_core.package_identification:_identify(install) ignored
[0.145s] Level 1:colcon.colcon_core.package_identification:_identify(log) by extensions ['ignore', 'ignore_ament_install']
[0.145s] Level 1:colcon.colcon_core.package_identification:_identify(log) by extension 'ignore'
[0.145s] Level 1:colcon.colcon_core.package_identification:_identify(log) ignored
[0.145s] Level 1:colcon.colcon_core.package_identification:_identify(src) by extensions ['ignore', 'ignore_ament_install']
[0.145s] Level 1:colcon.colcon_core.package_identification:_identify(src) by extension 'ignore'
[0.145s] Level 1:colcon.colcon_core.package_identification:_identify(src) by extension 'ignore_ament_install'
[0.145s] Level 1:colcon.colcon_core.package_identification:_identify(src) by extensions ['colcon_pkg']
[0.145s] Level 1:colcon.colcon_core.package_identification:_identify(src) by extension 'colcon_pkg'
[0.145s] Level 1:colcon.colcon_core.package_identification:_identify(src) by extensions ['colcon_meta']
[0.145s] Level 1:colcon.colcon_core.package_identification:_identify(src) by extension 'colcon_meta'
[0.145s] Level 1:colcon.colcon_core.package_identification:_identify(src) by extensions ['ros']
[0.145s] Level 1:colcon.colcon_core.package_identification:_identify(src) by extension 'ros'
[0.146s] Level 1:colcon.colcon_core.package_identification:_identify(src) by extensions ['cmake', 'python']
[0.146s] Level 1:colcon.colcon_core.package_identification:_identify(src) by extension 'cmake'
[0.146s] Level 1:colcon.colcon_core.package_identification:_identify(src) by extension 'python'
[0.146s] Level 1:colcon.colcon_core.package_identification:_identify(src) by extensions ['python_setup_py']
[0.146s] Level 1:colcon.colcon_core.package_identification:_identify(src) by extension 'python_setup_py'
[0.146s] Level 1:colcon.colcon_core.package_identification:_identify(src/gps_driver) by extensions ['ignore', 'ignore_ament_install']
[0.146s] Level 1:colcon.colcon_core.package_identification:_identify(src/gps_driver) by extension 'ignore'
[0.146s] Level 1:colcon.colcon_core.package_identification:_identify(src/gps_driver) by extension 'ignore_ament_install'
[0.146s] Level 1:colcon.colcon_core.package_identification:_identify(src/gps_driver) by extensions ['colcon_pkg']
[0.146s] Level 1:colcon.colcon_core.package_identification:_identify(src/gps_driver) by extension 'colcon_pkg'
[0.146s] Level 1:colcon.colcon_core.package_identification:_identify(src/gps_driver) by extensions ['colcon_meta']
[0.146s] Level 1:colcon.colcon_core.package_identification:_identify(src/gps_driver) by extension 'colcon_meta'
[0.146s] Level 1:colcon.colcon_core.package_identification:_identify(src/gps_driver) by extensions ['ros']
[0.146s] Level 1:colcon.colcon_core.package_identification:_identify(src/gps_driver) by extension 'ros'
[0.147s] DEBUG:colcon.colcon_core.package_identification:Package 'src/gps_driver' with type 'ros.ament_python' and name 'gps_driver'
[0.147s] Level 1:colcon.colcon_core.package_identification:_identify(src/imu_driver) by extensions ['ignore', 'ignore_ament_install']
[0.147s] Level 1:colcon.colcon_core.package_identification:_identify(src/imu_driver) by extension 'ignore'
[0.147s] Level 1:colcon.colcon_core.package_identification:_identify(src/imu_driver) by extension 'ignore_ament_install'
[0.147s] Level 1:colcon.colcon_core.package_identification:_identify(src/imu_driver) by extensions ['colcon_pkg']
[0.147s] Level 1:colcon.colcon_core.package_identification:_identify(src/imu_driver) by extension 'colcon_pkg'
[0.147s] Level 1:colcon.colcon_core.package_identification:_identify(src/imu_driver) by extensions ['colcon_meta']
[0.147s] Level 1:colcon.colcon_core.package_identification:_identify(src/imu_driver) by extension 'colcon_meta'
[0.147s] Level 1:colcon.colcon_core.package_identification:_identify(src/imu_driver) by extensions ['ros']
[0.147s] Level 1:colcon.colcon_core.package_identification:_identify(src/imu_driver) by extension 'ros'
[0.148s] DEBUG:colcon.colcon_core.package_identification:Package 'src/imu_driver' with type 'ros.ament_python' and name 'imu_driver'
[0.148s] Level 1:colcon.colcon_core.package_identification:_identify(src/launch_pkg) by extensions ['ignore', 'ignore_ament_install']
[0.148s] Level 1:colcon.colcon_core.package_identification:_identify(src/launch_pkg) by extension 'ignore'
[0.148s] Level 1:colcon.colcon_core.package_identification:_identify(src/launch_pkg) by extension 'ignore_ament_install'
[0.148s] Level 1:colcon.colcon_core.package_identification:_identify(src/launch_pkg) by extensions ['colcon_pkg']
[0.148s] Level 1:colcon.colcon_core.package_identification:_identify(src/launch_pkg) by extension 'colcon_pkg'
[0.148s] Level 1:colcon.colcon_core.package_identification:_identify(src/launch_pkg) by extensions ['colcon_meta']
[0.148s] Level 1:colcon.colcon_core.package_identification:_identify(src/launch_pkg) by extension 'colcon_meta'
[0.148s] Level 1:colcon.colcon_core.package_identification:_identify(src/launch_pkg) by extensions ['ros']
[0.148s] Level 1:colcon.colcon_core.package_identification:_identify(src/launch_pkg) by extension 'ros'
[0.148s] DEBUG:colcon.colcon_core.package_identification:Package 'src/launch_pkg' with type 'ros.ament_python' and name 'launch_pkg'
[0.148s] Level 1:colcon.colcon_core.package_identification:_identify(src/ros2_data_fusion) by extensions ['ignore', 'ignore_ament_install']
[0.148s] Level 1:colcon.colcon_core.package_identification:_identify(src/ros2_data_fusion) by extension 'ignore'
[0.148s] Level 1:colcon.colcon_core.package_identification:_identify(src/ros2_data_fusion) by extension 'ignore_ament_install'
[0.148s] Level 1:colcon.colcon_core.package_identification:_identify(src/ros2_data_fusion) by extensions ['colcon_pkg']
[0.148s] Level 1:colcon.colcon_core.package_identification:_identify(src/ros2_data_fusion) by extension 'colcon_pkg'
[0.148s] Level 1:colcon.colcon_core.package_identification:_identify(src/ros2_data_fusion) by extensions ['colcon_meta']
[0.148s] Level 1:colcon.colcon_core.package_identification:_identify(src/ros2_data_fusion) by extension 'colcon_meta'
[0.149s] Level 1:colcon.colcon_core.package_identification:_identify(src/ros2_data_fusion) by extensions ['ros']
[0.149s] Level 1:colcon.colcon_core.package_identification:_identify(src/ros2_data_fusion) by extension 'ros'
[0.149s] DEBUG:colcon.colcon_core.package_identification:Package 'src/ros2_data_fusion' with type 'ros.ament_python' and name 'ros2_data_fusion'
[0.149s] Level 1:colcon.colcon_core.package_identification:_identify(src/ros2_serial_bridge) by extensions ['ignore', 'ignore_ament_install']
[0.149s] Level 1:colcon.colcon_core.package_identification:_identify(src/ros2_serial_bridge) by extension 'ignore'
[0.149s] Level 1:colcon.colcon_core.package_identification:_identify(src/ros2_serial_bridge) by extension 'ignore_ament_install'
[0.149s] Level 1:colcon.colcon_core.package_identification:_identify(src/ros2_serial_bridge) by extensions ['colcon_pkg']
[0.149s] Level 1:colcon.colcon_core.package_identification:_identify(src/ros2_serial_bridge) by extension 'colcon_pkg'
[0.149s] Level 1:colcon.colcon_core.package_identification:_identify(src/ros2_serial_bridge) by extensions ['colcon_meta']
[0.149s] Level 1:colcon.colcon_core.package_identification:_identify(src/ros2_serial_bridge) by extension 'colcon_meta'
[0.149s] Level 1:colcon.colcon_core.package_identification:_identify(src/ros2_serial_bridge) by extensions ['ros']
[0.149s] Level 1:colcon.colcon_core.package_identification:_identify(src/ros2_serial_bridge) by extension 'ros'
[0.149s] DEBUG:colcon.colcon_core.package_identification:Package 'src/ros2_serial_bridge' with type 'ros.ament_python' and name 'ros2_serial_bridge'
[0.150s] Level 1:colcon.colcon_core.package_identification:_identify(src/sciroad1) by extensions ['ignore', 'ignore_ament_install']
[0.150s] Level 1:colcon.colcon_core.package_identification:_identify(src/sciroad1) by extension 'ignore'
[0.150s] Level 1:colcon.colcon_core.package_identification:_identify(src/sciroad1) by extension 'ignore_ament_install'
[0.150s] Level 1:colcon.colcon_core.package_identification:_identify(src/sciroad1) by extensions ['colcon_pkg']
[0.150s] Level 1:colcon.colcon_core.package_identification:_identify(src/sciroad1) by extension 'colcon_pkg'
[0.150s] Level 1:colcon.colcon_core.package_identification:_identify(src/sciroad1) by extensions ['colcon_meta']
[0.150s] Level 1:colcon.colcon_core.package_identification:_identify(src/sciroad1) by extension 'colcon_meta'
[0.150s] Level 1:colcon.colcon_core.package_identification:_identify(src/sciroad1) by extensions ['ros']
[0.150s] Level 1:colcon.colcon_core.package_identification:_identify(src/sciroad1) by extension 'ros'
[0.150s] DEBUG:colcon.colcon_core.package_identification:Package 'src/sciroad1' with type 'ros.ament_python' and name 'sciroad1'
[0.150s] Level 1:colcon.colcon_core.package_discovery:discover_packages(recursive) using defaults
[0.150s] Level 1:colcon.colcon_core.package_discovery:discover_packages(ignore) discover
[0.150s] Level 1:colcon.colcon_core.package_discovery:discover_packages(ignore) using defaults
[0.150s] Level 1:colcon.colcon_core.package_discovery:discover_packages(path) discover
[0.150s] Level 1:colcon.colcon_core.package_discovery:discover_packages(path) using defaults
[0.163s] Level 1:colcon.colcon_core.package_discovery:discover_packages(prefix_path) check parameters
[0.163s] Level 1:colcon.colcon_core.package_discovery:discover_packages(prefix_path) discover
[0.164s] DEBUG:colcon.colcon_installed_package_information.package_discovery:Found 5 installed packages in /home/yj/桌面/ros2-rpi2/install
[0.165s] DEBUG:colcon.colcon_installed_package_information.package_discovery:Found 6 installed packages in /home/yj/桌面/ros2-rpi/install
[0.165s] DEBUG:colcon.colcon_installed_package_information.package_discovery:Found 21 installed packages in /home/yj/dev_ws/install
[0.167s] DEBUG:colcon.colcon_installed_package_information.package_discovery:Found 294 installed packages in /opt/ros/jazzy
[0.167s] Level 1:colcon.colcon_core.package_discovery:discover_packages(prefix_path) using defaults
[0.195s] Level 5:colcon.colcon_core.verb:set package 'gps_driver' build argument 'cmake_args' from command line to 'None'
[0.195s] Level 5:colcon.colcon_core.verb:set package 'gps_driver' build argument 'cmake_target' from command line to 'None'
[0.195s] Level 5:colcon.colcon_core.verb:set package 'gps_driver' build argument 'cmake_target_skip_unavailable' from command line to 'False'
[0.195s] Level 5:colcon.colcon_core.verb:set package 'gps_driver' build argument 'cmake_clean_cache' from command line to 'False'
[0.195s] Level 5:colcon.colcon_core.verb:set package 'gps_driver' build argument 'cmake_clean_first' from command line to 'False'
[0.195s] Level 5:colcon.colcon_core.verb:set package 'gps_driver' build argument 'cmake_force_configure' from command line to 'False'
[0.195s] Level 5:colcon.colcon_core.verb:set package 'gps_driver' build argument 'ament_cmake_args' from command line to 'None'
[0.195s] Level 5:colcon.colcon_core.verb:set package 'gps_driver' build argument 'catkin_cmake_args' from command line to 'None'
[0.195s] Level 5:colcon.colcon_core.verb:set package 'gps_driver' build argument 'catkin_skip_building_tests' from command line to 'False'
[0.195s] DEBUG:colcon.colcon_core.verb:Building package 'gps_driver' with the following arguments: {'ament_cmake_args': None, 'build_base': '/home/yj/桌面/ros2-rpi/build/gps_driver', 'catkin_cmake_args': None, 'catkin_skip_building_tests': False, 'cmake_args': None, 'cmake_clean_cache': False, 'cmake_clean_first': False, 'cmake_force_configure': False, 'cmake_target': None, 'cmake_target_skip_unavailable': False, 'install_base': '/home/yj/桌面/ros2-rpi/install/gps_driver', 'merge_install': False, 'path': '/home/yj/桌面/ros2-rpi/src/gps_driver', 'symlink_install': True, 'test_result_base': None}
[0.195s] Level 5:colcon.colcon_core.verb:set package 'imu_driver' build argument 'cmake_args' from command line to 'None'
[0.195s] Level 5:colcon.colcon_core.verb:set package 'imu_driver' build argument 'cmake_target' from command line to 'None'
[0.195s] Level 5:colcon.colcon_core.verb:set package 'imu_driver' build argument 'cmake_target_skip_unavailable' from command line to 'False'
[0.195s] Level 5:colcon.colcon_core.verb:set package 'imu_driver' build argument 'cmake_clean_cache' from command line to 'False'
[0.195s] Level 5:colcon.colcon_core.verb:set package 'imu_driver' build argument 'cmake_clean_first' from command line to 'False'
[0.195s] Level 5:colcon.colcon_core.verb:set package 'imu_driver' build argument 'cmake_force_configure' from command line to 'False'
[0.196s] Level 5:colcon.colcon_core.verb:set package 'imu_driver' build argument 'ament_cmake_args' from command line to 'None'
[0.196s] Level 5:colcon.colcon_core.verb:set package 'imu_driver' build argument 'catkin_cmake_args' from command line to 'None'
[0.196s] Level 5:colcon.colcon_core.verb:set package 'imu_driver' build argument 'catkin_skip_building_tests' from command line to 'False'
[0.196s] DEBUG:colcon.colcon_core.verb:Building package 'imu_driver' with the following arguments: {'ament_cmake_args': None, 'build_base': '/home/yj/桌面/ros2-rpi/build/imu_driver', 'catkin_cmake_args': None, 'catkin_skip_building_tests': False, 'cmake_args': None, 'cmake_clean_cache': False, 'cmake_clean_first': False, 'cmake_force_configure': False, 'cmake_target': None, 'cmake_target_skip_unavailable': False, 'install_base': '/home/yj/桌面/ros2-rpi/install/imu_driver', 'merge_install': False, 'path': '/home/yj/桌面/ros2-rpi/src/imu_driver', 'symlink_install': True, 'test_result_base': None}
[0.196s] Level 5:colcon.colcon_core.verb:set package 'launch_pkg' build argument 'cmake_args' from command line to 'None'
[0.196s] Level 5:colcon.colcon_core.verb:set package 'launch_pkg' build argument 'cmake_target' from command line to 'None'
[0.196s] Level 5:colcon.colcon_core.verb:set package 'launch_pkg' build argument 'cmake_target_skip_unavailable' from command line to 'False'
[0.196s] Level 5:colcon.colcon_core.verb:set package 'launch_pkg' build argument 'cmake_clean_cache' from command line to 'False'
[0.196s] Level 5:colcon.colcon_core.verb:set package 'launch_pkg' build argument 'cmake_clean_first' from command line to 'False'
[0.196s] Level 5:colcon.colcon_core.verb:set package 'launch_pkg' build argument 'cmake_force_configure' from command line to 'False'
[0.196s] Level 5:colcon.colcon_core.verb:set package 'launch_pkg' build argument 'ament_cmake_args' from command line to 'None'
[0.196s] Level 5:colcon.colcon_core.verb:set package 'launch_pkg' build argument 'catkin_cmake_args' from command line to 'None'
[0.196s] Level 5:colcon.colcon_core.verb:set package 'launch_pkg' build argument 'catkin_skip_building_tests' from command line to 'False'
[0.196s] DEBUG:colcon.colcon_core.verb:Building package 'launch_pkg' with the following arguments: {'ament_cmake_args': None, 'build_base': '/home/yj/桌面/ros2-rpi/build/launch_pkg', 'catkin_cmake_args': None, 'catkin_skip_building_tests': False, 'cmake_args': None, 'cmake_clean_cache': False, 'cmake_clean_first': False, 'cmake_force_configure': False, 'cmake_target': None, 'cmake_target_skip_unavailable': False, 'install_base': '/home/yj/桌面/ros2-rpi/install/launch_pkg', 'merge_install': False, 'path': '/home/yj/桌面/ros2-rpi/src/launch_pkg', 'symlink_install': True, 'test_result_base': None}
[0.196s] Level 5:colcon.colcon_core.verb:set package 'ros2_data_fusion' build argument 'cmake_args' from command line to 'None'
[0.196s] Level 5:colcon.colcon_core.verb:set package 'ros2_data_fusion' build argument 'cmake_target' from command line to 'None'
[0.196s] Level 5:colcon.colcon_core.verb:set package 'ros2_data_fusion' build argument 'cmake_target_skip_unavailable' from command line to 'False'
[0.196s] Level 5:colcon.colcon_core.verb:set package 'ros2_data_fusion' build argument 'cmake_clean_cache' from command line to 'False'
[0.196s] Level 5:colcon.colcon_core.verb:set package 'ros2_data_fusion' build argument 'cmake_clean_first' from command line to 'False'
[0.196s] Level 5:colcon.colcon_core.verb:set package 'ros2_data_fusion' build argument 'cmake_force_configure' from command line to 'False'
[0.196s] Level 5:colcon.colcon_core.verb:set package 'ros2_data_fusion' build argument 'ament_cmake_args' from command line to 'None'
[0.196s] Level 5:colcon.colcon_core.verb:set package 'ros2_data_fusion' build argument 'catkin_cmake_args' from command line to 'None'
[0.196s] Level 5:colcon.colcon_core.verb:set package 'ros2_data_fusion' build argument 'catkin_skip_building_tests' from command line to 'False'
[0.196s] DEBUG:colcon.colcon_core.verb:Building package 'ros2_data_fusion' with the following arguments: {'ament_cmake_args': None, 'build_base': '/home/yj/桌面/ros2-rpi/build/ros2_data_fusion', 'catkin_cmake_args': None, 'catkin_skip_building_tests': False, 'cmake_args': None, 'cmake_clean_cache': False, 'cmake_clean_first': False, 'cmake_force_configure': False, 'cmake_target': None, 'cmake_target_skip_unavailable': False, 'install_base': '/home/yj/桌面/ros2-rpi/install/ros2_data_fusion', 'merge_install': False, 'path': '/home/yj/桌面/ros2-rpi/src/ros2_data_fusion', 'symlink_install': True, 'test_result_base': None}
[0.196s] Level 5:colcon.colcon_core.verb:set package 'ros2_serial_bridge' build argument 'cmake_args' from command line to 'None'
[0.196s] Level 5:colcon.colcon_core.verb:set package 'ros2_serial_bridge' build argument 'cmake_target' from command line to 'None'
[0.196s] Level 5:colcon.colcon_core.verb:set package 'ros2_serial_bridge' build argument 'cmake_target_skip_unavailable' from command line to 'False'
[0.196s] Level 5:colcon.colcon_core.verb:set package 'ros2_serial_bridge' build argument 'cmake_clean_cache' from command line to 'False'
[0.196s] Level 5:colcon.colcon_core.verb:set package 'ros2_serial_bridge' build argument 'cmake_clean_first' from command line to 'False'
[0.196s] Level 5:colcon.colcon_core.verb:set package 'ros2_serial_bridge' build argument 'cmake_force_configure' from command line to 'False'
[0.196s] Level 5:colcon.colcon_core.verb:set package 'ros2_serial_bridge' build argument 'ament_cmake_args' from command line to 'None'
[0.196s] Level 5:colcon.colcon_core.verb:set package 'ros2_serial_bridge' build argument 'catkin_cmake_args' from command line to 'None'
[0.196s] Level 5:colcon.colcon_core.verb:set package 'ros2_serial_bridge' build argument 'catkin_skip_building_tests' from command line to 'False'
[0.196s] DEBUG:colcon.colcon_core.verb:Building package 'ros2_serial_bridge' with the following arguments: {'ament_cmake_args': None, 'build_base': '/home/yj/桌面/ros2-rpi/build/ros2_serial_bridge', 'catkin_cmake_args': None, 'catkin_skip_building_tests': False, 'cmake_args': None, 'cmake_clean_cache': False, 'cmake_clean_first': False, 'cmake_force_configure': False, 'cmake_target': None, 'cmake_target_skip_unavailable': False, 'install_base': '/home/yj/桌面/ros2-rpi/install/ros2_serial_bridge', 'merge_install': False, 'path': '/home/yj/桌面/ros2-rpi/src/ros2_serial_bridge', 'symlink_install': True, 'test_result_base': None}
[0.196s] Level 5:colcon.colcon_core.verb:set package 'sciroad1' build argument 'cmake_args' from command line to 'None'
[0.196s] Level 5:colcon.colcon_core.verb:set package 'sciroad1' build argument 'cmake_target' from command line to 'None'
[0.196s] Level 5:colcon.colcon_core.verb:set package 'sciroad1' build argument 'cmake_target_skip_unavailable' from command line to 'False'
[0.196s] Level 5:colcon.colcon_core.verb:set package 'sciroad1' build argument 'cmake_clean_cache' from command line to 'False'
[0.196s] Level 5:colcon.colcon_core.verb:set package 'sciroad1' build argument 'cmake_clean_first' from command line to 'False'
[0.196s] Level 5:colcon.colcon_core.verb:set package 'sciroad1' build argument 'cmake_force_configure' from command line to 'False'
[0.196s] Level 5:colcon.colcon_core.verb:set package 'sciroad1' build argument 'ament_cmake_args' from command line to 'None'
[0.196s] Level 5:colcon.colcon_core.verb:set package 'sciroad1' build argument 'catkin_cmake_args' from command line to 'None'
[0.196s] Level 5:colcon.colcon_core.verb:set package 'sciroad1' build argument 'catkin_skip_building_tests' from command line to 'False'
[0.196s] DEBUG:colcon.colcon_core.verb:Building package 'sciroad1' with the following arguments: {'ament_cmake_args': None, 'build_base': '/home/yj/桌面/ros2-rpi/build/sciroad1', 'catkin_cmake_args': None, 'catkin_skip_building_tests': False, 'cmake_args': None, 'cmake_clean_cache': False, 'cmake_clean_first': False, 'cmake_force_configure': False, 'cmake_target': None, 'cmake_target_skip_unavailable': False, 'install_base': '/home/yj/桌面/ros2-rpi/install/sciroad1', 'merge_install': False, 'path': '/home/yj/桌面/ros2-rpi/src/sciroad1', 'symlink_install': True, 'test_result_base': None}
[0.197s] INFO:colcon.colcon_core.executor:Executing jobs using 'parallel' executor
[0.197s] DEBUG:colcon.colcon_parallel_executor.executor.parallel:run_until_complete
[0.197s] INFO:colcon.colcon_ros.task.ament_python.build:Building ROS package in '/home/yj/桌面/ros2-rpi/src/gps_driver' with build type 'ament_python'
[0.198s] Level 1:colcon.colcon_core.shell:create_environment_hook('gps_driver', 'ament_prefix_path')
[0.199s] INFO:colcon.colcon_core.plugin_system:Skipping extension 'colcon_core.shell.bat': Not used on non-Windows systems
[0.199s] INFO:colcon.colcon_core.shell:Creating environment hook '/home/yj/桌面/ros2-rpi/install/gps_driver/share/gps_driver/hook/ament_prefix_path.ps1'
[0.200s] INFO:colcon.colcon_core.shell:Creating environment descriptor '/home/yj/桌面/ros2-rpi/install/gps_driver/share/gps_driver/hook/ament_prefix_path.dsv'
[0.200s] INFO:colcon.colcon_core.shell:Creating environment hook '/home/yj/桌面/ros2-rpi/install/gps_driver/share/gps_driver/hook/ament_prefix_path.sh'
[0.201s] INFO:colcon.colcon_core.shell:Skip shell extension 'powershell' for command environment: Not usable outside of PowerShell
[0.201s] DEBUG:colcon.colcon_core.shell:Skip shell extension 'dsv' for command environment
[0.205s] INFO:colcon.colcon_ros.task.ament_python.build:Building ROS package in '/home/yj/桌面/ros2-rpi/src/imu_driver' with build type 'ament_python'
[0.205s] Level 1:colcon.colcon_core.shell:create_environment_hook('imu_driver', 'ament_prefix_path')
[0.205s] INFO:colcon.colcon_core.shell:Creating environment hook '/home/yj/桌面/ros2-rpi/install/imu_driver/share/imu_driver/hook/ament_prefix_path.ps1'
[0.205s] INFO:colcon.colcon_core.shell:Creating environment descriptor '/home/yj/桌面/ros2-rpi/install/imu_driver/share/imu_driver/hook/ament_prefix_path.dsv'
[0.206s] INFO:colcon.colcon_core.shell:Creating environment hook '/home/yj/桌面/ros2-rpi/install/imu_driver/share/imu_driver/hook/ament_prefix_path.sh'
[0.206s] INFO:colcon.colcon_core.shell:Skip shell extension 'powershell' for command environment: Not usable outside of PowerShell
[0.206s] DEBUG:colcon.colcon_core.shell:Skip shell extension 'dsv' for command environment
[0.210s] INFO:colcon.colcon_ros.task.ament_python.build:Building ROS package in '/home/yj/桌面/ros2-rpi/src/launch_pkg' with build type 'ament_python'
[0.210s] Level 1:colcon.colcon_core.shell:create_environment_hook('launch_pkg', 'ament_prefix_path')
[0.210s] INFO:colcon.colcon_core.shell:Creating environment hook '/home/yj/桌面/ros2-rpi/install/launch_pkg/share/launch_pkg/hook/ament_prefix_path.ps1'
[0.211s] INFO:colcon.colcon_core.shell:Creating environment descriptor '/home/yj/桌面/ros2-rpi/install/launch_pkg/share/launch_pkg/hook/ament_prefix_path.dsv'
[0.211s] INFO:colcon.colcon_core.shell:Creating environment hook '/home/yj/桌面/ros2-rpi/install/launch_pkg/share/launch_pkg/hook/ament_prefix_path.sh'
[0.212s] INFO:colcon.colcon_core.shell:Skip shell extension 'powershell' for command environment: Not usable outside of PowerShell
[0.212s] DEBUG:colcon.colcon_core.shell:Skip shell extension 'dsv' for command environment
[0.216s] INFO:colcon.colcon_ros.task.ament_python.build:Building ROS package in '/home/yj/桌面/ros2-rpi/src/ros2_data_fusion' with build type 'ament_python'
[0.216s] Level 1:colcon.colcon_core.shell:create_environment_hook('ros2_data_fusion', 'ament_prefix_path')
[0.216s] INFO:colcon.colcon_core.shell:Creating environment hook '/home/yj/桌面/ros2-rpi/install/ros2_data_fusion/share/ros2_data_fusion/hook/ament_prefix_path.ps1'
[0.217s] INFO:colcon.colcon_core.shell:Creating environment descriptor '/home/yj/桌面/ros2-rpi/install/ros2_data_fusion/share/ros2_data_fusion/hook/ament_prefix_path.dsv'
[0.217s] INFO:colcon.colcon_core.shell:Creating environment hook '/home/yj/桌面/ros2-rpi/install/ros2_data_fusion/share/ros2_data_fusion/hook/ament_prefix_path.sh'
[0.218s] INFO:colcon.colcon_core.shell:Skip shell extension 'powershell' for command environment: Not usable outside of PowerShell
[0.218s] DEBUG:colcon.colcon_core.shell:Skip shell extension 'dsv' for command environment
[0.369s] INFO:colcon.colcon_core.task.python.build:Building Python package in '/home/yj/桌面/ros2-rpi/src/gps_driver'
[0.369s] INFO:colcon.colcon_core.shell:Skip shell extension 'powershell' for command environment: Not usable outside of PowerShell
[0.369s] DEBUG:colcon.colcon_core.shell:Skip shell extension 'dsv' for command environment
[0.523s] INFO:colcon.colcon_core.task.python.build:Building Python package in '/home/yj/桌面/ros2-rpi/src/imu_driver'
[0.523s] INFO:colcon.colcon_core.shell:Skip shell extension 'powershell' for command environment: Not usable outside of PowerShell
[0.523s] DEBUG:colcon.colcon_core.shell:Skip shell extension 'dsv' for command environment
[0.674s] INFO:colcon.colcon_core.task.python.build:Building Python package in '/home/yj/桌面/ros2-rpi/src/launch_pkg'
[0.675s] INFO:colcon.colcon_core.shell:Skip shell extension 'powershell' for command environment: Not usable outside of PowerShell
[0.675s] DEBUG:colcon.colcon_core.shell:Skip shell extension 'dsv' for command environment
[0.823s] INFO:colcon.colcon_core.task.python.build:Building Python package in '/home/yj/桌面/ros2-rpi/src/ros2_data_fusion'
[0.823s] INFO:colcon.colcon_core.shell:Skip shell extension 'powershell' for command environment: Not usable outside of PowerShell
[0.823s] DEBUG:colcon.colcon_core.shell:Skip shell extension 'dsv' for command environment
[1.261s] DEBUG:colcon.colcon_core.event_handler.log_command:Invoking command in '/home/yj/桌面/ros2-rpi/build/ros2_data_fusion': DEBUGINFOD_URLS=https://debuginfod.ubuntu.com PS1=(my_ros_env) \[\e]0;\u@\h: \w\a\]${debian_chroot:+($debian_chroot)}\[\033[01;32m\]\u@\h\[\033[00m\]:\[\033[01;34m\]\w\[\033[00m\]\$ PYTHONPATH=/home/yj/桌面/ros2-rpi/build/ros2_data_fusion/prefix_override:/usr/lib/python3/dist-packages/colcon_core/task/python/colcon_distutils_commands:/home/yj/桌面/ros2-rpi/install/ros2_data_fusion/lib/python3.12/site-packages:${PYTHONPATH} VIRTUAL_ENV_PROMPT=(my_ros_env) /usr/bin/python3 -W ignore:setup.py install is deprecated -W ignore:easy_install command is deprecated setup.py develop --editable --build-directory /home/yj/桌面/ros2-rpi/build/ros2_data_fusion/build --no-deps symlink_data
[1.288s] DEBUG:colcon.colcon_core.event_handler.log_command:Invoking command in '/home/yj/桌面/ros2-rpi/build/imu_driver': DEBUGINFOD_URLS=https://debuginfod.ubuntu.com PS1=(my_ros_env) \[\e]0;\u@\h: \w\a\]${debian_chroot:+($debian_chroot)}\[\033[01;32m\]\u@\h\[\033[00m\]:\[\033[01;34m\]\w\[\033[00m\]\$ PYTHONPATH=/home/yj/桌面/ros2-rpi/build/imu_driver/prefix_override:/usr/lib/python3/dist-packages/colcon_core/task/python/colcon_distutils_commands:/home/yj/桌面/ros2-rpi/install/imu_driver/lib/python3.12/site-packages:${PYTHONPATH} VIRTUAL_ENV_PROMPT=(my_ros_env) /usr/bin/python3 -W ignore:setup.py install is deprecated -W ignore:easy_install command is deprecated setup.py develop --editable --build-directory /home/yj/桌面/ros2-rpi/build/imu_driver/build --no-deps symlink_data
[1.292s] DEBUG:colcon.colcon_core.event_handler.log_command:Invoking command in '/home/yj/桌面/ros2-rpi/build/gps_driver': DEBUGINFOD_URLS=https://debuginfod.ubuntu.com PS1=(my_ros_env) \[\e]0;\u@\h: \w\a\]${debian_chroot:+($debian_chroot)}\[\033[01;32m\]\u@\h\[\033[00m\]:\[\033[01;34m\]\w\[\033[00m\]\$ PYTHONPATH=/home/yj/桌面/ros2-rpi/build/gps_driver/prefix_override:/usr/lib/python3/dist-packages/colcon_core/task/python/colcon_distutils_commands:/home/yj/桌面/ros2-rpi/install/gps_driver/lib/python3.12/site-packages:${PYTHONPATH} VIRTUAL_ENV_PROMPT=(my_ros_env) /usr/bin/python3 -W ignore:setup.py install is deprecated -W ignore:easy_install command is deprecated setup.py develop --editable --build-directory /home/yj/桌面/ros2-rpi/build/gps_driver/build --no-deps symlink_data
[1.305s] DEBUG:colcon.colcon_core.event_handler.log_command:Invoking command in '/home/yj/桌面/ros2-rpi/build/launch_pkg': DEBUGINFOD_URLS=https://debuginfod.ubuntu.com PS1=(my_ros_env) \[\e]0;\u@\h: \w\a\]${debian_chroot:+($debian_chroot)}\[\033[01;32m\]\u@\h\[\033[00m\]:\[\033[01;34m\]\w\[\033[00m\]\$ PYTHONPATH=/home/yj/桌面/ros2-rpi/build/launch_pkg/prefix_override:/usr/lib/python3/dist-packages/colcon_core/task/python/colcon_distutils_commands:/home/yj/桌面/ros2-rpi/install/launch_pkg/lib/python3.12/site-packages:${PYTHONPATH} VIRTUAL_ENV_PROMPT=(my_ros_env) /usr/bin/python3 -W ignore:setup.py install is deprecated -W ignore:easy_install command is deprecated setup.py develop --editable --build-directory /home/yj/桌面/ros2-rpi/build/launch_pkg/build --no-deps symlink_data
[1.752s] Level 1:colcon.colcon_core.shell:create_environment_hook('ros2_data_fusion', 'pythonpath_develop')
[1.752s] INFO:colcon.colcon_core.shell:Creating environment hook '/home/yj/桌面/ros2-rpi/build/ros2_data_fusion/share/ros2_data_fusion/hook/pythonpath_develop.ps1'
[1.753s] INFO:colcon.colcon_core.shell:Creating environment descriptor '/home/yj/桌面/ros2-rpi/build/ros2_data_fusion/share/ros2_data_fusion/hook/pythonpath_develop.dsv'
[1.753s] DEBUG:colcon.colcon_core.event_handler.log_command:Invoked command in '/home/yj/桌面/ros2-rpi/build/ros2_data_fusion' returned '0': DEBUGINFOD_URLS=https://debuginfod.ubuntu.com PS1=(my_ros_env) \[\e]0;\u@\h: \w\a\]${debian_chroot:+($debian_chroot)}\[\033[01;32m\]\u@\h\[\033[00m\]:\[\033[01;34m\]\w\[\033[00m\]\$ PYTHONPATH=/home/yj/桌面/ros2-rpi/build/ros2_data_fusion/prefix_override:/usr/lib/python3/dist-packages/colcon_core/task/python/colcon_distutils_commands:/home/yj/桌面/ros2-rpi/install/ros2_data_fusion/lib/python3.12/site-packages:${PYTHONPATH} VIRTUAL_ENV_PROMPT=(my_ros_env) /usr/bin/python3 -W ignore:setup.py install is deprecated -W ignore:easy_install command is deprecated setup.py develop --editable --build-directory /home/yj/桌面/ros2-rpi/build/ros2_data_fusion/build --no-deps symlink_data
[1.754s] INFO:colcon.colcon_core.shell:Creating environment hook '/home/yj/桌面/ros2-rpi/build/ros2_data_fusion/share/ros2_data_fusion/hook/pythonpath_develop.sh'
[1.756s] Level 1:colcon.colcon_core.environment:checking '/home/yj/桌面/ros2-rpi/install/ros2_data_fusion' for CMake module files
[1.756s] Level 1:colcon.colcon_core.environment:checking '/home/yj/桌面/ros2-rpi/install/ros2_data_fusion' for CMake config files
[1.756s] Level 1:colcon.colcon_core.environment:checking '/home/yj/桌面/ros2-rpi/install/ros2_data_fusion/lib'
[1.757s] Level 1:colcon.colcon_core.environment:checking '/home/yj/桌面/ros2-rpi/install/ros2_data_fusion/bin'
[1.757s] Level 1:colcon.colcon_core.environment:checking '/home/yj/桌面/ros2-rpi/install/ros2_data_fusion/lib/pkgconfig/ros2_data_fusion.pc'
[1.757s] Level 1:colcon.colcon_core.environment:checking '/home/yj/桌面/ros2-rpi/install/ros2_data_fusion/lib/python3.12/site-packages'
[1.757s] Level 1:colcon.colcon_core.shell:create_environment_hook('ros2_data_fusion', 'pythonpath')
[1.757s] INFO:colcon.colcon_core.shell:Creating environment hook '/home/yj/桌面/ros2-rpi/install/ros2_data_fusion/share/ros2_data_fusion/hook/pythonpath.ps1'
[1.758s] INFO:colcon.colcon_core.shell:Creating environment descriptor '/home/yj/桌面/ros2-rpi/install/ros2_data_fusion/share/ros2_data_fusion/hook/pythonpath.dsv'
[1.759s] INFO:colcon.colcon_core.shell:Creating environment hook '/home/yj/桌面/ros2-rpi/install/ros2_data_fusion/share/ros2_data_fusion/hook/pythonpath.sh'
[1.759s] Level 1:colcon.colcon_core.environment:checking '/home/yj/桌面/ros2-rpi/install/ros2_data_fusion/bin'
[1.759s] Level 1:colcon.colcon_core.environment:create_environment_scripts_only(ros2_data_fusion)
[1.759s] INFO:colcon.colcon_core.shell:Creating package script '/home/yj/桌面/ros2-rpi/install/ros2_data_fusion/share/ros2_data_fusion/package.ps1'
[1.760s] INFO:colcon.colcon_core.shell:Creating package descriptor '/home/yj/桌面/ros2-rpi/install/ros2_data_fusion/share/ros2_data_fusion/package.dsv'
[1.760s] INFO:colcon.colcon_core.shell:Creating package script '/home/yj/桌面/ros2-rpi/install/ros2_data_fusion/share/ros2_data_fusion/package.sh'
[1.761s] INFO:colcon.colcon_core.shell:Creating package script '/home/yj/桌面/ros2-rpi/install/ros2_data_fusion/share/ros2_data_fusion/package.bash'
[1.762s] INFO:colcon.colcon_core.shell:Creating package script '/home/yj/桌面/ros2-rpi/install/ros2_data_fusion/share/ros2_data_fusion/package.zsh'
[1.762s] Level 1:colcon.colcon_core.environment:create_file_with_runtime_dependencies(/home/yj/桌面/ros2-rpi/install/ros2_data_fusion/share/colcon-core/packages/ros2_data_fusion)
[1.764s] INFO:colcon.colcon_ros.task.ament_python.build:Building ROS package in '/home/yj/桌面/ros2-rpi/src/ros2_serial_bridge' with build type 'ament_python'
[1.764s] Level 1:colcon.colcon_core.shell:create_environment_hook('ros2_serial_bridge', 'ament_prefix_path')
[1.764s] INFO:colcon.colcon_core.shell:Creating environment hook '/home/yj/桌面/ros2-rpi/install/ros2_serial_bridge/share/ros2_serial_bridge/hook/ament_prefix_path.ps1'
[1.764s] INFO:colcon.colcon_core.shell:Creating environment descriptor '/home/yj/桌面/ros2-rpi/install/ros2_serial_bridge/share/ros2_serial_bridge/hook/ament_prefix_path.dsv'
[1.765s] INFO:colcon.colcon_core.shell:Creating environment hook '/home/yj/桌面/ros2-rpi/install/ros2_serial_bridge/share/ros2_serial_bridge/hook/ament_prefix_path.sh'
[1.765s] INFO:colcon.colcon_core.shell:Skip shell extension 'powershell' for command environment: Not usable outside of PowerShell
[1.765s] DEBUG:colcon.colcon_core.shell:Skip shell extension 'dsv' for command environment
[1.922s] INFO:colcon.colcon_core.task.python.build:Building Python package in '/home/yj/桌面/ros2-rpi/src/ros2_serial_bridge'
[1.922s] INFO:colcon.colcon_core.shell:Skip shell extension 'powershell' for command environment: Not usable outside of PowerShell
[1.922s] DEBUG:colcon.colcon_core.shell:Skip shell extension 'dsv' for command environment
[1.927s] Level 1:colcon.colcon_core.shell:create_environment_hook('imu_driver', 'pythonpath_develop')
[1.927s] INFO:colcon.colcon_core.shell:Creating environment hook '/home/yj/桌面/ros2-rpi/build/imu_driver/share/imu_driver/hook/pythonpath_develop.ps1'
[1.929s] DEBUG:colcon.colcon_core.event_handler.log_command:Invoked command in '/home/yj/桌面/ros2-rpi/build/imu_driver' returned '0': DEBUGINFOD_URLS=https://debuginfod.ubuntu.com PS1=(my_ros_env) \[\e]0;\u@\h: \w\a\]${debian_chroot:+($debian_chroot)}\[\033[01;32m\]\u@\h\[\033[00m\]:\[\033[01;34m\]\w\[\033[00m\]\$ PYTHONPATH=/home/yj/桌面/ros2-rpi/build/imu_driver/prefix_override:/usr/lib/python3/dist-packages/colcon_core/task/python/colcon_distutils_commands:/home/yj/桌面/ros2-rpi/install/imu_driver/lib/python3.12/site-packages:${PYTHONPATH} VIRTUAL_ENV_PROMPT=(my_ros_env) /usr/bin/python3 -W ignore:setup.py install is deprecated -W ignore:easy_install command is deprecated setup.py develop --editable --build-directory /home/yj/桌面/ros2-rpi/build/imu_driver/build --no-deps symlink_data
[1.929s] INFO:colcon.colcon_core.shell:Creating environment descriptor '/home/yj/桌面/ros2-rpi/build/imu_driver/share/imu_driver/hook/pythonpath_develop.dsv'
[1.930s] INFO:colcon.colcon_core.shell:Creating environment hook '/home/yj/桌面/ros2-rpi/build/imu_driver/share/imu_driver/hook/pythonpath_develop.sh'
[1.930s] Level 1:colcon.colcon_core.environment:checking '/home/yj/桌面/ros2-rpi/install/imu_driver' for CMake module files
[1.930s] Level 1:colcon.colcon_core.environment:checking '/home/yj/桌面/ros2-rpi/install/imu_driver' for CMake config files
[1.931s] Level 1:colcon.colcon_core.environment:checking '/home/yj/桌面/ros2-rpi/install/imu_driver/lib'
[1.931s] Level 1:colcon.colcon_core.environment:checking '/home/yj/桌面/ros2-rpi/install/imu_driver/bin'
[1.931s] Level 1:colcon.colcon_core.environment:checking '/home/yj/桌面/ros2-rpi/install/imu_driver/lib/pkgconfig/imu_driver.pc'
[1.931s] Level 1:colcon.colcon_core.environment:checking '/home/yj/桌面/ros2-rpi/install/imu_driver/lib/python3.12/site-packages'
[1.931s] Level 1:colcon.colcon_core.shell:create_environment_hook('imu_driver', 'pythonpath')
[1.931s] INFO:colcon.colcon_core.shell:Creating environment hook '/home/yj/桌面/ros2-rpi/install/imu_driver/share/imu_driver/hook/pythonpath.ps1'
[1.931s] INFO:colcon.colcon_core.shell:Creating environment descriptor '/home/yj/桌面/ros2-rpi/install/imu_driver/share/imu_driver/hook/pythonpath.dsv'
[1.932s] INFO:colcon.colcon_core.shell:Creating environment hook '/home/yj/桌面/ros2-rpi/install/imu_driver/share/imu_driver/hook/pythonpath.sh'
[1.932s] Level 1:colcon.colcon_core.environment:checking '/home/yj/桌面/ros2-rpi/install/imu_driver/bin'
[1.932s] Level 1:colcon.colcon_core.environment:create_environment_scripts_only(imu_driver)
[1.932s] INFO:colcon.colcon_core.shell:Creating package script '/home/yj/桌面/ros2-rpi/install/imu_driver/share/imu_driver/package.ps1'
[1.933s] INFO:colcon.colcon_core.shell:Creating package descriptor '/home/yj/桌面/ros2-rpi/install/imu_driver/share/imu_driver/package.dsv'
[1.933s] INFO:colcon.colcon_core.shell:Creating package script '/home/yj/桌面/ros2-rpi/install/imu_driver/share/imu_driver/package.sh'
[1.934s] INFO:colcon.colcon_core.shell:Creating package script '/home/yj/桌面/ros2-rpi/install/imu_driver/share/imu_driver/package.bash'
[1.934s] INFO:colcon.colcon_core.shell:Creating package script '/home/yj/桌面/ros2-rpi/install/imu_driver/share/imu_driver/package.zsh'
[1.934s] Level 1:colcon.colcon_core.environment:create_file_with_runtime_dependencies(/home/yj/桌面/ros2-rpi/install/imu_driver/share/colcon-core/packages/imu_driver)
[1.935s] INFO:colcon.colcon_ros.task.ament_python.build:Building ROS package in '/home/yj/桌面/ros2-rpi/src/sciroad1' with build type 'ament_python'
[1.935s] Level 1:colcon.colcon_core.shell:create_environment_hook('sciroad1', 'ament_prefix_path')
[1.935s] INFO:colcon.colcon_core.shell:Creating environment hook '/home/yj/桌面/ros2-rpi/install/sciroad1/share/sciroad1/hook/ament_prefix_path.ps1'
[1.936s] INFO:colcon.colcon_core.shell:Creating environment descriptor '/home/yj/桌面/ros2-rpi/install/sciroad1/share/sciroad1/hook/ament_prefix_path.dsv'
[1.937s] INFO:colcon.colcon_core.shell:Creating environment hook '/home/yj/桌面/ros2-rpi/install/sciroad1/share/sciroad1/hook/ament_prefix_path.sh'
[1.938s] INFO:colcon.colcon_core.shell:Skip shell extension 'powershell' for command environment: Not usable outside of PowerShell
[1.938s] DEBUG:colcon.colcon_core.shell:Skip shell extension 'dsv' for command environment
[1.942s] Level 1:colcon.colcon_core.shell:create_environment_hook('gps_driver', 'pythonpath_develop')
[1.942s] INFO:colcon.colcon_core.shell:Creating environment hook '/home/yj/桌面/ros2-rpi/build/gps_driver/share/gps_driver/hook/pythonpath_develop.ps1'
[1.942s] DEBUG:colcon.colcon_core.event_handler.log_command:Invoked command in '/home/yj/桌面/ros2-rpi/build/gps_driver' returned '0': DEBUGINFOD_URLS=https://debuginfod.ubuntu.com PS1=(my_ros_env) \[\e]0;\u@\h: \w\a\]${debian_chroot:+($debian_chroot)}\[\033[01;32m\]\u@\h\[\033[00m\]:\[\033[01;34m\]\w\[\033[00m\]\$ PYTHONPATH=/home/yj/桌面/ros2-rpi/build/gps_driver/prefix_override:/usr/lib/python3/dist-packages/colcon_core/task/python/colcon_distutils_commands:/home/yj/桌面/ros2-rpi/install/gps_driver/lib/python3.12/site-packages:${PYTHONPATH} VIRTUAL_ENV_PROMPT=(my_ros_env) /usr/bin/python3 -W ignore:setup.py install is deprecated -W ignore:easy_install command is deprecated setup.py develop --editable --build-directory /home/yj/桌面/ros2-rpi/build/gps_driver/build --no-deps symlink_data
[1.943s] INFO:colcon.colcon_core.shell:Creating environment descriptor '/home/yj/桌面/ros2-rpi/build/gps_driver/share/gps_driver/hook/pythonpath_develop.dsv'
[1.943s] INFO:colcon.colcon_core.shell:Creating environment hook '/home/yj/桌面/ros2-rpi/build/gps_driver/share/gps_driver/hook/pythonpath_develop.sh'
[1.944s] Level 1:colcon.colcon_core.environment:checking '/home/yj/桌面/ros2-rpi/install/gps_driver' for CMake module files
[1.944s] Level 1:colcon.colcon_core.environment:checking '/home/yj/桌面/ros2-rpi/install/gps_driver' for CMake config files
[1.944s] Level 1:colcon.colcon_core.environment:checking '/home/yj/桌面/ros2-rpi/install/gps_driver/lib'
[1.944s] Level 1:colcon.colcon_core.environment:checking '/home/yj/桌面/ros2-rpi/install/gps_driver/bin'
[1.944s] Level 1:colcon.colcon_core.environment:checking '/home/yj/桌面/ros2-rpi/install/gps_driver/lib/pkgconfig/gps_driver.pc'
[1.944s] Level 1:colcon.colcon_core.environment:checking '/home/yj/桌面/ros2-rpi/install/gps_driver/lib/python3.12/site-packages'
[1.944s] Level 1:colcon.colcon_core.shell:create_environment_hook('gps_driver', 'pythonpath')
[1.945s] INFO:colcon.colcon_core.shell:Creating environment hook '/home/yj/桌面/ros2-rpi/install/gps_driver/share/gps_driver/hook/pythonpath.ps1'
[1.945s] INFO:colcon.colcon_core.shell:Creating environment descriptor '/home/yj/桌面/ros2-rpi/install/gps_driver/share/gps_driver/hook/pythonpath.dsv'
[1.945s] INFO:colcon.colcon_core.shell:Creating environment hook '/home/yj/桌面/ros2-rpi/install/gps_driver/share/gps_driver/hook/pythonpath.sh'
[1.946s] Level 1:colcon.colcon_core.environment:checking '/home/yj/桌面/ros2-rpi/install/gps_driver/bin'
[1.946s] Level 1:colcon.colcon_core.environment:create_environment_scripts_only(gps_driver)
[1.946s] INFO:colcon.colcon_core.shell:Creating package script '/home/yj/桌面/ros2-rpi/install/gps_driver/share/gps_driver/package.ps1'
[1.946s] INFO:colcon.colcon_core.shell:Creating package descriptor '/home/yj/桌面/ros2-rpi/install/gps_driver/share/gps_driver/package.dsv'
[1.947s] INFO:colcon.colcon_core.shell:Creating package script '/home/yj/桌面/ros2-rpi/install/gps_driver/share/gps_driver/package.sh'
[1.947s] INFO:colcon.colcon_core.shell:Creating package script '/home/yj/桌面/ros2-rpi/install/gps_driver/share/gps_driver/package.bash'
[1.947s] INFO:colcon.colcon_core.shell:Creating package script '/home/yj/桌面/ros2-rpi/install/gps_driver/share/gps_driver/package.zsh'
[1.948s] Level 1:colcon.colcon_core.environment:create_file_with_runtime_dependencies(/home/yj/桌面/ros2-rpi/install/gps_driver/share/colcon-core/packages/gps_driver)
[1.948s] Level 1:colcon.colcon_core.shell:create_environment_hook('launch_pkg', 'pythonpath_develop')
[1.948s] INFO:colcon.colcon_core.shell:Creating environment hook '/home/yj/桌面/ros2-rpi/build/launch_pkg/share/launch_pkg/hook/pythonpath_develop.ps1'
[1.949s] DEBUG:colcon.colcon_core.event_handler.log_command:Invoked command in '/home/yj/桌面/ros2-rpi/build/launch_pkg' returned '0': DEBUGINFOD_URLS=https://debuginfod.ubuntu.com PS1=(my_ros_env) \[\e]0;\u@\h: \w\a\]${debian_chroot:+($debian_chroot)}\[\033[01;32m\]\u@\h\[\033[00m\]:\[\033[01;34m\]\w\[\033[00m\]\$ PYTHONPATH=/home/yj/桌面/ros2-rpi/build/launch_pkg/prefix_override:/usr/lib/python3/dist-packages/colcon_core/task/python/colcon_distutils_commands:/home/yj/桌面/ros2-rpi/install/launch_pkg/lib/python3.12/site-packages:${PYTHONPATH} VIRTUAL_ENV_PROMPT=(my_ros_env) /usr/bin/python3 -W ignore:setup.py install is deprecated -W ignore:easy_install command is deprecated setup.py develop --editable --build-directory /home/yj/桌面/ros2-rpi/build/launch_pkg/build --no-deps symlink_data
[1.949s] INFO:colcon.colcon_core.shell:Creating environment descriptor '/home/yj/桌面/ros2-rpi/build/launch_pkg/share/launch_pkg/hook/pythonpath_develop.dsv'
[1.950s] INFO:colcon.colcon_core.shell:Creating environment hook '/home/yj/桌面/ros2-rpi/build/launch_pkg/share/launch_pkg/hook/pythonpath_develop.sh'
[1.950s] Level 1:colcon.colcon_core.environment:checking '/home/yj/桌面/ros2-rpi/install/launch_pkg' for CMake module files
[1.951s] Level 1:colcon.colcon_core.environment:checking '/home/yj/桌面/ros2-rpi/install/launch_pkg' for CMake config files
[1.951s] Level 1:colcon.colcon_core.environment:checking '/home/yj/桌面/ros2-rpi/install/launch_pkg/lib'
[1.951s] Level 1:colcon.colcon_core.environment:checking '/home/yj/桌面/ros2-rpi/install/launch_pkg/bin'
[1.951s] Level 1:colcon.colcon_core.environment:checking '/home/yj/桌面/ros2-rpi/install/launch_pkg/lib/pkgconfig/launch_pkg.pc'
[1.951s] Level 1:colcon.colcon_core.environment:checking '/home/yj/桌面/ros2-rpi/install/launch_pkg/lib/python3.12/site-packages'
[1.951s] Level 1:colcon.colcon_core.shell:create_environment_hook('launch_pkg', 'pythonpath')
[1.951s] INFO:colcon.colcon_core.shell:Creating environment hook '/home/yj/桌面/ros2-rpi/install/launch_pkg/share/launch_pkg/hook/pythonpath.ps1'
[1.952s] INFO:colcon.colcon_core.shell:Creating environment descriptor '/home/yj/桌面/ros2-rpi/install/launch_pkg/share/launch_pkg/hook/pythonpath.dsv'
[1.952s] INFO:colcon.colcon_core.shell:Creating environment hook '/home/yj/桌面/ros2-rpi/install/launch_pkg/share/launch_pkg/hook/pythonpath.sh'
[1.953s] Level 1:colcon.colcon_core.environment:checking '/home/yj/桌面/ros2-rpi/install/launch_pkg/bin'
[1.953s] Level 1:colcon.colcon_core.environment:create_environment_scripts_only(launch_pkg)
[1.953s] INFO:colcon.colcon_core.shell:Creating package script '/home/yj/桌面/ros2-rpi/install/launch_pkg/share/launch_pkg/package.ps1'
[1.953s] INFO:colcon.colcon_core.shell:Creating package descriptor '/home/yj/桌面/ros2-rpi/install/launch_pkg/share/launch_pkg/package.dsv'
[1.954s] INFO:colcon.colcon_core.shell:Creating package script '/home/yj/桌面/ros2-rpi/install/launch_pkg/share/launch_pkg/package.sh'
[1.954s] INFO:colcon.colcon_core.shell:Creating package script '/home/yj/桌面/ros2-rpi/install/launch_pkg/share/launch_pkg/package.bash'
[1.954s] INFO:colcon.colcon_core.shell:Creating package script '/home/yj/桌面/ros2-rpi/install/launch_pkg/share/launch_pkg/package.zsh'
[1.955s] Level 1:colcon.colcon_core.environment:create_file_with_runtime_dependencies(/home/yj/桌面/ros2-rpi/install/launch_pkg/share/colcon-core/packages/launch_pkg)
[2.107s] INFO:colcon.colcon_core.task.python.build:Building Python package in '/home/yj/桌面/ros2-rpi/src/sciroad1'
[2.107s] INFO:colcon.colcon_core.shell:Skip shell extension 'powershell' for command environment: Not usable outside of PowerShell
[2.107s] DEBUG:colcon.colcon_core.shell:Skip shell extension 'dsv' for command environment
[2.362s] DEBUG:colcon.colcon_core.event_handler.log_command:Invoking command in '/home/yj/桌面/ros2-rpi/build/ros2_serial_bridge': DEBUGINFOD_URLS=https://debuginfod.ubuntu.com PS1=(my_ros_env) \[\e]0;\u@\h: \w\a\]${debian_chroot:+($debian_chroot)}\[\033[01;32m\]\u@\h\[\033[00m\]:\[\033[01;34m\]\w\[\033[00m\]\$ PYTHONPATH=/home/yj/桌面/ros2-rpi/build/ros2_serial_bridge/prefix_override:/usr/lib/python3/dist-packages/colcon_core/task/python/colcon_distutils_commands:/home/yj/桌面/ros2-rpi/install/ros2_serial_bridge/lib/python3.12/site-packages:${PYTHONPATH} VIRTUAL_ENV_PROMPT=(my_ros_env) /usr/bin/python3 -W ignore:setup.py install is deprecated -W ignore:easy_install command is deprecated setup.py develop --editable --build-directory /home/yj/桌面/ros2-rpi/build/ros2_serial_bridge/build --no-deps symlink_data
[2.532s] DEBUG:colcon.colcon_core.event_handler.log_command:Invoking command in '/home/yj/桌面/ros2-rpi/build/sciroad1': DEBUGINFOD_URLS=https://debuginfod.ubuntu.com PS1=(my_ros_env) \[\e]0;\u@\h: \w\a\]${debian_chroot:+($debian_chroot)}\[\033[01;32m\]\u@\h\[\033[00m\]:\[\033[01;34m\]\w\[\033[00m\]\$ PYTHONPATH=/home/yj/桌面/ros2-rpi/build/sciroad1/prefix_override:/usr/lib/python3/dist-packages/colcon_core/task/python/colcon_distutils_commands:/home/yj/桌面/ros2-rpi/install/sciroad1/lib/python3.12/site-packages:${PYTHONPATH} VIRTUAL_ENV_PROMPT=(my_ros_env) /usr/bin/python3 -W ignore:setup.py install is deprecated -W ignore:easy_install command is deprecated setup.py develop --editable --build-directory /home/yj/桌面/ros2-rpi/build/sciroad1/build --no-deps symlink_data
[2.794s] Level 1:colcon.colcon_core.shell:create_environment_hook('ros2_serial_bridge', 'pythonpath_develop')
[2.794s] INFO:colcon.colcon_core.shell:Creating environment hook '/home/yj/桌面/ros2-rpi/build/ros2_serial_bridge/share/ros2_serial_bridge/hook/pythonpath_develop.ps1'
[2.795s] INFO:colcon.colcon_core.shell:Creating environment descriptor '/home/yj/桌面/ros2-rpi/build/ros2_serial_bridge/share/ros2_serial_bridge/hook/pythonpath_develop.dsv'
[2.795s] DEBUG:colcon.colcon_core.event_handler.log_command:Invoked command in '/home/yj/桌面/ros2-rpi/build/ros2_serial_bridge' returned '0': DEBUGINFOD_URLS=https://debuginfod.ubuntu.com PS1=(my_ros_env) \[\e]0;\u@\h: \w\a\]${debian_chroot:+($debian_chroot)}\[\033[01;32m\]\u@\h\[\033[00m\]:\[\033[01;34m\]\w\[\033[00m\]\$ PYTHONPATH=/home/yj/桌面/ros2-rpi/build/ros2_serial_bridge/prefix_override:/usr/lib/python3/dist-packages/colcon_core/task/python/colcon_distutils_commands:/home/yj/桌面/ros2-rpi/install/ros2_serial_bridge/lib/python3.12/site-packages:${PYTHONPATH} VIRTUAL_ENV_PROMPT=(my_ros_env) /usr/bin/python3 -W ignore:setup.py install is deprecated -W ignore:easy_install command is deprecated setup.py develop --editable --build-directory /home/yj/桌面/ros2-rpi/build/ros2_serial_bridge/build --no-deps symlink_data
[2.796s] INFO:colcon.colcon_core.shell:Creating environment hook '/home/yj/桌面/ros2-rpi/build/ros2_serial_bridge/share/ros2_serial_bridge/hook/pythonpath_develop.sh'
[2.796s] Level 1:colcon.colcon_core.environment:checking '/home/yj/桌面/ros2-rpi/install/ros2_serial_bridge' for CMake module files
[2.796s] Level 1:colcon.colcon_core.environment:checking '/home/yj/桌面/ros2-rpi/install/ros2_serial_bridge' for CMake config files
[2.797s] Level 1:colcon.colcon_core.environment:checking '/home/yj/桌面/ros2-rpi/install/ros2_serial_bridge/lib'
[2.797s] Level 1:colcon.colcon_core.environment:checking '/home/yj/桌面/ros2-rpi/install/ros2_serial_bridge/bin'
[2.797s] Level 1:colcon.colcon_core.environment:checking '/home/yj/桌面/ros2-rpi/install/ros2_serial_bridge/lib/pkgconfig/ros2_serial_bridge.pc'
[2.797s] Level 1:colcon.colcon_core.environment:checking '/home/yj/桌面/ros2-rpi/install/ros2_serial_bridge/lib/python3.12/site-packages'
[2.797s] Level 1:colcon.colcon_core.shell:create_environment_hook('ros2_serial_bridge', 'pythonpath')
[2.797s] INFO:colcon.colcon_core.shell:Creating environment hook '/home/yj/桌面/ros2-rpi/install/ros2_serial_bridge/share/ros2_serial_bridge/hook/pythonpath.ps1'
[2.797s] INFO:colcon.colcon_core.shell:Creating environment descriptor '/home/yj/桌面/ros2-rpi/install/ros2_serial_bridge/share/ros2_serial_bridge/hook/pythonpath.dsv'
[2.798s] INFO:colcon.colcon_core.shell:Creating environment hook '/home/yj/桌面/ros2-rpi/install/ros2_serial_bridge/share/ros2_serial_bridge/hook/pythonpath.sh'
[2.798s] Level 1:colcon.colcon_core.environment:checking '/home/yj/桌面/ros2-rpi/install/ros2_serial_bridge/bin'
[2.798s] Level 1:colcon.colcon_core.environment:create_environment_scripts_only(ros2_serial_bridge)
[2.798s] INFO:colcon.colcon_core.shell:Creating package script '/home/yj/桌面/ros2-rpi/install/ros2_serial_bridge/share/ros2_serial_bridge/package.ps1'
[2.799s] INFO:colcon.colcon_core.shell:Creating package descriptor '/home/yj/桌面/ros2-rpi/install/ros2_serial_bridge/share/ros2_serial_bridge/package.dsv'
[2.799s] INFO:colcon.colcon_core.shell:Creating package script '/home/yj/桌面/ros2-rpi/install/ros2_serial_bridge/share/ros2_serial_bridge/package.sh'
[2.800s] INFO:colcon.colcon_core.shell:Creating package script '/home/yj/桌面/ros2-rpi/install/ros2_serial_bridge/share/ros2_serial_bridge/package.bash'
[2.800s] INFO:colcon.colcon_core.shell:Creating package script '/home/yj/桌面/ros2-rpi/install/ros2_serial_bridge/share/ros2_serial_bridge/package.zsh'
[2.800s] Level 1:colcon.colcon_core.environment:create_file_with_runtime_dependencies(/home/yj/桌面/ros2-rpi/install/ros2_serial_bridge/share/colcon-core/packages/ros2_serial_bridge)
[2.992s] Level 1:colcon.colcon_core.shell:create_environment_hook('sciroad1', 'pythonpath_develop')
[2.993s] INFO:colcon.colcon_core.shell:Creating environment hook '/home/yj/桌面/ros2-rpi/build/sciroad1/share/sciroad1/hook/pythonpath_develop.ps1'
[2.993s] DEBUG:colcon.colcon_core.event_handler.log_command:Invoked command in '/home/yj/桌面/ros2-rpi/build/sciroad1' returned '0': DEBUGINFOD_URLS=https://debuginfod.ubuntu.com PS1=(my_ros_env) \[\e]0;\u@\h: \w\a\]${debian_chroot:+($debian_chroot)}\[\033[01;32m\]\u@\h\[\033[00m\]:\[\033[01;34m\]\w\[\033[00m\]\$ PYTHONPATH=/home/yj/桌面/ros2-rpi/build/sciroad1/prefix_override:/usr/lib/python3/dist-packages/colcon_core/task/python/colcon_distutils_commands:/home/yj/桌面/ros2-rpi/install/sciroad1/lib/python3.12/site-packages:${PYTHONPATH} VIRTUAL_ENV_PROMPT=(my_ros_env) /usr/bin/python3 -W ignore:setup.py install is deprecated -W ignore:easy_install command is deprecated setup.py develop --editable --build-directory /home/yj/桌面/ros2-rpi/build/sciroad1/build --no-deps symlink_data
[2.994s] INFO:colcon.colcon_core.shell:Creating environment descriptor '/home/yj/桌面/ros2-rpi/build/sciroad1/share/sciroad1/hook/pythonpath_develop.dsv'
[2.994s] INFO:colcon.colcon_core.shell:Creating environment hook '/home/yj/桌面/ros2-rpi/build/sciroad1/share/sciroad1/hook/pythonpath_develop.sh'
[2.995s] Level 1:colcon.colcon_core.environment:checking '/home/yj/桌面/ros2-rpi/install/sciroad1' for CMake module files
[2.995s] Level 1:colcon.colcon_core.environment:checking '/home/yj/桌面/ros2-rpi/install/sciroad1' for CMake config files
[2.995s] Level 1:colcon.colcon_core.environment:checking '/home/yj/桌面/ros2-rpi/install/sciroad1/lib'
[2.995s] Level 1:colcon.colcon_core.environment:checking '/home/yj/桌面/ros2-rpi/install/sciroad1/bin'
[2.996s] Level 1:colcon.colcon_core.environment:checking '/home/yj/桌面/ros2-rpi/install/sciroad1/lib/pkgconfig/sciroad1.pc'
[2.996s] Level 1:colcon.colcon_core.environment:checking '/home/yj/桌面/ros2-rpi/install/sciroad1/lib/python3.12/site-packages'
[2.996s] Level 1:colcon.colcon_core.shell:create_environment_hook('sciroad1', 'pythonpath')
[2.996s] INFO:colcon.colcon_core.shell:Creating environment hook '/home/yj/桌面/ros2-rpi/install/sciroad1/share/sciroad1/hook/pythonpath.ps1'
[2.996s] INFO:colcon.colcon_core.shell:Creating environment descriptor '/home/yj/桌面/ros2-rpi/install/sciroad1/share/sciroad1/hook/pythonpath.dsv'
[2.997s] INFO:colcon.colcon_core.shell:Creating environment hook '/home/yj/桌面/ros2-rpi/install/sciroad1/share/sciroad1/hook/pythonpath.sh'
[2.997s] Level 1:colcon.colcon_core.environment:checking '/home/yj/桌面/ros2-rpi/install/sciroad1/bin'
[2.997s] Level 1:colcon.colcon_core.environment:create_environment_scripts_only(sciroad1)
[2.998s] INFO:colcon.colcon_core.shell:Creating package script '/home/yj/桌面/ros2-rpi/install/sciroad1/share/sciroad1/package.ps1'
[2.998s] INFO:colcon.colcon_core.shell:Creating package descriptor '/home/yj/桌面/ros2-rpi/install/sciroad1/share/sciroad1/package.dsv'
[2.998s] INFO:colcon.colcon_core.shell:Creating package script '/home/yj/桌面/ros2-rpi/install/sciroad1/share/sciroad1/package.sh'
[2.999s] INFO:colcon.colcon_core.shell:Creating package script '/home/yj/桌面/ros2-rpi/install/sciroad1/share/sciroad1/package.bash'
[2.999s] INFO:colcon.colcon_core.shell:Creating package script '/home/yj/桌面/ros2-rpi/install/sciroad1/share/sciroad1/package.zsh'
[3.000s] Level 1:colcon.colcon_core.environment:create_file_with_runtime_dependencies(/home/yj/桌面/ros2-rpi/install/sciroad1/share/colcon-core/packages/sciroad1)
[3.000s] DEBUG:colcon.colcon_parallel_executor.executor.parallel:closing loop
[3.000s] DEBUG:colcon.colcon_parallel_executor.executor.parallel:loop closed
[3.000s] DEBUG:colcon.colcon_parallel_executor.executor.parallel:run_until_complete finished with '0'
[3.000s] DEBUG:colcon.colcon_core.event_reactor:joining thread
[3.006s] INFO:colcon.colcon_core.plugin_system:Skipping extension 'colcon_notification.desktop_notification.terminal_notifier': Not used on non-Darwin systems
[3.006s] INFO:colcon.colcon_core.plugin_system:Skipping extension 'colcon_notification.desktop_notification.win32': Not used on non-Windows systems
[3.006s] INFO:colcon.colcon_notification.desktop_notification:Sending desktop notification using 'notify2'
[3.016s] DEBUG:colcon.colcon_core.event_reactor:joined thread
[3.016s] INFO:colcon.colcon_core.shell:Creating prefix script '/home/yj/桌面/ros2-rpi/install/local_setup.ps1'
[3.017s] INFO:colcon.colcon_core.shell:Creating prefix util module '/home/yj/桌面/ros2-rpi/install/_local_setup_util_ps1.py'
[3.018s] INFO:colcon.colcon_core.shell:Creating prefix chain script '/home/yj/桌面/ros2-rpi/install/setup.ps1'
[3.020s] INFO:colcon.colcon_core.shell:Creating prefix script '/home/yj/桌面/ros2-rpi/install/local_setup.sh'
[3.020s] INFO:colcon.colcon_core.shell:Creating prefix util module '/home/yj/桌面/ros2-rpi/install/_local_setup_util_sh.py'
[3.021s] INFO:colcon.colcon_core.shell:Creating prefix chain script '/home/yj/桌面/ros2-rpi/install/setup.sh'
[3.022s] INFO:colcon.colcon_core.shell:Creating prefix script '/home/yj/桌面/ros2-rpi/install/local_setup.bash'
[3.022s] INFO:colcon.colcon_core.shell:Creating prefix chain script '/home/yj/桌面/ros2-rpi/install/setup.bash'
[3.024s] INFO:colcon.colcon_core.shell:Creating prefix script '/home/yj/桌面/ros2-rpi/install/local_setup.zsh'
[3.024s] INFO:colcon.colcon_core.shell:Creating prefix chain script '/home/yj/桌面/ros2-rpi/install/setup.zsh'
