running develop
running egg_info
creating gps_driver.egg-info
writing gps_driver.egg-info/PKG-INFO
writing dependency_links to gps_driver.egg-info/dependency_links.txt
writing entry points to gps_driver.egg-info/entry_points.txt
writing requirements to gps_driver.egg-info/requires.txt
writing top-level names to gps_driver.egg-info/top_level.txt
writing manifest file 'gps_driver.egg-info/SOURCES.txt'
reading manifest file 'gps_driver.egg-info/SOURCES.txt'
writing manifest file 'gps_driver.egg-info/SOURCES.txt'
running build_ext
Creating /home/yj/桌面/ros2-rpi/install/gps_driver/lib/python3.12/site-packages/gps-driver.egg-link (link to .)
Installing gps_node script to /home/yj/桌面/ros2-rpi/install/gps_driver/lib/gps_driver

Installed /home/yj/桌面/ros2-rpi/build/gps_driver
running symlink_data
creating /home/yj/桌面/ros2-rpi/install/gps_driver/share/ament_index
creating /home/yj/桌面/ros2-rpi/install/gps_driver/share/ament_index/resource_index
creating /home/yj/桌面/ros2-rpi/install/gps_driver/share/ament_index/resource_index/packages
symbolically linking /home/yj/桌面/ros2-rpi/build/gps_driver/resource/gps_driver -> /home/yj/桌面/ros2-rpi/install/gps_driver/share/ament_index/resource_index/packages
symbolically linking /home/yj/桌面/ros2-rpi/build/gps_driver/package.xml -> /home/yj/桌面/ros2-rpi/install/gps_driver/share/gps_driver
creating /home/yj/桌面/ros2-rpi/install/gps_driver/share/gps_driver/launch
symbolically linking /home/yj/桌面/ros2-rpi/build/gps_driver/launch/gps.launch.py -> /home/yj/桌面/ros2-rpi/install/gps_driver/share/gps_driver/launch
