[1.116s] Invoking command in '/home/yj/桌面/ros2-rpi/build/gps_driver': DEBUGINFOD_URLS=https://debuginfod.ubuntu.com PS1=(my_ros_env) \[\e]0;\u@\h: \w\a\]${debian_chroot:+($debian_chroot)}\[\033[01;32m\]\u@\h\[\033[00m\]:\[\033[01;34m\]\w\[\033[00m\]\$ PYTHONPATH=/home/yj/桌面/ros2-rpi/build/gps_driver/prefix_override:/usr/lib/python3/dist-packages/colcon_core/task/python/colcon_distutils_commands:/home/yj/桌面/ros2-rpi/install/gps_driver/lib/python3.12/site-packages:${PYTHONPATH} VIRTUAL_ENV_PROMPT=(my_ros_env) /usr/bin/python3 -W ignore:setup.py install is deprecated -W ignore:easy_install command is deprecated setup.py develop --editable --build-directory /home/yj/桌面/ros2-rpi/build/gps_driver/build --no-deps symlink_data
[1.402s] running develop
[1.546s] running egg_info
[1.547s] creating gps_driver.egg-info
[1.564s] writing gps_driver.egg-info/PKG-INFO
[1.564s] writing dependency_links to gps_driver.egg-info/dependency_links.txt
[1.565s] writing entry points to gps_driver.egg-info/entry_points.txt
[1.565s] writing requirements to gps_driver.egg-info/requires.txt
[1.565s] writing top-level names to gps_driver.egg-info/top_level.txt
[1.565s] writing manifest file 'gps_driver.egg-info/SOURCES.txt'
[1.592s] reading manifest file 'gps_driver.egg-info/SOURCES.txt'
[1.592s] writing manifest file 'gps_driver.egg-info/SOURCES.txt'
[1.608s] running build_ext
[1.608s] Creating /home/yj/桌面/ros2-rpi/install/gps_driver/lib/python3.12/site-packages/gps-driver.egg-link (link to .)
[1.608s] Installing gps_node script to /home/yj/桌面/ros2-rpi/install/gps_driver/lib/gps_driver
[1.609s] 
[1.609s] Installed /home/yj/桌面/ros2-rpi/build/gps_driver
[1.609s] running symlink_data
[1.611s] creating /home/yj/桌面/ros2-rpi/install/gps_driver/share/ament_index
[1.611s] creating /home/yj/桌面/ros2-rpi/install/gps_driver/share/ament_index/resource_index
[1.611s] creating /home/yj/桌面/ros2-rpi/install/gps_driver/share/ament_index/resource_index/packages
[1.611s] symbolically linking /home/yj/桌面/ros2-rpi/build/gps_driver/resource/gps_driver -> /home/yj/桌面/ros2-rpi/install/gps_driver/share/ament_index/resource_index/packages
[1.611s] symbolically linking /home/yj/桌面/ros2-rpi/build/gps_driver/package.xml -> /home/yj/桌面/ros2-rpi/install/gps_driver/share/gps_driver
[1.611s] creating /home/yj/桌面/ros2-rpi/install/gps_driver/share/gps_driver/launch
[1.611s] symbolically linking /home/yj/桌面/ros2-rpi/build/gps_driver/launch/gps.launch.py -> /home/yj/桌面/ros2-rpi/install/gps_driver/share/gps_driver/launch
[1.890s] Invoked command in '/home/yj/桌面/ros2-rpi/build/gps_driver' returned '0': DEBUGINFOD_URLS=https://debuginfod.ubuntu.com PS1=(my_ros_env) \[\e]0;\u@\h: \w\a\]${debian_chroot:+($debian_chroot)}\[\033[01;32m\]\u@\h\[\033[00m\]:\[\033[01;34m\]\w\[\033[00m\]\$ PYTHONPATH=/home/yj/桌面/ros2-rpi/build/gps_driver/prefix_override:/usr/lib/python3/dist-packages/colcon_core/task/python/colcon_distutils_commands:/home/yj/桌面/ros2-rpi/install/gps_driver/lib/python3.12/site-packages:${PYTHONPATH} VIRTUAL_ENV_PROMPT=(my_ros_env) /usr/bin/python3 -W ignore:setup.py install is deprecated -W ignore:easy_install command is deprecated setup.py develop --editable --build-directory /home/yj/桌面/ros2-rpi/build/gps_driver/build --no-deps symlink_data
