running develop
running egg_info
creating ros2_serial_bridge.egg-info
writing ros2_serial_bridge.egg-info/PKG-INFO
writing dependency_links to ros2_serial_bridge.egg-info/dependency_links.txt
writing entry points to ros2_serial_bridge.egg-info/entry_points.txt
writing requirements to ros2_serial_bridge.egg-info/requires.txt
writing top-level names to ros2_serial_bridge.egg-info/top_level.txt
writing manifest file 'ros2_serial_bridge.egg-info/SOURCES.txt'
reading manifest file 'ros2_serial_bridge.egg-info/SOURCES.txt'
writing manifest file 'ros2_serial_bridge.egg-info/SOURCES.txt'
running build_ext
Creating /home/yj/桌面/ros2-rpi/install/ros2_serial_bridge/lib/python3.12/site-packages/ros2-serial-bridge.egg-link (link to .)
Installing serial_bridge script to /home/yj/桌面/ros2-rpi/install/ros2_serial_bridge/lib/ros2_serial_bridge
Installing serial_bridge_yaw_node script to /home/yj/桌面/ros2-rpi/install/ros2_serial_bridge/lib/ros2_serial_bridge

Installed /home/yj/桌面/ros2-rpi/build/ros2_serial_bridge
running symlink_data
creating /home/yj/桌面/ros2-rpi/install/ros2_serial_bridge/share/ament_index
creating /home/yj/桌面/ros2-rpi/install/ros2_serial_bridge/share/ament_index/resource_index
creating /home/yj/桌面/ros2-rpi/install/ros2_serial_bridge/share/ament_index/resource_index/packages
symbolically linking /home/yj/桌面/ros2-rpi/build/ros2_serial_bridge/resource/ros2_serial_bridge -> /home/yj/桌面/ros2-rpi/install/ros2_serial_bridge/share/ament_index/resource_index/packages
symbolically linking /home/yj/桌面/ros2-rpi/build/ros2_serial_bridge/package.xml -> /home/yj/桌面/ros2-rpi/install/ros2_serial_bridge/share/ros2_serial_bridge
creating /home/yj/桌面/ros2-rpi/install/ros2_serial_bridge/share/ros2_serial_bridge/launch
symbolically linking /home/yj/桌面/ros2-rpi/build/ros2_serial_bridge/launch/serial_bridge.launch.py -> /home/yj/桌面/ros2-rpi/install/ros2_serial_bridge/share/ros2_serial_bridge/launch
