[0.749s] Invoking command in '/home/yj/桌面/ros2-rpi/build/ros2_serial_bridge': DEBUGINFOD_URLS=https://debuginfod.ubuntu.com PS1=(my_ros_env) \[\e]0;\u@\h: \w\a\]${debian_chroot:+($debian_chroot)}\[\033[01;32m\]\u@\h\[\033[00m\]:\[\033[01;34m\]\w\[\033[00m\]\$ PYTHONPATH=/home/yj/桌面/ros2-rpi/build/ros2_serial_bridge/prefix_override:/usr/lib/python3/dist-packages/colcon_core/task/python/colcon_distutils_commands:/home/yj/桌面/ros2-rpi/install/ros2_serial_bridge/lib/python3.12/site-packages:${PYTHONPATH} VIRTUAL_ENV_PROMPT=(my_ros_env) /usr/bin/python3 -W ignore:setup.py install is deprecated -W ignore:easy_install command is deprecated setup.py develop --editable --build-directory /home/yj/桌面/ros2-rpi/build/ros2_serial_bridge/build --no-deps symlink_data
[0.979s] running develop
[1.117s] running egg_info
[1.117s] creating ros2_serial_bridge.egg-info
[1.132s] writing ros2_serial_bridge.egg-info/PKG-INFO
[1.132s] writing dependency_links to ros2_serial_bridge.egg-info/dependency_links.txt
[1.132s] writing entry points to ros2_serial_bridge.egg-info/entry_points.txt
[1.132s] writing requirements to ros2_serial_bridge.egg-info/requires.txt
[1.132s] writing top-level names to ros2_serial_bridge.egg-info/top_level.txt
[1.132s] writing manifest file 'ros2_serial_bridge.egg-info/SOURCES.txt'
[1.158s] reading manifest file 'ros2_serial_bridge.egg-info/SOURCES.txt'
[1.159s] writing manifest file 'ros2_serial_bridge.egg-info/SOURCES.txt'
[1.173s] running build_ext
[1.173s] Creating /home/yj/桌面/ros2-rpi/install/ros2_serial_bridge/lib/python3.12/site-packages/ros2-serial-bridge.egg-link (link to .)
[1.173s] Installing serial_bridge script to /home/yj/桌面/ros2-rpi/install/ros2_serial_bridge/lib/ros2_serial_bridge
[1.173s] Installing serial_bridge_yaw_node script to /home/yj/桌面/ros2-rpi/install/ros2_serial_bridge/lib/ros2_serial_bridge
[1.174s] 
[1.174s] Installed /home/yj/桌面/ros2-rpi/build/ros2_serial_bridge
[1.174s] running symlink_data
[1.174s] creating /home/yj/桌面/ros2-rpi/install/ros2_serial_bridge/share/ament_index
[1.174s] creating /home/yj/桌面/ros2-rpi/install/ros2_serial_bridge/share/ament_index/resource_index
[1.174s] creating /home/yj/桌面/ros2-rpi/install/ros2_serial_bridge/share/ament_index/resource_index/packages
[1.174s] symbolically linking /home/yj/桌面/ros2-rpi/build/ros2_serial_bridge/resource/ros2_serial_bridge -> /home/yj/桌面/ros2-rpi/install/ros2_serial_bridge/share/ament_index/resource_index/packages
[1.174s] symbolically linking /home/yj/桌面/ros2-rpi/build/ros2_serial_bridge/package.xml -> /home/yj/桌面/ros2-rpi/install/ros2_serial_bridge/share/ros2_serial_bridge
[1.174s] creating /home/yj/桌面/ros2-rpi/install/ros2_serial_bridge/share/ros2_serial_bridge/launch
[1.174s] symbolically linking /home/yj/桌面/ros2-rpi/build/ros2_serial_bridge/launch/serial_bridge.launch.py -> /home/yj/桌面/ros2-rpi/install/ros2_serial_bridge/share/ros2_serial_bridge/launch
[1.194s] Invoked command in '/home/yj/桌面/ros2-rpi/build/ros2_serial_bridge' returned '0': DEBUGINFOD_URLS=https://debuginfod.ubuntu.com PS1=(my_ros_env) \[\e]0;\u@\h: \w\a\]${debian_chroot:+($debian_chroot)}\[\033[01;32m\]\u@\h\[\033[00m\]:\[\033[01;34m\]\w\[\033[00m\]\$ PYTHONPATH=/home/yj/桌面/ros2-rpi/build/ros2_serial_bridge/prefix_override:/usr/lib/python3/dist-packages/colcon_core/task/python/colcon_distutils_commands:/home/yj/桌面/ros2-rpi/install/ros2_serial_bridge/lib/python3.12/site-packages:${PYTHONPATH} VIRTUAL_ENV_PROMPT=(my_ros_env) /usr/bin/python3 -W ignore:setup.py install is deprecated -W ignore:easy_install command is deprecated setup.py develop --editable --build-directory /home/yj/桌面/ros2-rpi/build/ros2_serial_bridge/build --no-deps symlink_data
