[0.106s] DEBUG:colcon:Command line arguments: ['/usr/bin/colcon', 'build', '--symlink-install']
[0.106s] DEBUG:colcon:Parsed command line arguments: Namespace(log_base=None, log_level=None, verb_name='build', build_base='build', install_base='install', merge_install=False, symlink_install=True, test_result_base=None, continue_on_error=False, executor='parallel', parallel_workers=4, event_handlers=None, ignore_user_meta=False, metas=['./colcon.meta'], base_paths=['.'], packages_ignore=None, packages_ignore_regex=None, paths=None, packages_up_to=None, packages_up_to_regex=None, packages_above=None, packages_above_and_dependencies=None, packages_above_depth=None, packages_select_by_dep=None, packages_skip_by_dep=None, packages_skip_up_to=None, packages_select_build_failed=False, packages_skip_build_finished=False, packages_select_test_failures=False, packages_skip_test_passed=False, packages_select=None, packages_skip=None, packages_select_regex=None, packages_skip_regex=None, packages_start=None, packages_end=None, allow_overriding=[], cmake_args=None, cmake_target=None, cmake_target_skip_unavailable=False, cmake_clean_cache=False, cmake_clean_first=False, cmake_force_configure=False, ament_cmake_args=None, catkin_cmake_args=None, catkin_skip_building_tests=False, mixin_files=None, mixin=None, verb_parser=<colcon_mixin.mixin.mixin_argument.MixinArgumentDecorator object at 0x780eb7110920>, verb_extension=<colcon_core.verb.build.BuildVerb object at 0x780eb70d5040>, main=<bound method BuildVerb.main of <colcon_core.verb.build.BuildVerb object at 0x780eb70d5040>>, mixin_verb=('build',))
[0.133s] Level 1:colcon.colcon_core.package_discovery:discover_packages(colcon_meta) check parameters
[0.133s] Level 1:colcon.colcon_core.package_discovery:discover_packages(recursive) check parameters
[0.133s] Level 1:colcon.colcon_core.package_discovery:discover_packages(ignore) check parameters
[0.133s] Level 1:colcon.colcon_core.package_discovery:discover_packages(path) check parameters
[0.133s] Level 1:colcon.colcon_core.package_discovery:discover_packages(colcon_meta) discover
[0.133s] Level 1:colcon.colcon_core.package_discovery:discover_packages(recursive) discover
[0.134s] INFO:colcon.colcon_core.package_discovery:Crawling recursively for packages in '/home/yj/桌面/ros2-rpi'
[0.134s] Level 1:colcon.colcon_core.package_identification:_identify(.) by extensions ['ignore', 'ignore_ament_install']
[0.134s] Level 1:colcon.colcon_core.package_identification:_identify(.) by extension 'ignore'
[0.134s] Level 1:colcon.colcon_core.package_identification:_identify(.) by extension 'ignore_ament_install'
[0.134s] Level 1:colcon.colcon_core.package_identification:_identify(.) by extensions ['colcon_pkg']
[0.134s] Level 1:colcon.colcon_core.package_identification:_identify(.) by extension 'colcon_pkg'
[0.134s] Level 1:colcon.colcon_core.package_identification:_identify(.) by extensions ['colcon_meta']
[0.134s] Level 1:colcon.colcon_core.package_identification:_identify(.) by extension 'colcon_meta'
[0.134s] Level 1:colcon.colcon_core.package_identification:_identify(.) by extensions ['ros']
[0.134s] Level 1:colcon.colcon_core.package_identification:_identify(.) by extension 'ros'
[0.155s] Level 1:colcon.colcon_core.package_identification:_identify(.) by extensions ['cmake', 'python']
[0.155s] Level 1:colcon.colcon_core.package_identification:_identify(.) by extension 'cmake'
[0.156s] Level 1:colcon.colcon_core.package_identification:_identify(.) by extension 'python'
[0.156s] Level 1:colcon.colcon_core.package_identification:_identify(.) by extensions ['python_setup_py']
[0.156s] Level 1:colcon.colcon_core.package_identification:_identify(.) by extension 'python_setup_py'
[0.156s] Level 1:colcon.colcon_core.package_identification:_identify(build) by extensions ['ignore', 'ignore_ament_install']
[0.156s] Level 1:colcon.colcon_core.package_identification:_identify(build) by extension 'ignore'
[0.156s] Level 1:colcon.colcon_core.package_identification:_identify(build) ignored
[0.156s] Level 1:colcon.colcon_core.package_identification:_identify(data) by extensions ['ignore', 'ignore_ament_install']
[0.156s] Level 1:colcon.colcon_core.package_identification:_identify(data) by extension 'ignore'
[0.156s] Level 1:colcon.colcon_core.package_identification:_identify(data) by extension 'ignore_ament_install'
[0.156s] Level 1:colcon.colcon_core.package_identification:_identify(data) by extensions ['colcon_pkg']
[0.156s] Level 1:colcon.colcon_core.package_identification:_identify(data) by extension 'colcon_pkg'
[0.156s] Level 1:colcon.colcon_core.package_identification:_identify(data) by extensions ['colcon_meta']
[0.156s] Level 1:colcon.colcon_core.package_identification:_identify(data) by extension 'colcon_meta'
[0.156s] Level 1:colcon.colcon_core.package_identification:_identify(data) by extensions ['ros']
[0.156s] Level 1:colcon.colcon_core.package_identification:_identify(data) by extension 'ros'
[0.156s] Level 1:colcon.colcon_core.package_identification:_identify(data) by extensions ['cmake', 'python']
[0.156s] Level 1:colcon.colcon_core.package_identification:_identify(data) by extension 'cmake'
[0.156s] Level 1:colcon.colcon_core.package_identification:_identify(data) by extension 'python'
[0.156s] Level 1:colcon.colcon_core.package_identification:_identify(data) by extensions ['python_setup_py']
[0.156s] Level 1:colcon.colcon_core.package_identification:_identify(data) by extension 'python_setup_py'
[0.156s] Level 1:colcon.colcon_core.package_identification:_identify(install) by extensions ['ignore', 'ignore_ament_install']
[0.156s] Level 1:colcon.colcon_core.package_identification:_identify(install) by extension 'ignore'
[0.156s] Level 1:colcon.colcon_core.package_identification:_identify(install) ignored
[0.156s] Level 1:colcon.colcon_core.package_identification:_identify(log) by extensions ['ignore', 'ignore_ament_install']
[0.156s] Level 1:colcon.colcon_core.package_identification:_identify(log) by extension 'ignore'
[0.156s] Level 1:colcon.colcon_core.package_identification:_identify(log) ignored
[0.156s] Level 1:colcon.colcon_core.package_identification:_identify(src) by extensions ['ignore', 'ignore_ament_install']
[0.156s] Level 1:colcon.colcon_core.package_identification:_identify(src) by extension 'ignore'
[0.157s] Level 1:colcon.colcon_core.package_identification:_identify(src) by extension 'ignore_ament_install'
[0.157s] Level 1:colcon.colcon_core.package_identification:_identify(src) by extensions ['colcon_pkg']
[0.157s] Level 1:colcon.colcon_core.package_identification:_identify(src) by extension 'colcon_pkg'
[0.157s] Level 1:colcon.colcon_core.package_identification:_identify(src) by extensions ['colcon_meta']
[0.157s] Level 1:colcon.colcon_core.package_identification:_identify(src) by extension 'colcon_meta'
[0.157s] Level 1:colcon.colcon_core.package_identification:_identify(src) by extensions ['ros']
[0.157s] Level 1:colcon.colcon_core.package_identification:_identify(src) by extension 'ros'
[0.157s] Level 1:colcon.colcon_core.package_identification:_identify(src) by extensions ['cmake', 'python']
[0.157s] Level 1:colcon.colcon_core.package_identification:_identify(src) by extension 'cmake'
[0.157s] Level 1:colcon.colcon_core.package_identification:_identify(src) by extension 'python'
[0.157s] Level 1:colcon.colcon_core.package_identification:_identify(src) by extensions ['python_setup_py']
[0.157s] Level 1:colcon.colcon_core.package_identification:_identify(src) by extension 'python_setup_py'
[0.157s] Level 1:colcon.colcon_core.package_identification:_identify(src/gps_driver) by extensions ['ignore', 'ignore_ament_install']
[0.157s] Level 1:colcon.colcon_core.package_identification:_identify(src/gps_driver) by extension 'ignore'
[0.157s] Level 1:colcon.colcon_core.package_identification:_identify(src/gps_driver) by extension 'ignore_ament_install'
[0.157s] Level 1:colcon.colcon_core.package_identification:_identify(src/gps_driver) by extensions ['colcon_pkg']
[0.157s] Level 1:colcon.colcon_core.package_identification:_identify(src/gps_driver) by extension 'colcon_pkg'
[0.157s] Level 1:colcon.colcon_core.package_identification:_identify(src/gps_driver) by extensions ['colcon_meta']
[0.157s] Level 1:colcon.colcon_core.package_identification:_identify(src/gps_driver) by extension 'colcon_meta'
[0.157s] Level 1:colcon.colcon_core.package_identification:_identify(src/gps_driver) by extensions ['ros']
[0.157s] Level 1:colcon.colcon_core.package_identification:_identify(src/gps_driver) by extension 'ros'
[0.159s] DEBUG:colcon.colcon_core.package_identification:Package 'src/gps_driver' with type 'ros.ament_python' and name 'gps_driver'
[0.159s] Level 1:colcon.colcon_core.package_identification:_identify(src/imu_driver) by extensions ['ignore', 'ignore_ament_install']
[0.159s] Level 1:colcon.colcon_core.package_identification:_identify(src/imu_driver) by extension 'ignore'
[0.159s] Level 1:colcon.colcon_core.package_identification:_identify(src/imu_driver) by extension 'ignore_ament_install'
[0.159s] Level 1:colcon.colcon_core.package_identification:_identify(src/imu_driver) by extensions ['colcon_pkg']
[0.159s] Level 1:colcon.colcon_core.package_identification:_identify(src/imu_driver) by extension 'colcon_pkg'
[0.159s] Level 1:colcon.colcon_core.package_identification:_identify(src/imu_driver) by extensions ['colcon_meta']
[0.159s] Level 1:colcon.colcon_core.package_identification:_identify(src/imu_driver) by extension 'colcon_meta'
[0.159s] Level 1:colcon.colcon_core.package_identification:_identify(src/imu_driver) by extensions ['ros']
[0.159s] Level 1:colcon.colcon_core.package_identification:_identify(src/imu_driver) by extension 'ros'
[0.159s] DEBUG:colcon.colcon_core.package_identification:Package 'src/imu_driver' with type 'ros.ament_python' and name 'imu_driver'
[0.160s] Level 1:colcon.colcon_core.package_identification:_identify(src/launch_pkg) by extensions ['ignore', 'ignore_ament_install']
[0.160s] Level 1:colcon.colcon_core.package_identification:_identify(src/launch_pkg) by extension 'ignore'
[0.160s] Level 1:colcon.colcon_core.package_identification:_identify(src/launch_pkg) by extension 'ignore_ament_install'
[0.160s] Level 1:colcon.colcon_core.package_identification:_identify(src/launch_pkg) by extensions ['colcon_pkg']
[0.160s] Level 1:colcon.colcon_core.package_identification:_identify(src/launch_pkg) by extension 'colcon_pkg'
[0.160s] Level 1:colcon.colcon_core.package_identification:_identify(src/launch_pkg) by extensions ['colcon_meta']
[0.160s] Level 1:colcon.colcon_core.package_identification:_identify(src/launch_pkg) by extension 'colcon_meta'
[0.160s] Level 1:colcon.colcon_core.package_identification:_identify(src/launch_pkg) by extensions ['ros']
[0.160s] Level 1:colcon.colcon_core.package_identification:_identify(src/launch_pkg) by extension 'ros'
[0.160s] DEBUG:colcon.colcon_core.package_identification:Package 'src/launch_pkg' with type 'ros.ament_python' and name 'launch_pkg'
[0.160s] Level 1:colcon.colcon_core.package_identification:_identify(src/ros2_data_fusion) by extensions ['ignore', 'ignore_ament_install']
[0.160s] Level 1:colcon.colcon_core.package_identification:_identify(src/ros2_data_fusion) by extension 'ignore'
[0.160s] Level 1:colcon.colcon_core.package_identification:_identify(src/ros2_data_fusion) by extension 'ignore_ament_install'
[0.160s] Level 1:colcon.colcon_core.package_identification:_identify(src/ros2_data_fusion) by extensions ['colcon_pkg']
[0.160s] Level 1:colcon.colcon_core.package_identification:_identify(src/ros2_data_fusion) by extension 'colcon_pkg'
[0.160s] Level 1:colcon.colcon_core.package_identification:_identify(src/ros2_data_fusion) by extensions ['colcon_meta']
[0.160s] Level 1:colcon.colcon_core.package_identification:_identify(src/ros2_data_fusion) by extension 'colcon_meta'
[0.160s] Level 1:colcon.colcon_core.package_identification:_identify(src/ros2_data_fusion) by extensions ['ros']
[0.160s] Level 1:colcon.colcon_core.package_identification:_identify(src/ros2_data_fusion) by extension 'ros'
[0.161s] DEBUG:colcon.colcon_core.package_identification:Package 'src/ros2_data_fusion' with type 'ros.ament_python' and name 'ros2_data_fusion'
[0.161s] Level 1:colcon.colcon_core.package_identification:_identify(src/ros2_serial_bridge) by extensions ['ignore', 'ignore_ament_install']
[0.161s] Level 1:colcon.colcon_core.package_identification:_identify(src/ros2_serial_bridge) by extension 'ignore'
[0.161s] Level 1:colcon.colcon_core.package_identification:_identify(src/ros2_serial_bridge) by extension 'ignore_ament_install'
[0.161s] Level 1:colcon.colcon_core.package_identification:_identify(src/ros2_serial_bridge) by extensions ['colcon_pkg']
[0.161s] Level 1:colcon.colcon_core.package_identification:_identify(src/ros2_serial_bridge) by extension 'colcon_pkg'
[0.161s] Level 1:colcon.colcon_core.package_identification:_identify(src/ros2_serial_bridge) by extensions ['colcon_meta']
[0.161s] Level 1:colcon.colcon_core.package_identification:_identify(src/ros2_serial_bridge) by extension 'colcon_meta'
[0.161s] Level 1:colcon.colcon_core.package_identification:_identify(src/ros2_serial_bridge) by extensions ['ros']
[0.161s] Level 1:colcon.colcon_core.package_identification:_identify(src/ros2_serial_bridge) by extension 'ros'
[0.161s] DEBUG:colcon.colcon_core.package_identification:Package 'src/ros2_serial_bridge' with type 'ros.ament_python' and name 'ros2_serial_bridge'
[0.162s] Level 1:colcon.colcon_core.package_identification:_identify(src/sciroad1) by extensions ['ignore', 'ignore_ament_install']
[0.162s] Level 1:colcon.colcon_core.package_identification:_identify(src/sciroad1) by extension 'ignore'
[0.162s] Level 1:colcon.colcon_core.package_identification:_identify(src/sciroad1) by extension 'ignore_ament_install'
[0.162s] Level 1:colcon.colcon_core.package_identification:_identify(src/sciroad1) by extensions ['colcon_pkg']
[0.162s] Level 1:colcon.colcon_core.package_identification:_identify(src/sciroad1) by extension 'colcon_pkg'
[0.162s] Level 1:colcon.colcon_core.package_identification:_identify(src/sciroad1) by extensions ['colcon_meta']
[0.162s] Level 1:colcon.colcon_core.package_identification:_identify(src/sciroad1) by extension 'colcon_meta'
[0.162s] Level 1:colcon.colcon_core.package_identification:_identify(src/sciroad1) by extensions ['ros']
[0.162s] Level 1:colcon.colcon_core.package_identification:_identify(src/sciroad1) by extension 'ros'
[0.162s] DEBUG:colcon.colcon_core.package_identification:Package 'src/sciroad1' with type 'ros.ament_python' and name 'sciroad1'
[0.162s] Level 1:colcon.colcon_core.package_discovery:discover_packages(recursive) using defaults
[0.162s] Level 1:colcon.colcon_core.package_discovery:discover_packages(ignore) discover
[0.162s] Level 1:colcon.colcon_core.package_discovery:discover_packages(ignore) using defaults
[0.162s] Level 1:colcon.colcon_core.package_discovery:discover_packages(path) discover
[0.162s] Level 1:colcon.colcon_core.package_discovery:discover_packages(path) using defaults
[0.178s] Level 1:colcon.colcon_core.package_discovery:discover_packages(prefix_path) check parameters
[0.178s] Level 1:colcon.colcon_core.package_discovery:discover_packages(prefix_path) discover
[0.179s] WARNING:colcon.colcon_ros.prefix_path.ament:The path '/home/yj/桌面/ros2-rpi/install/sciroad1' in the environment variable AMENT_PREFIX_PATH doesn't exist
[0.179s] WARNING:colcon.colcon_ros.prefix_path.ament:The path '/home/yj/桌面/ros2-rpi/install/ros2_serial_bridge' in the environment variable AMENT_PREFIX_PATH doesn't exist
[0.179s] WARNING:colcon.colcon_ros.prefix_path.ament:The path '/home/yj/桌面/ros2-rpi/install/ros2_data_fusion' in the environment variable AMENT_PREFIX_PATH doesn't exist
[0.179s] WARNING:colcon.colcon_ros.prefix_path.ament:The path '/home/yj/桌面/ros2-rpi/install/launch_pkg' in the environment variable AMENT_PREFIX_PATH doesn't exist
[0.179s] WARNING:colcon.colcon_ros.prefix_path.ament:The path '/home/yj/桌面/ros2-rpi/install/imu_driver' in the environment variable AMENT_PREFIX_PATH doesn't exist
[0.179s] WARNING:colcon.colcon_ros.prefix_path.ament:The path '/home/yj/桌面/ros2-rpi/install/gps_driver' in the environment variable AMENT_PREFIX_PATH doesn't exist
[0.181s] DEBUG:colcon.colcon_installed_package_information.package_discovery:Found 5 installed packages in /home/yj/桌面/ros2-rpi2/install
[0.181s] DEBUG:colcon.colcon_installed_package_information.package_discovery:Found 0 installed packages in /home/yj/桌面/ros2-rpi/install
[0.181s] DEBUG:colcon.colcon_installed_package_information.package_discovery:Found 21 installed packages in /home/yj/dev_ws/install
[0.183s] DEBUG:colcon.colcon_installed_package_information.package_discovery:Found 294 installed packages in /opt/ros/jazzy
[0.183s] Level 1:colcon.colcon_core.package_discovery:discover_packages(prefix_path) using defaults
[0.229s] Level 5:colcon.colcon_core.verb:set package 'gps_driver' build argument 'cmake_args' from command line to 'None'
[0.229s] Level 5:colcon.colcon_core.verb:set package 'gps_driver' build argument 'cmake_target' from command line to 'None'
[0.229s] Level 5:colcon.colcon_core.verb:set package 'gps_driver' build argument 'cmake_target_skip_unavailable' from command line to 'False'
[0.230s] Level 5:colcon.colcon_core.verb:set package 'gps_driver' build argument 'cmake_clean_cache' from command line to 'False'
[0.230s] Level 5:colcon.colcon_core.verb:set package 'gps_driver' build argument 'cmake_clean_first' from command line to 'False'
[0.230s] Level 5:colcon.colcon_core.verb:set package 'gps_driver' build argument 'cmake_force_configure' from command line to 'False'
[0.230s] Level 5:colcon.colcon_core.verb:set package 'gps_driver' build argument 'ament_cmake_args' from command line to 'None'
[0.230s] Level 5:colcon.colcon_core.verb:set package 'gps_driver' build argument 'catkin_cmake_args' from command line to 'None'
[0.230s] Level 5:colcon.colcon_core.verb:set package 'gps_driver' build argument 'catkin_skip_building_tests' from command line to 'False'
[0.230s] DEBUG:colcon.colcon_core.verb:Building package 'gps_driver' with the following arguments: {'ament_cmake_args': None, 'build_base': '/home/yj/桌面/ros2-rpi/build/gps_driver', 'catkin_cmake_args': None, 'catkin_skip_building_tests': False, 'cmake_args': None, 'cmake_clean_cache': False, 'cmake_clean_first': False, 'cmake_force_configure': False, 'cmake_target': None, 'cmake_target_skip_unavailable': False, 'install_base': '/home/yj/桌面/ros2-rpi/install/gps_driver', 'merge_install': False, 'path': '/home/yj/桌面/ros2-rpi/src/gps_driver', 'symlink_install': True, 'test_result_base': None}
[0.230s] Level 5:colcon.colcon_core.verb:set package 'imu_driver' build argument 'cmake_args' from command line to 'None'
[0.230s] Level 5:colcon.colcon_core.verb:set package 'imu_driver' build argument 'cmake_target' from command line to 'None'
[0.230s] Level 5:colcon.colcon_core.verb:set package 'imu_driver' build argument 'cmake_target_skip_unavailable' from command line to 'False'
[0.230s] Level 5:colcon.colcon_core.verb:set package 'imu_driver' build argument 'cmake_clean_cache' from command line to 'False'
[0.230s] Level 5:colcon.colcon_core.verb:set package 'imu_driver' build argument 'cmake_clean_first' from command line to 'False'
[0.230s] Level 5:colcon.colcon_core.verb:set package 'imu_driver' build argument 'cmake_force_configure' from command line to 'False'
[0.230s] Level 5:colcon.colcon_core.verb:set package 'imu_driver' build argument 'ament_cmake_args' from command line to 'None'
[0.230s] Level 5:colcon.colcon_core.verb:set package 'imu_driver' build argument 'catkin_cmake_args' from command line to 'None'
[0.230s] Level 5:colcon.colcon_core.verb:set package 'imu_driver' build argument 'catkin_skip_building_tests' from command line to 'False'
[0.230s] DEBUG:colcon.colcon_core.verb:Building package 'imu_driver' with the following arguments: {'ament_cmake_args': None, 'build_base': '/home/yj/桌面/ros2-rpi/build/imu_driver', 'catkin_cmake_args': None, 'catkin_skip_building_tests': False, 'cmake_args': None, 'cmake_clean_cache': False, 'cmake_clean_first': False, 'cmake_force_configure': False, 'cmake_target': None, 'cmake_target_skip_unavailable': False, 'install_base': '/home/yj/桌面/ros2-rpi/install/imu_driver', 'merge_install': False, 'path': '/home/yj/桌面/ros2-rpi/src/imu_driver', 'symlink_install': True, 'test_result_base': None}
[0.230s] Level 5:colcon.colcon_core.verb:set package 'launch_pkg' build argument 'cmake_args' from command line to 'None'
[0.230s] Level 5:colcon.colcon_core.verb:set package 'launch_pkg' build argument 'cmake_target' from command line to 'None'
[0.230s] Level 5:colcon.colcon_core.verb:set package 'launch_pkg' build argument 'cmake_target_skip_unavailable' from command line to 'False'
[0.230s] Level 5:colcon.colcon_core.verb:set package 'launch_pkg' build argument 'cmake_clean_cache' from command line to 'False'
[0.230s] Level 5:colcon.colcon_core.verb:set package 'launch_pkg' build argument 'cmake_clean_first' from command line to 'False'
[0.230s] Level 5:colcon.colcon_core.verb:set package 'launch_pkg' build argument 'cmake_force_configure' from command line to 'False'
[0.230s] Level 5:colcon.colcon_core.verb:set package 'launch_pkg' build argument 'ament_cmake_args' from command line to 'None'
[0.230s] Level 5:colcon.colcon_core.verb:set package 'launch_pkg' build argument 'catkin_cmake_args' from command line to 'None'
[0.230s] Level 5:colcon.colcon_core.verb:set package 'launch_pkg' build argument 'catkin_skip_building_tests' from command line to 'False'
[0.230s] DEBUG:colcon.colcon_core.verb:Building package 'launch_pkg' with the following arguments: {'ament_cmake_args': None, 'build_base': '/home/yj/桌面/ros2-rpi/build/launch_pkg', 'catkin_cmake_args': None, 'catkin_skip_building_tests': False, 'cmake_args': None, 'cmake_clean_cache': False, 'cmake_clean_first': False, 'cmake_force_configure': False, 'cmake_target': None, 'cmake_target_skip_unavailable': False, 'install_base': '/home/yj/桌面/ros2-rpi/install/launch_pkg', 'merge_install': False, 'path': '/home/yj/桌面/ros2-rpi/src/launch_pkg', 'symlink_install': True, 'test_result_base': None}
[0.230s] Level 5:colcon.colcon_core.verb:set package 'ros2_data_fusion' build argument 'cmake_args' from command line to 'None'
[0.230s] Level 5:colcon.colcon_core.verb:set package 'ros2_data_fusion' build argument 'cmake_target' from command line to 'None'
[0.230s] Level 5:colcon.colcon_core.verb:set package 'ros2_data_fusion' build argument 'cmake_target_skip_unavailable' from command line to 'False'
[0.230s] Level 5:colcon.colcon_core.verb:set package 'ros2_data_fusion' build argument 'cmake_clean_cache' from command line to 'False'
[0.230s] Level 5:colcon.colcon_core.verb:set package 'ros2_data_fusion' build argument 'cmake_clean_first' from command line to 'False'
[0.230s] Level 5:colcon.colcon_core.verb:set package 'ros2_data_fusion' build argument 'cmake_force_configure' from command line to 'False'
[0.230s] Level 5:colcon.colcon_core.verb:set package 'ros2_data_fusion' build argument 'ament_cmake_args' from command line to 'None'
[0.230s] Level 5:colcon.colcon_core.verb:set package 'ros2_data_fusion' build argument 'catkin_cmake_args' from command line to 'None'
[0.230s] Level 5:colcon.colcon_core.verb:set package 'ros2_data_fusion' build argument 'catkin_skip_building_tests' from command line to 'False'
[0.230s] DEBUG:colcon.colcon_core.verb:Building package 'ros2_data_fusion' with the following arguments: {'ament_cmake_args': None, 'build_base': '/home/yj/桌面/ros2-rpi/build/ros2_data_fusion', 'catkin_cmake_args': None, 'catkin_skip_building_tests': False, 'cmake_args': None, 'cmake_clean_cache': False, 'cmake_clean_first': False, 'cmake_force_configure': False, 'cmake_target': None, 'cmake_target_skip_unavailable': False, 'install_base': '/home/yj/桌面/ros2-rpi/install/ros2_data_fusion', 'merge_install': False, 'path': '/home/yj/桌面/ros2-rpi/src/ros2_data_fusion', 'symlink_install': True, 'test_result_base': None}
[0.230s] Level 5:colcon.colcon_core.verb:set package 'ros2_serial_bridge' build argument 'cmake_args' from command line to 'None'
[0.230s] Level 5:colcon.colcon_core.verb:set package 'ros2_serial_bridge' build argument 'cmake_target' from command line to 'None'
[0.230s] Level 5:colcon.colcon_core.verb:set package 'ros2_serial_bridge' build argument 'cmake_target_skip_unavailable' from command line to 'False'
[0.230s] Level 5:colcon.colcon_core.verb:set package 'ros2_serial_bridge' build argument 'cmake_clean_cache' from command line to 'False'
[0.230s] Level 5:colcon.colcon_core.verb:set package 'ros2_serial_bridge' build argument 'cmake_clean_first' from command line to 'False'
[0.230s] Level 5:colcon.colcon_core.verb:set package 'ros2_serial_bridge' build argument 'cmake_force_configure' from command line to 'False'
[0.230s] Level 5:colcon.colcon_core.verb:set package 'ros2_serial_bridge' build argument 'ament_cmake_args' from command line to 'None'
[0.230s] Level 5:colcon.colcon_core.verb:set package 'ros2_serial_bridge' build argument 'catkin_cmake_args' from command line to 'None'
[0.231s] Level 5:colcon.colcon_core.verb:set package 'ros2_serial_bridge' build argument 'catkin_skip_building_tests' from command line to 'False'
[0.231s] DEBUG:colcon.colcon_core.verb:Building package 'ros2_serial_bridge' with the following arguments: {'ament_cmake_args': None, 'build_base': '/home/yj/桌面/ros2-rpi/build/ros2_serial_bridge', 'catkin_cmake_args': None, 'catkin_skip_building_tests': False, 'cmake_args': None, 'cmake_clean_cache': False, 'cmake_clean_first': False, 'cmake_force_configure': False, 'cmake_target': None, 'cmake_target_skip_unavailable': False, 'install_base': '/home/yj/桌面/ros2-rpi/install/ros2_serial_bridge', 'merge_install': False, 'path': '/home/yj/桌面/ros2-rpi/src/ros2_serial_bridge', 'symlink_install': True, 'test_result_base': None}
[0.231s] Level 5:colcon.colcon_core.verb:set package 'sciroad1' build argument 'cmake_args' from command line to 'None'
[0.231s] Level 5:colcon.colcon_core.verb:set package 'sciroad1' build argument 'cmake_target' from command line to 'None'
[0.231s] Level 5:colcon.colcon_core.verb:set package 'sciroad1' build argument 'cmake_target_skip_unavailable' from command line to 'False'
[0.231s] Level 5:colcon.colcon_core.verb:set package 'sciroad1' build argument 'cmake_clean_cache' from command line to 'False'
[0.231s] Level 5:colcon.colcon_core.verb:set package 'sciroad1' build argument 'cmake_clean_first' from command line to 'False'
[0.231s] Level 5:colcon.colcon_core.verb:set package 'sciroad1' build argument 'cmake_force_configure' from command line to 'False'
[0.231s] Level 5:colcon.colcon_core.verb:set package 'sciroad1' build argument 'ament_cmake_args' from command line to 'None'
[0.231s] Level 5:colcon.colcon_core.verb:set package 'sciroad1' build argument 'catkin_cmake_args' from command line to 'None'
[0.231s] Level 5:colcon.colcon_core.verb:set package 'sciroad1' build argument 'catkin_skip_building_tests' from command line to 'False'
[0.231s] DEBUG:colcon.colcon_core.verb:Building package 'sciroad1' with the following arguments: {'ament_cmake_args': None, 'build_base': '/home/yj/桌面/ros2-rpi/build/sciroad1', 'catkin_cmake_args': None, 'catkin_skip_building_tests': False, 'cmake_args': None, 'cmake_clean_cache': False, 'cmake_clean_first': False, 'cmake_force_configure': False, 'cmake_target': None, 'cmake_target_skip_unavailable': False, 'install_base': '/home/yj/桌面/ros2-rpi/install/sciroad1', 'merge_install': False, 'path': '/home/yj/桌面/ros2-rpi/src/sciroad1', 'symlink_install': True, 'test_result_base': None}
[0.231s] INFO:colcon.colcon_core.executor:Executing jobs using 'parallel' executor
[0.232s] DEBUG:colcon.colcon_parallel_executor.executor.parallel:run_until_complete
[0.232s] INFO:colcon.colcon_ros.task.ament_python.build:Building ROS package in '/home/yj/桌面/ros2-rpi/src/gps_driver' with build type 'ament_python'
[0.232s] Level 1:colcon.colcon_core.shell:create_environment_hook('gps_driver', 'ament_prefix_path')
[0.234s] INFO:colcon.colcon_core.plugin_system:Skipping extension 'colcon_core.shell.bat': Not used on non-Windows systems
[0.234s] INFO:colcon.colcon_core.shell:Creating environment hook '/home/yj/桌面/ros2-rpi/install/gps_driver/share/gps_driver/hook/ament_prefix_path.ps1'
[0.235s] INFO:colcon.colcon_core.shell:Creating environment descriptor '/home/yj/桌面/ros2-rpi/install/gps_driver/share/gps_driver/hook/ament_prefix_path.dsv'
[0.235s] INFO:colcon.colcon_core.shell:Creating environment hook '/home/yj/桌面/ros2-rpi/install/gps_driver/share/gps_driver/hook/ament_prefix_path.sh'
[0.236s] INFO:colcon.colcon_core.shell:Skip shell extension 'powershell' for command environment: Not usable outside of PowerShell
[0.236s] DEBUG:colcon.colcon_core.shell:Skip shell extension 'dsv' for command environment
[0.240s] INFO:colcon.colcon_ros.task.ament_python.build:Building ROS package in '/home/yj/桌面/ros2-rpi/src/imu_driver' with build type 'ament_python'
[0.240s] Level 1:colcon.colcon_core.shell:create_environment_hook('imu_driver', 'ament_prefix_path')
[0.240s] INFO:colcon.colcon_core.shell:Creating environment hook '/home/yj/桌面/ros2-rpi/install/imu_driver/share/imu_driver/hook/ament_prefix_path.ps1'
[0.240s] INFO:colcon.colcon_core.shell:Creating environment descriptor '/home/yj/桌面/ros2-rpi/install/imu_driver/share/imu_driver/hook/ament_prefix_path.dsv'
[0.241s] INFO:colcon.colcon_core.shell:Creating environment hook '/home/yj/桌面/ros2-rpi/install/imu_driver/share/imu_driver/hook/ament_prefix_path.sh'
[0.241s] INFO:colcon.colcon_core.shell:Skip shell extension 'powershell' for command environment: Not usable outside of PowerShell
[0.241s] DEBUG:colcon.colcon_core.shell:Skip shell extension 'dsv' for command environment
[0.245s] INFO:colcon.colcon_ros.task.ament_python.build:Building ROS package in '/home/yj/桌面/ros2-rpi/src/launch_pkg' with build type 'ament_python'
[0.245s] Level 1:colcon.colcon_core.shell:create_environment_hook('launch_pkg', 'ament_prefix_path')
[0.245s] INFO:colcon.colcon_core.shell:Creating environment hook '/home/yj/桌面/ros2-rpi/install/launch_pkg/share/launch_pkg/hook/ament_prefix_path.ps1'
[0.246s] INFO:colcon.colcon_core.shell:Creating environment descriptor '/home/yj/桌面/ros2-rpi/install/launch_pkg/share/launch_pkg/hook/ament_prefix_path.dsv'
[0.246s] INFO:colcon.colcon_core.shell:Creating environment hook '/home/yj/桌面/ros2-rpi/install/launch_pkg/share/launch_pkg/hook/ament_prefix_path.sh'
[0.246s] INFO:colcon.colcon_core.shell:Skip shell extension 'powershell' for command environment: Not usable outside of PowerShell
[0.246s] DEBUG:colcon.colcon_core.shell:Skip shell extension 'dsv' for command environment
[0.250s] INFO:colcon.colcon_ros.task.ament_python.build:Building ROS package in '/home/yj/桌面/ros2-rpi/src/ros2_data_fusion' with build type 'ament_python'
[0.250s] Level 1:colcon.colcon_core.shell:create_environment_hook('ros2_data_fusion', 'ament_prefix_path')
[0.250s] INFO:colcon.colcon_core.shell:Creating environment hook '/home/yj/桌面/ros2-rpi/install/ros2_data_fusion/share/ros2_data_fusion/hook/ament_prefix_path.ps1'
[0.250s] INFO:colcon.colcon_core.shell:Creating environment descriptor '/home/yj/桌面/ros2-rpi/install/ros2_data_fusion/share/ros2_data_fusion/hook/ament_prefix_path.dsv'
[0.251s] INFO:colcon.colcon_core.shell:Creating environment hook '/home/yj/桌面/ros2-rpi/install/ros2_data_fusion/share/ros2_data_fusion/hook/ament_prefix_path.sh'
[0.251s] INFO:colcon.colcon_core.shell:Skip shell extension 'powershell' for command environment: Not usable outside of PowerShell
[0.251s] DEBUG:colcon.colcon_core.shell:Skip shell extension 'dsv' for command environment
[0.397s] INFO:colcon.colcon_core.task.python.build:Building Python package in '/home/yj/桌面/ros2-rpi/src/gps_driver'
[0.397s] INFO:colcon.colcon_core.shell:Skip shell extension 'powershell' for command environment: Not usable outside of PowerShell
[0.397s] DEBUG:colcon.colcon_core.shell:Skip shell extension 'dsv' for command environment
[0.564s] INFO:colcon.colcon_core.task.python.build:Building Python package in '/home/yj/桌面/ros2-rpi/src/imu_driver'
[0.564s] INFO:colcon.colcon_core.shell:Skip shell extension 'powershell' for command environment: Not usable outside of PowerShell
[0.564s] DEBUG:colcon.colcon_core.shell:Skip shell extension 'dsv' for command environment
[0.710s] INFO:colcon.colcon_core.task.python.build:Building Python package in '/home/yj/桌面/ros2-rpi/src/launch_pkg'
[0.710s] INFO:colcon.colcon_core.shell:Skip shell extension 'powershell' for command environment: Not usable outside of PowerShell
[0.710s] DEBUG:colcon.colcon_core.shell:Skip shell extension 'dsv' for command environment
[0.862s] INFO:colcon.colcon_core.task.python.build:Building Python package in '/home/yj/桌面/ros2-rpi/src/ros2_data_fusion'
[0.862s] INFO:colcon.colcon_core.shell:Skip shell extension 'powershell' for command environment: Not usable outside of PowerShell
[0.862s] DEBUG:colcon.colcon_core.shell:Skip shell extension 'dsv' for command environment
[1.308s] DEBUG:colcon.colcon_core.event_handler.log_command:Invoking command in '/home/yj/桌面/ros2-rpi/build/imu_driver': DEBUGINFOD_URLS=https://debuginfod.ubuntu.com PS1=(my_ros_env) \[\e]0;\u@\h: \w\a\]${debian_chroot:+($debian_chroot)}\[\033[01;32m\]\u@\h\[\033[00m\]:\[\033[01;34m\]\w\[\033[00m\]\$ PYTHONPATH=/home/yj/桌面/ros2-rpi/build/imu_driver/prefix_override:/usr/lib/python3/dist-packages/colcon_core/task/python/colcon_distutils_commands:/home/yj/桌面/ros2-rpi/install/imu_driver/lib/python3.12/site-packages:${PYTHONPATH} VIRTUAL_ENV_PROMPT=(my_ros_env) /usr/bin/python3 -W ignore:setup.py install is deprecated -W ignore:easy_install command is deprecated setup.py develop --editable --build-directory /home/yj/桌面/ros2-rpi/build/imu_driver/build --no-deps symlink_data
[1.318s] DEBUG:colcon.colcon_core.event_handler.log_command:Invoking command in '/home/yj/桌面/ros2-rpi/build/launch_pkg': DEBUGINFOD_URLS=https://debuginfod.ubuntu.com PS1=(my_ros_env) \[\e]0;\u@\h: \w\a\]${debian_chroot:+($debian_chroot)}\[\033[01;32m\]\u@\h\[\033[00m\]:\[\033[01;34m\]\w\[\033[00m\]\$ PYTHONPATH=/home/yj/桌面/ros2-rpi/build/launch_pkg/prefix_override:/usr/lib/python3/dist-packages/colcon_core/task/python/colcon_distutils_commands:/home/yj/桌面/ros2-rpi/install/launch_pkg/lib/python3.12/site-packages:${PYTHONPATH} VIRTUAL_ENV_PROMPT=(my_ros_env) /usr/bin/python3 -W ignore:setup.py install is deprecated -W ignore:easy_install command is deprecated setup.py develop --editable --build-directory /home/yj/桌面/ros2-rpi/build/launch_pkg/build --no-deps symlink_data
[1.344s] DEBUG:colcon.colcon_core.event_handler.log_command:Invoking command in '/home/yj/桌面/ros2-rpi/build/ros2_data_fusion': DEBUGINFOD_URLS=https://debuginfod.ubuntu.com PS1=(my_ros_env) \[\e]0;\u@\h: \w\a\]${debian_chroot:+($debian_chroot)}\[\033[01;32m\]\u@\h\[\033[00m\]:\[\033[01;34m\]\w\[\033[00m\]\$ PYTHONPATH=/home/yj/桌面/ros2-rpi/build/ros2_data_fusion/prefix_override:/usr/lib/python3/dist-packages/colcon_core/task/python/colcon_distutils_commands:/home/yj/桌面/ros2-rpi/install/ros2_data_fusion/lib/python3.12/site-packages:${PYTHONPATH} VIRTUAL_ENV_PROMPT=(my_ros_env) /usr/bin/python3 -W ignore:setup.py install is deprecated -W ignore:easy_install command is deprecated setup.py develop --editable --build-directory /home/yj/桌面/ros2-rpi/build/ros2_data_fusion/build --no-deps symlink_data
[1.349s] DEBUG:colcon.colcon_core.event_handler.log_command:Invoking command in '/home/yj/桌面/ros2-rpi/build/gps_driver': DEBUGINFOD_URLS=https://debuginfod.ubuntu.com PS1=(my_ros_env) \[\e]0;\u@\h: \w\a\]${debian_chroot:+($debian_chroot)}\[\033[01;32m\]\u@\h\[\033[00m\]:\[\033[01;34m\]\w\[\033[00m\]\$ PYTHONPATH=/home/yj/桌面/ros2-rpi/build/gps_driver/prefix_override:/usr/lib/python3/dist-packages/colcon_core/task/python/colcon_distutils_commands:/home/yj/桌面/ros2-rpi/install/gps_driver/lib/python3.12/site-packages:${PYTHONPATH} VIRTUAL_ENV_PROMPT=(my_ros_env) /usr/bin/python3 -W ignore:setup.py install is deprecated -W ignore:easy_install command is deprecated setup.py develop --editable --build-directory /home/yj/桌面/ros2-rpi/build/gps_driver/build --no-deps symlink_data
[1.781s] Level 1:colcon.colcon_core.shell:create_environment_hook('launch_pkg', 'pythonpath_develop')
[1.781s] INFO:colcon.colcon_core.shell:Creating environment hook '/home/yj/桌面/ros2-rpi/build/launch_pkg/share/launch_pkg/hook/pythonpath_develop.ps1'
[1.781s] INFO:colcon.colcon_core.shell:Creating environment descriptor '/home/yj/桌面/ros2-rpi/build/launch_pkg/share/launch_pkg/hook/pythonpath_develop.dsv'
[1.782s] INFO:colcon.colcon_core.shell:Creating environment hook '/home/yj/桌面/ros2-rpi/build/launch_pkg/share/launch_pkg/hook/pythonpath_develop.sh'
[1.782s] DEBUG:colcon.colcon_core.event_handler.log_command:Invoked command in '/home/yj/桌面/ros2-rpi/build/launch_pkg' returned '0': DEBUGINFOD_URLS=https://debuginfod.ubuntu.com PS1=(my_ros_env) \[\e]0;\u@\h: \w\a\]${debian_chroot:+($debian_chroot)}\[\033[01;32m\]\u@\h\[\033[00m\]:\[\033[01;34m\]\w\[\033[00m\]\$ PYTHONPATH=/home/yj/桌面/ros2-rpi/build/launch_pkg/prefix_override:/usr/lib/python3/dist-packages/colcon_core/task/python/colcon_distutils_commands:/home/yj/桌面/ros2-rpi/install/launch_pkg/lib/python3.12/site-packages:${PYTHONPATH} VIRTUAL_ENV_PROMPT=(my_ros_env) /usr/bin/python3 -W ignore:setup.py install is deprecated -W ignore:easy_install command is deprecated setup.py develop --editable --build-directory /home/yj/桌面/ros2-rpi/build/launch_pkg/build --no-deps symlink_data
[1.793s] Level 1:colcon.colcon_core.environment:checking '/home/yj/桌面/ros2-rpi/install/launch_pkg' for CMake module files
[1.793s] Level 1:colcon.colcon_core.environment:checking '/home/yj/桌面/ros2-rpi/install/launch_pkg' for CMake config files
[1.794s] Level 1:colcon.colcon_core.environment:checking '/home/yj/桌面/ros2-rpi/install/launch_pkg/lib'
[1.794s] Level 1:colcon.colcon_core.environment:checking '/home/yj/桌面/ros2-rpi/install/launch_pkg/bin'
[1.794s] Level 1:colcon.colcon_core.environment:checking '/home/yj/桌面/ros2-rpi/install/launch_pkg/lib/pkgconfig/launch_pkg.pc'
[1.794s] Level 1:colcon.colcon_core.environment:checking '/home/yj/桌面/ros2-rpi/install/launch_pkg/lib/python3.12/site-packages'
[1.794s] Level 1:colcon.colcon_core.shell:create_environment_hook('launch_pkg', 'pythonpath')
[1.794s] INFO:colcon.colcon_core.shell:Creating environment hook '/home/yj/桌面/ros2-rpi/install/launch_pkg/share/launch_pkg/hook/pythonpath.ps1'
[1.794s] INFO:colcon.colcon_core.shell:Creating environment descriptor '/home/yj/桌面/ros2-rpi/install/launch_pkg/share/launch_pkg/hook/pythonpath.dsv'
[1.794s] INFO:colcon.colcon_core.shell:Creating environment hook '/home/yj/桌面/ros2-rpi/install/launch_pkg/share/launch_pkg/hook/pythonpath.sh'
[1.795s] Level 1:colcon.colcon_core.environment:checking '/home/yj/桌面/ros2-rpi/install/launch_pkg/bin'
[1.795s] Level 1:colcon.colcon_core.environment:create_environment_scripts_only(launch_pkg)
[1.795s] INFO:colcon.colcon_core.shell:Creating package script '/home/yj/桌面/ros2-rpi/install/launch_pkg/share/launch_pkg/package.ps1'
[1.796s] INFO:colcon.colcon_core.shell:Creating package descriptor '/home/yj/桌面/ros2-rpi/install/launch_pkg/share/launch_pkg/package.dsv'
[1.798s] INFO:colcon.colcon_core.shell:Creating package script '/home/yj/桌面/ros2-rpi/install/launch_pkg/share/launch_pkg/package.sh'
[1.799s] INFO:colcon.colcon_core.shell:Creating package script '/home/yj/桌面/ros2-rpi/install/launch_pkg/share/launch_pkg/package.bash'
[1.800s] INFO:colcon.colcon_core.shell:Creating package script '/home/yj/桌面/ros2-rpi/install/launch_pkg/share/launch_pkg/package.zsh'
[1.801s] Level 1:colcon.colcon_core.environment:create_file_with_runtime_dependencies(/home/yj/桌面/ros2-rpi/install/launch_pkg/share/colcon-core/packages/launch_pkg)
[1.801s] INFO:colcon.colcon_ros.task.ament_python.build:Building ROS package in '/home/yj/桌面/ros2-rpi/src/ros2_serial_bridge' with build type 'ament_python'
[1.801s] Level 1:colcon.colcon_core.shell:create_environment_hook('ros2_serial_bridge', 'ament_prefix_path')
[1.802s] INFO:colcon.colcon_core.shell:Creating environment hook '/home/yj/桌面/ros2-rpi/install/ros2_serial_bridge/share/ros2_serial_bridge/hook/ament_prefix_path.ps1'
[1.802s] INFO:colcon.colcon_core.shell:Creating environment descriptor '/home/yj/桌面/ros2-rpi/install/ros2_serial_bridge/share/ros2_serial_bridge/hook/ament_prefix_path.dsv'
[1.803s] INFO:colcon.colcon_core.shell:Creating environment hook '/home/yj/桌面/ros2-rpi/install/ros2_serial_bridge/share/ros2_serial_bridge/hook/ament_prefix_path.sh'
[1.803s] INFO:colcon.colcon_core.shell:Skip shell extension 'powershell' for command environment: Not usable outside of PowerShell
[1.803s] DEBUG:colcon.colcon_core.shell:Skip shell extension 'dsv' for command environment
[1.808s] Level 1:colcon.colcon_core.shell:create_environment_hook('imu_driver', 'pythonpath_develop')
[1.808s] INFO:colcon.colcon_core.shell:Creating environment hook '/home/yj/桌面/ros2-rpi/build/imu_driver/share/imu_driver/hook/pythonpath_develop.ps1'
[1.808s] INFO:colcon.colcon_core.shell:Creating environment descriptor '/home/yj/桌面/ros2-rpi/build/imu_driver/share/imu_driver/hook/pythonpath_develop.dsv'
[1.808s] INFO:colcon.colcon_core.shell:Creating environment hook '/home/yj/桌面/ros2-rpi/build/imu_driver/share/imu_driver/hook/pythonpath_develop.sh'
[1.809s] DEBUG:colcon.colcon_core.event_handler.log_command:Invoked command in '/home/yj/桌面/ros2-rpi/build/imu_driver' returned '0': DEBUGINFOD_URLS=https://debuginfod.ubuntu.com PS1=(my_ros_env) \[\e]0;\u@\h: \w\a\]${debian_chroot:+($debian_chroot)}\[\033[01;32m\]\u@\h\[\033[00m\]:\[\033[01;34m\]\w\[\033[00m\]\$ PYTHONPATH=/home/yj/桌面/ros2-rpi/build/imu_driver/prefix_override:/usr/lib/python3/dist-packages/colcon_core/task/python/colcon_distutils_commands:/home/yj/桌面/ros2-rpi/install/imu_driver/lib/python3.12/site-packages:${PYTHONPATH} VIRTUAL_ENV_PROMPT=(my_ros_env) /usr/bin/python3 -W ignore:setup.py install is deprecated -W ignore:easy_install command is deprecated setup.py develop --editable --build-directory /home/yj/桌面/ros2-rpi/build/imu_driver/build --no-deps symlink_data
[1.809s] Level 1:colcon.colcon_core.environment:checking '/home/yj/桌面/ros2-rpi/install/imu_driver' for CMake module files
[1.810s] Level 1:colcon.colcon_core.environment:checking '/home/yj/桌面/ros2-rpi/install/imu_driver' for CMake config files
[1.810s] Level 1:colcon.colcon_core.environment:checking '/home/yj/桌面/ros2-rpi/install/imu_driver/lib'
[1.810s] Level 1:colcon.colcon_core.environment:checking '/home/yj/桌面/ros2-rpi/install/imu_driver/bin'
[1.810s] Level 1:colcon.colcon_core.environment:checking '/home/yj/桌面/ros2-rpi/install/imu_driver/lib/pkgconfig/imu_driver.pc'
[1.810s] Level 1:colcon.colcon_core.environment:checking '/home/yj/桌面/ros2-rpi/install/imu_driver/lib/python3.12/site-packages'
[1.810s] Level 1:colcon.colcon_core.shell:create_environment_hook('imu_driver', 'pythonpath')
[1.810s] INFO:colcon.colcon_core.shell:Creating environment hook '/home/yj/桌面/ros2-rpi/install/imu_driver/share/imu_driver/hook/pythonpath.ps1'
[1.811s] INFO:colcon.colcon_core.shell:Creating environment descriptor '/home/yj/桌面/ros2-rpi/install/imu_driver/share/imu_driver/hook/pythonpath.dsv'
[1.811s] INFO:colcon.colcon_core.shell:Creating environment hook '/home/yj/桌面/ros2-rpi/install/imu_driver/share/imu_driver/hook/pythonpath.sh'
[1.811s] Level 1:colcon.colcon_core.environment:checking '/home/yj/桌面/ros2-rpi/install/imu_driver/bin'
[1.811s] Level 1:colcon.colcon_core.environment:create_environment_scripts_only(imu_driver)
[1.812s] INFO:colcon.colcon_core.shell:Creating package script '/home/yj/桌面/ros2-rpi/install/imu_driver/share/imu_driver/package.ps1'
[1.812s] INFO:colcon.colcon_core.shell:Creating package descriptor '/home/yj/桌面/ros2-rpi/install/imu_driver/share/imu_driver/package.dsv'
[1.812s] INFO:colcon.colcon_core.shell:Creating package script '/home/yj/桌面/ros2-rpi/install/imu_driver/share/imu_driver/package.sh'
[1.812s] INFO:colcon.colcon_core.shell:Creating package script '/home/yj/桌面/ros2-rpi/install/imu_driver/share/imu_driver/package.bash'
[1.813s] INFO:colcon.colcon_core.shell:Creating package script '/home/yj/桌面/ros2-rpi/install/imu_driver/share/imu_driver/package.zsh'
[1.813s] Level 1:colcon.colcon_core.environment:create_file_with_runtime_dependencies(/home/yj/桌面/ros2-rpi/install/imu_driver/share/colcon-core/packages/imu_driver)
[1.813s] INFO:colcon.colcon_ros.task.ament_python.build:Building ROS package in '/home/yj/桌面/ros2-rpi/src/sciroad1' with build type 'ament_python'
[1.813s] Level 1:colcon.colcon_core.shell:create_environment_hook('sciroad1', 'ament_prefix_path')
[1.814s] INFO:colcon.colcon_core.shell:Creating environment hook '/home/yj/桌面/ros2-rpi/install/sciroad1/share/sciroad1/hook/ament_prefix_path.ps1'
[1.815s] INFO:colcon.colcon_core.shell:Creating environment descriptor '/home/yj/桌面/ros2-rpi/install/sciroad1/share/sciroad1/hook/ament_prefix_path.dsv'
[1.815s] INFO:colcon.colcon_core.shell:Creating environment hook '/home/yj/桌面/ros2-rpi/install/sciroad1/share/sciroad1/hook/ament_prefix_path.sh'
[1.815s] INFO:colcon.colcon_core.shell:Skip shell extension 'powershell' for command environment: Not usable outside of PowerShell
[1.815s] DEBUG:colcon.colcon_core.shell:Skip shell extension 'dsv' for command environment
[1.964s] INFO:colcon.colcon_core.task.python.build:Building Python package in '/home/yj/桌面/ros2-rpi/src/ros2_serial_bridge'
[1.964s] INFO:colcon.colcon_core.shell:Skip shell extension 'powershell' for command environment: Not usable outside of PowerShell
[1.964s] DEBUG:colcon.colcon_core.shell:Skip shell extension 'dsv' for command environment
[2.117s] INFO:colcon.colcon_core.task.python.build:Building Python package in '/home/yj/桌面/ros2-rpi/src/sciroad1'
[2.117s] INFO:colcon.colcon_core.shell:Skip shell extension 'powershell' for command environment: Not usable outside of PowerShell
[2.117s] DEBUG:colcon.colcon_core.shell:Skip shell extension 'dsv' for command environment
[2.122s] Level 1:colcon.colcon_core.shell:create_environment_hook('gps_driver', 'pythonpath_develop')
[2.122s] INFO:colcon.colcon_core.shell:Creating environment hook '/home/yj/桌面/ros2-rpi/build/gps_driver/share/gps_driver/hook/pythonpath_develop.ps1'
[2.123s] DEBUG:colcon.colcon_core.event_handler.log_command:Invoked command in '/home/yj/桌面/ros2-rpi/build/gps_driver' returned '0': DEBUGINFOD_URLS=https://debuginfod.ubuntu.com PS1=(my_ros_env) \[\e]0;\u@\h: \w\a\]${debian_chroot:+($debian_chroot)}\[\033[01;32m\]\u@\h\[\033[00m\]:\[\033[01;34m\]\w\[\033[00m\]\$ PYTHONPATH=/home/yj/桌面/ros2-rpi/build/gps_driver/prefix_override:/usr/lib/python3/dist-packages/colcon_core/task/python/colcon_distutils_commands:/home/yj/桌面/ros2-rpi/install/gps_driver/lib/python3.12/site-packages:${PYTHONPATH} VIRTUAL_ENV_PROMPT=(my_ros_env) /usr/bin/python3 -W ignore:setup.py install is deprecated -W ignore:easy_install command is deprecated setup.py develop --editable --build-directory /home/yj/桌面/ros2-rpi/build/gps_driver/build --no-deps symlink_data
[2.123s] INFO:colcon.colcon_core.shell:Creating environment descriptor '/home/yj/桌面/ros2-rpi/build/gps_driver/share/gps_driver/hook/pythonpath_develop.dsv'
[2.123s] INFO:colcon.colcon_core.shell:Creating environment hook '/home/yj/桌面/ros2-rpi/build/gps_driver/share/gps_driver/hook/pythonpath_develop.sh'
[2.123s] Level 1:colcon.colcon_core.environment:checking '/home/yj/桌面/ros2-rpi/install/gps_driver' for CMake module files
[2.124s] Level 1:colcon.colcon_core.environment:checking '/home/yj/桌面/ros2-rpi/install/gps_driver' for CMake config files
[2.124s] Level 1:colcon.colcon_core.environment:checking '/home/yj/桌面/ros2-rpi/install/gps_driver/lib'
[2.124s] Level 1:colcon.colcon_core.environment:checking '/home/yj/桌面/ros2-rpi/install/gps_driver/bin'
[2.124s] Level 1:colcon.colcon_core.environment:checking '/home/yj/桌面/ros2-rpi/install/gps_driver/lib/pkgconfig/gps_driver.pc'
[2.124s] Level 1:colcon.colcon_core.environment:checking '/home/yj/桌面/ros2-rpi/install/gps_driver/lib/python3.12/site-packages'
[2.124s] Level 1:colcon.colcon_core.shell:create_environment_hook('gps_driver', 'pythonpath')
[2.125s] INFO:colcon.colcon_core.shell:Creating environment hook '/home/yj/桌面/ros2-rpi/install/gps_driver/share/gps_driver/hook/pythonpath.ps1'
[2.125s] INFO:colcon.colcon_core.shell:Creating environment descriptor '/home/yj/桌面/ros2-rpi/install/gps_driver/share/gps_driver/hook/pythonpath.dsv'
[2.125s] INFO:colcon.colcon_core.shell:Creating environment hook '/home/yj/桌面/ros2-rpi/install/gps_driver/share/gps_driver/hook/pythonpath.sh'
[2.125s] Level 1:colcon.colcon_core.environment:checking '/home/yj/桌面/ros2-rpi/install/gps_driver/bin'
[2.125s] Level 1:colcon.colcon_core.environment:create_environment_scripts_only(gps_driver)
[2.125s] INFO:colcon.colcon_core.shell:Creating package script '/home/yj/桌面/ros2-rpi/install/gps_driver/share/gps_driver/package.ps1'
[2.126s] INFO:colcon.colcon_core.shell:Creating package descriptor '/home/yj/桌面/ros2-rpi/install/gps_driver/share/gps_driver/package.dsv'
[2.126s] INFO:colcon.colcon_core.shell:Creating package script '/home/yj/桌面/ros2-rpi/install/gps_driver/share/gps_driver/package.sh'
[2.126s] INFO:colcon.colcon_core.shell:Creating package script '/home/yj/桌面/ros2-rpi/install/gps_driver/share/gps_driver/package.bash'
[2.126s] INFO:colcon.colcon_core.shell:Creating package script '/home/yj/桌面/ros2-rpi/install/gps_driver/share/gps_driver/package.zsh'
[2.127s] Level 1:colcon.colcon_core.environment:create_file_with_runtime_dependencies(/home/yj/桌面/ros2-rpi/install/gps_driver/share/colcon-core/packages/gps_driver)
[2.127s] Level 1:colcon.colcon_core.shell:create_environment_hook('ros2_data_fusion', 'pythonpath_develop')
[2.127s] INFO:colcon.colcon_core.shell:Creating environment hook '/home/yj/桌面/ros2-rpi/build/ros2_data_fusion/share/ros2_data_fusion/hook/pythonpath_develop.ps1'
[2.128s] INFO:colcon.colcon_core.shell:Creating environment descriptor '/home/yj/桌面/ros2-rpi/build/ros2_data_fusion/share/ros2_data_fusion/hook/pythonpath_develop.dsv'
[2.128s] INFO:colcon.colcon_core.shell:Creating environment hook '/home/yj/桌面/ros2-rpi/build/ros2_data_fusion/share/ros2_data_fusion/hook/pythonpath_develop.sh'
[2.128s] Level 1:colcon.colcon_core.environment:checking '/home/yj/桌面/ros2-rpi/install/ros2_data_fusion' for CMake module files
[2.129s] Level 1:colcon.colcon_core.environment:checking '/home/yj/桌面/ros2-rpi/install/ros2_data_fusion' for CMake config files
[2.129s] DEBUG:colcon.colcon_core.event_handler.log_command:Invoked command in '/home/yj/桌面/ros2-rpi/build/ros2_data_fusion' returned '0': DEBUGINFOD_URLS=https://debuginfod.ubuntu.com PS1=(my_ros_env) \[\e]0;\u@\h: \w\a\]${debian_chroot:+($debian_chroot)}\[\033[01;32m\]\u@\h\[\033[00m\]:\[\033[01;34m\]\w\[\033[00m\]\$ PYTHONPATH=/home/yj/桌面/ros2-rpi/build/ros2_data_fusion/prefix_override:/usr/lib/python3/dist-packages/colcon_core/task/python/colcon_distutils_commands:/home/yj/桌面/ros2-rpi/install/ros2_data_fusion/lib/python3.12/site-packages:${PYTHONPATH} VIRTUAL_ENV_PROMPT=(my_ros_env) /usr/bin/python3 -W ignore:setup.py install is deprecated -W ignore:easy_install command is deprecated setup.py develop --editable --build-directory /home/yj/桌面/ros2-rpi/build/ros2_data_fusion/build --no-deps symlink_data
[2.130s] Level 1:colcon.colcon_core.environment:checking '/home/yj/桌面/ros2-rpi/install/ros2_data_fusion/lib'
[2.130s] Level 1:colcon.colcon_core.environment:checking '/home/yj/桌面/ros2-rpi/install/ros2_data_fusion/bin'
[2.130s] Level 1:colcon.colcon_core.environment:checking '/home/yj/桌面/ros2-rpi/install/ros2_data_fusion/lib/pkgconfig/ros2_data_fusion.pc'
[2.130s] Level 1:colcon.colcon_core.environment:checking '/home/yj/桌面/ros2-rpi/install/ros2_data_fusion/lib/python3.12/site-packages'
[2.130s] Level 1:colcon.colcon_core.shell:create_environment_hook('ros2_data_fusion', 'pythonpath')
[2.130s] INFO:colcon.colcon_core.shell:Creating environment hook '/home/yj/桌面/ros2-rpi/install/ros2_data_fusion/share/ros2_data_fusion/hook/pythonpath.ps1'
[2.130s] INFO:colcon.colcon_core.shell:Creating environment descriptor '/home/yj/桌面/ros2-rpi/install/ros2_data_fusion/share/ros2_data_fusion/hook/pythonpath.dsv'
[2.130s] INFO:colcon.colcon_core.shell:Creating environment hook '/home/yj/桌面/ros2-rpi/install/ros2_data_fusion/share/ros2_data_fusion/hook/pythonpath.sh'
[2.131s] Level 1:colcon.colcon_core.environment:checking '/home/yj/桌面/ros2-rpi/install/ros2_data_fusion/bin'
[2.131s] Level 1:colcon.colcon_core.environment:create_environment_scripts_only(ros2_data_fusion)
[2.131s] INFO:colcon.colcon_core.shell:Creating package script '/home/yj/桌面/ros2-rpi/install/ros2_data_fusion/share/ros2_data_fusion/package.ps1'
[2.131s] INFO:colcon.colcon_core.shell:Creating package descriptor '/home/yj/桌面/ros2-rpi/install/ros2_data_fusion/share/ros2_data_fusion/package.dsv'
[2.131s] INFO:colcon.colcon_core.shell:Creating package script '/home/yj/桌面/ros2-rpi/install/ros2_data_fusion/share/ros2_data_fusion/package.sh'
[2.132s] INFO:colcon.colcon_core.shell:Creating package script '/home/yj/桌面/ros2-rpi/install/ros2_data_fusion/share/ros2_data_fusion/package.bash'
[2.132s] INFO:colcon.colcon_core.shell:Creating package script '/home/yj/桌面/ros2-rpi/install/ros2_data_fusion/share/ros2_data_fusion/package.zsh'
[2.132s] Level 1:colcon.colcon_core.environment:create_file_with_runtime_dependencies(/home/yj/桌面/ros2-rpi/install/ros2_data_fusion/share/colcon-core/packages/ros2_data_fusion)
[2.540s] DEBUG:colcon.colcon_core.event_handler.log_command:Invoking command in '/home/yj/桌面/ros2-rpi/build/sciroad1': DEBUGINFOD_URLS=https://debuginfod.ubuntu.com PS1=(my_ros_env) \[\e]0;\u@\h: \w\a\]${debian_chroot:+($debian_chroot)}\[\033[01;32m\]\u@\h\[\033[00m\]:\[\033[01;34m\]\w\[\033[00m\]\$ PYTHONPATH=/home/yj/桌面/ros2-rpi/build/sciroad1/prefix_override:/usr/lib/python3/dist-packages/colcon_core/task/python/colcon_distutils_commands:/home/yj/桌面/ros2-rpi/install/sciroad1/lib/python3.12/site-packages:${PYTHONPATH} VIRTUAL_ENV_PROMPT=(my_ros_env) /usr/bin/python3 -W ignore:setup.py install is deprecated -W ignore:easy_install command is deprecated setup.py develop --editable --build-directory /home/yj/桌面/ros2-rpi/build/sciroad1/build --no-deps symlink_data
[2.551s] DEBUG:colcon.colcon_core.event_handler.log_command:Invoking command in '/home/yj/桌面/ros2-rpi/build/ros2_serial_bridge': DEBUGINFOD_URLS=https://debuginfod.ubuntu.com PS1=(my_ros_env) \[\e]0;\u@\h: \w\a\]${debian_chroot:+($debian_chroot)}\[\033[01;32m\]\u@\h\[\033[00m\]:\[\033[01;34m\]\w\[\033[00m\]\$ PYTHONPATH=/home/yj/桌面/ros2-rpi/build/ros2_serial_bridge/prefix_override:/usr/lib/python3/dist-packages/colcon_core/task/python/colcon_distutils_commands:/home/yj/桌面/ros2-rpi/install/ros2_serial_bridge/lib/python3.12/site-packages:${PYTHONPATH} VIRTUAL_ENV_PROMPT=(my_ros_env) /usr/bin/python3 -W ignore:setup.py install is deprecated -W ignore:easy_install command is deprecated setup.py develop --editable --build-directory /home/yj/桌面/ros2-rpi/build/ros2_serial_bridge/build --no-deps symlink_data
[2.967s] Level 1:colcon.colcon_core.shell:create_environment_hook('sciroad1', 'pythonpath_develop')
[2.967s] DEBUG:colcon.colcon_core.event_handler.log_command:Invoked command in '/home/yj/桌面/ros2-rpi/build/sciroad1' returned '0': DEBUGINFOD_URLS=https://debuginfod.ubuntu.com PS1=(my_ros_env) \[\e]0;\u@\h: \w\a\]${debian_chroot:+($debian_chroot)}\[\033[01;32m\]\u@\h\[\033[00m\]:\[\033[01;34m\]\w\[\033[00m\]\$ PYTHONPATH=/home/yj/桌面/ros2-rpi/build/sciroad1/prefix_override:/usr/lib/python3/dist-packages/colcon_core/task/python/colcon_distutils_commands:/home/yj/桌面/ros2-rpi/install/sciroad1/lib/python3.12/site-packages:${PYTHONPATH} VIRTUAL_ENV_PROMPT=(my_ros_env) /usr/bin/python3 -W ignore:setup.py install is deprecated -W ignore:easy_install command is deprecated setup.py develop --editable --build-directory /home/yj/桌面/ros2-rpi/build/sciroad1/build --no-deps symlink_data
[2.967s] INFO:colcon.colcon_core.shell:Creating environment hook '/home/yj/桌面/ros2-rpi/build/sciroad1/share/sciroad1/hook/pythonpath_develop.ps1'
[2.967s] INFO:colcon.colcon_core.shell:Creating environment descriptor '/home/yj/桌面/ros2-rpi/build/sciroad1/share/sciroad1/hook/pythonpath_develop.dsv'
[2.968s] INFO:colcon.colcon_core.shell:Creating environment hook '/home/yj/桌面/ros2-rpi/build/sciroad1/share/sciroad1/hook/pythonpath_develop.sh'
[2.968s] Level 1:colcon.colcon_core.environment:checking '/home/yj/桌面/ros2-rpi/install/sciroad1' for CMake module files
[2.968s] Level 1:colcon.colcon_core.environment:checking '/home/yj/桌面/ros2-rpi/install/sciroad1' for CMake config files
[2.969s] Level 1:colcon.colcon_core.environment:checking '/home/yj/桌面/ros2-rpi/install/sciroad1/lib'
[2.969s] Level 1:colcon.colcon_core.environment:checking '/home/yj/桌面/ros2-rpi/install/sciroad1/bin'
[2.969s] Level 1:colcon.colcon_core.environment:checking '/home/yj/桌面/ros2-rpi/install/sciroad1/lib/pkgconfig/sciroad1.pc'
[2.969s] Level 1:colcon.colcon_core.environment:checking '/home/yj/桌面/ros2-rpi/install/sciroad1/lib/python3.12/site-packages'
[2.969s] Level 1:colcon.colcon_core.shell:create_environment_hook('sciroad1', 'pythonpath')
[2.969s] INFO:colcon.colcon_core.shell:Creating environment hook '/home/yj/桌面/ros2-rpi/install/sciroad1/share/sciroad1/hook/pythonpath.ps1'
[2.969s] INFO:colcon.colcon_core.shell:Creating environment descriptor '/home/yj/桌面/ros2-rpi/install/sciroad1/share/sciroad1/hook/pythonpath.dsv'
[2.970s] INFO:colcon.colcon_core.shell:Creating environment hook '/home/yj/桌面/ros2-rpi/install/sciroad1/share/sciroad1/hook/pythonpath.sh'
[2.970s] Level 1:colcon.colcon_core.environment:checking '/home/yj/桌面/ros2-rpi/install/sciroad1/bin'
[2.970s] Level 1:colcon.colcon_core.environment:create_environment_scripts_only(sciroad1)
[2.970s] INFO:colcon.colcon_core.shell:Creating package script '/home/yj/桌面/ros2-rpi/install/sciroad1/share/sciroad1/package.ps1'
[2.971s] INFO:colcon.colcon_core.shell:Creating package descriptor '/home/yj/桌面/ros2-rpi/install/sciroad1/share/sciroad1/package.dsv'
[2.971s] INFO:colcon.colcon_core.shell:Creating package script '/home/yj/桌面/ros2-rpi/install/sciroad1/share/sciroad1/package.sh'
[2.971s] INFO:colcon.colcon_core.shell:Creating package script '/home/yj/桌面/ros2-rpi/install/sciroad1/share/sciroad1/package.bash'
[2.971s] INFO:colcon.colcon_core.shell:Creating package script '/home/yj/桌面/ros2-rpi/install/sciroad1/share/sciroad1/package.zsh'
[2.971s] Level 1:colcon.colcon_core.environment:create_file_with_runtime_dependencies(/home/yj/桌面/ros2-rpi/install/sciroad1/share/colcon-core/packages/sciroad1)
[2.995s] Level 1:colcon.colcon_core.shell:create_environment_hook('ros2_serial_bridge', 'pythonpath_develop')
[2.996s] INFO:colcon.colcon_core.shell:Creating environment hook '/home/yj/桌面/ros2-rpi/build/ros2_serial_bridge/share/ros2_serial_bridge/hook/pythonpath_develop.ps1'
[2.996s] DEBUG:colcon.colcon_core.event_handler.log_command:Invoked command in '/home/yj/桌面/ros2-rpi/build/ros2_serial_bridge' returned '0': DEBUGINFOD_URLS=https://debuginfod.ubuntu.com PS1=(my_ros_env) \[\e]0;\u@\h: \w\a\]${debian_chroot:+($debian_chroot)}\[\033[01;32m\]\u@\h\[\033[00m\]:\[\033[01;34m\]\w\[\033[00m\]\$ PYTHONPATH=/home/yj/桌面/ros2-rpi/build/ros2_serial_bridge/prefix_override:/usr/lib/python3/dist-packages/colcon_core/task/python/colcon_distutils_commands:/home/yj/桌面/ros2-rpi/install/ros2_serial_bridge/lib/python3.12/site-packages:${PYTHONPATH} VIRTUAL_ENV_PROMPT=(my_ros_env) /usr/bin/python3 -W ignore:setup.py install is deprecated -W ignore:easy_install command is deprecated setup.py develop --editable --build-directory /home/yj/桌面/ros2-rpi/build/ros2_serial_bridge/build --no-deps symlink_data
[2.997s] INFO:colcon.colcon_core.shell:Creating environment descriptor '/home/yj/桌面/ros2-rpi/build/ros2_serial_bridge/share/ros2_serial_bridge/hook/pythonpath_develop.dsv'
[2.997s] INFO:colcon.colcon_core.shell:Creating environment hook '/home/yj/桌面/ros2-rpi/build/ros2_serial_bridge/share/ros2_serial_bridge/hook/pythonpath_develop.sh'
[2.997s] Level 1:colcon.colcon_core.environment:checking '/home/yj/桌面/ros2-rpi/install/ros2_serial_bridge' for CMake module files
[2.997s] Level 1:colcon.colcon_core.environment:checking '/home/yj/桌面/ros2-rpi/install/ros2_serial_bridge' for CMake config files
[2.998s] Level 1:colcon.colcon_core.environment:checking '/home/yj/桌面/ros2-rpi/install/ros2_serial_bridge/lib'
[2.998s] Level 1:colcon.colcon_core.environment:checking '/home/yj/桌面/ros2-rpi/install/ros2_serial_bridge/bin'
[2.998s] Level 1:colcon.colcon_core.environment:checking '/home/yj/桌面/ros2-rpi/install/ros2_serial_bridge/lib/pkgconfig/ros2_serial_bridge.pc'
[2.998s] Level 1:colcon.colcon_core.environment:checking '/home/yj/桌面/ros2-rpi/install/ros2_serial_bridge/lib/python3.12/site-packages'
[2.998s] Level 1:colcon.colcon_core.shell:create_environment_hook('ros2_serial_bridge', 'pythonpath')
[2.998s] INFO:colcon.colcon_core.shell:Creating environment hook '/home/yj/桌面/ros2-rpi/install/ros2_serial_bridge/share/ros2_serial_bridge/hook/pythonpath.ps1'
[2.998s] INFO:colcon.colcon_core.shell:Creating environment descriptor '/home/yj/桌面/ros2-rpi/install/ros2_serial_bridge/share/ros2_serial_bridge/hook/pythonpath.dsv'
[2.999s] INFO:colcon.colcon_core.shell:Creating environment hook '/home/yj/桌面/ros2-rpi/install/ros2_serial_bridge/share/ros2_serial_bridge/hook/pythonpath.sh'
[2.999s] Level 1:colcon.colcon_core.environment:checking '/home/yj/桌面/ros2-rpi/install/ros2_serial_bridge/bin'
[2.999s] Level 1:colcon.colcon_core.environment:create_environment_scripts_only(ros2_serial_bridge)
[2.999s] INFO:colcon.colcon_core.shell:Creating package script '/home/yj/桌面/ros2-rpi/install/ros2_serial_bridge/share/ros2_serial_bridge/package.ps1'
[2.999s] INFO:colcon.colcon_core.shell:Creating package descriptor '/home/yj/桌面/ros2-rpi/install/ros2_serial_bridge/share/ros2_serial_bridge/package.dsv'
[3.000s] INFO:colcon.colcon_core.shell:Creating package script '/home/yj/桌面/ros2-rpi/install/ros2_serial_bridge/share/ros2_serial_bridge/package.sh'
[3.000s] INFO:colcon.colcon_core.shell:Creating package script '/home/yj/桌面/ros2-rpi/install/ros2_serial_bridge/share/ros2_serial_bridge/package.bash'
[3.000s] INFO:colcon.colcon_core.shell:Creating package script '/home/yj/桌面/ros2-rpi/install/ros2_serial_bridge/share/ros2_serial_bridge/package.zsh'
[3.000s] Level 1:colcon.colcon_core.environment:create_file_with_runtime_dependencies(/home/yj/桌面/ros2-rpi/install/ros2_serial_bridge/share/colcon-core/packages/ros2_serial_bridge)
[3.001s] DEBUG:colcon.colcon_parallel_executor.executor.parallel:closing loop
[3.001s] DEBUG:colcon.colcon_parallel_executor.executor.parallel:loop closed
[3.001s] DEBUG:colcon.colcon_parallel_executor.executor.parallel:run_until_complete finished with '0'
[3.002s] DEBUG:colcon.colcon_core.event_reactor:joining thread
[3.010s] INFO:colcon.colcon_core.plugin_system:Skipping extension 'colcon_notification.desktop_notification.terminal_notifier': Not used on non-Darwin systems
[3.010s] INFO:colcon.colcon_core.plugin_system:Skipping extension 'colcon_notification.desktop_notification.win32': Not used on non-Windows systems
[3.010s] INFO:colcon.colcon_notification.desktop_notification:Sending desktop notification using 'notify2'
[3.021s] DEBUG:colcon.colcon_core.event_reactor:joined thread
[3.022s] INFO:colcon.colcon_core.shell:Creating prefix script '/home/yj/桌面/ros2-rpi/install/local_setup.ps1'
[3.022s] INFO:colcon.colcon_core.shell:Creating prefix util module '/home/yj/桌面/ros2-rpi/install/_local_setup_util_ps1.py'
[3.023s] INFO:colcon.colcon_core.shell:Creating prefix chain script '/home/yj/桌面/ros2-rpi/install/setup.ps1'
[3.025s] INFO:colcon.colcon_core.shell:Creating prefix script '/home/yj/桌面/ros2-rpi/install/local_setup.sh'
[3.025s] INFO:colcon.colcon_core.shell:Creating prefix util module '/home/yj/桌面/ros2-rpi/install/_local_setup_util_sh.py'
[3.026s] INFO:colcon.colcon_core.shell:Creating prefix chain script '/home/yj/桌面/ros2-rpi/install/setup.sh'
[3.027s] INFO:colcon.colcon_core.shell:Creating prefix script '/home/yj/桌面/ros2-rpi/install/local_setup.bash'
[3.028s] INFO:colcon.colcon_core.shell:Creating prefix chain script '/home/yj/桌面/ros2-rpi/install/setup.bash'
[3.029s] INFO:colcon.colcon_core.shell:Creating prefix script '/home/yj/桌面/ros2-rpi/install/local_setup.zsh'
[3.030s] INFO:colcon.colcon_core.shell:Creating prefix chain script '/home/yj/桌面/ros2-rpi/install/setup.zsh'
