[0.597s] Invoking command in '/home/yj/桌面/ros2-rpi/build/sciroad1': DEBUGINFOD_URLS=https://debuginfod.ubuntu.com PS1=(my_ros_env) \[\e]0;\u@\h: \w\a\]${debian_chroot:+($debian_chroot)}\[\033[01;32m\]\u@\h\[\033[00m\]:\[\033[01;34m\]\w\[\033[00m\]\$ PYTHONPATH=/home/yj/桌面/ros2-rpi/build/sciroad1/prefix_override:/usr/lib/python3/dist-packages/colcon_core/task/python/colcon_distutils_commands:/home/yj/桌面/ros2-rpi/install/sciroad1/lib/python3.12/site-packages:${PYTHONPATH} VIRTUAL_ENV_PROMPT=(my_ros_env) /usr/bin/python3 -W ignore:setup.py install is deprecated -W ignore:easy_install command is deprecated setup.py develop --editable --build-directory /home/yj/桌面/ros2-rpi/build/sciroad1/build --no-deps symlink_data
[0.843s] running develop
[0.982s] running egg_info
[0.996s] writing sciroad1.egg-info/PKG-INFO
[0.996s] writing dependency_links to sciroad1.egg-info/dependency_links.txt
[0.996s] writing entry points to sciroad1.egg-info/entry_points.txt
[0.996s] writing requirements to sciroad1.egg-info/requires.txt
[0.997s] writing top-level names to sciroad1.egg-info/top_level.txt
[1.024s] reading manifest file 'sciroad1.egg-info/SOURCES.txt'
[1.025s] writing manifest file 'sciroad1.egg-info/SOURCES.txt'
[1.038s] running build_ext
[1.039s] Creating /home/yj/桌面/ros2-rpi/install/sciroad1/lib/python3.12/site-packages/sciroad1.egg-link (link to .)
[1.039s] Installing gimbal_control_node script to /home/yj/桌面/ros2-rpi/install/sciroad1/lib/sciroad1
[1.039s] Installing keepsampling_node script to /home/yj/桌面/ros2-rpi/install/sciroad1/lib/sciroad1
[1.040s] Installing test_pan_node script to /home/yj/桌面/ros2-rpi/install/sciroad1/lib/sciroad1
[1.040s] Installing turntable_control_yaw_node script to /home/yj/桌面/ros2-rpi/install/sciroad1/lib/sciroad1
[1.040s] 
[1.040s] Installed /home/yj/桌面/ros2-rpi/build/sciroad1
[1.040s] running symlink_data
[1.057s] Invoked command in '/home/yj/桌面/ros2-rpi/build/sciroad1' returned '0': DEBUGINFOD_URLS=https://debuginfod.ubuntu.com PS1=(my_ros_env) \[\e]0;\u@\h: \w\a\]${debian_chroot:+($debian_chroot)}\[\033[01;32m\]\u@\h\[\033[00m\]:\[\033[01;34m\]\w\[\033[00m\]\$ PYTHONPATH=/home/yj/桌面/ros2-rpi/build/sciroad1/prefix_override:/usr/lib/python3/dist-packages/colcon_core/task/python/colcon_distutils_commands:/home/yj/桌面/ros2-rpi/install/sciroad1/lib/python3.12/site-packages:${PYTHONPATH} VIRTUAL_ENV_PROMPT=(my_ros_env) /usr/bin/python3 -W ignore:setup.py install is deprecated -W ignore:easy_install command is deprecated setup.py develop --editable --build-directory /home/yj/桌面/ros2-rpi/build/sciroad1/build --no-deps symlink_data
