[0.272s] DEBUG:colcon:Command line arguments: ['/usr/bin/colcon', 'build', '--symlink-install']
[0.272s] DEBUG:colcon:Parsed command line arguments: Namespace(log_base=None, log_level=None, verb_name='build', build_base='build', install_base='install', merge_install=False, symlink_install=True, test_result_base=None, continue_on_error=False, executor='parallel', parallel_workers=4, event_handlers=None, ignore_user_meta=False, metas=['./colcon.meta'], base_paths=['.'], packages_ignore=None, packages_ignore_regex=None, paths=None, packages_up_to=None, packages_up_to_regex=None, packages_above=None, packages_above_and_dependencies=None, packages_above_depth=None, packages_select_by_dep=None, packages_skip_by_dep=None, packages_skip_up_to=None, packages_select_build_failed=False, packages_skip_build_finished=False, packages_select_test_failures=False, packages_skip_test_passed=False, packages_select=None, packages_skip=None, packages_select_regex=None, packages_skip_regex=None, packages_start=None, packages_end=None, allow_overriding=[], cmake_args=None, cmake_target=None, cmake_target_skip_unavailable=False, cmake_clean_cache=False, cmake_clean_first=False, cmake_force_configure=False, ament_cmake_args=None, catkin_cmake_args=None, catkin_skip_building_tests=False, mixin_files=None, mixin=None, verb_parser=<colcon_mixin.mixin.mixin_argument.MixinArgumentDecorator object at 0x7efc801c50d0>, verb_extension=<colcon_core.verb.build.BuildVerb object at 0x7efc801c4dd0>, main=<bound method BuildVerb.main of <colcon_core.verb.build.BuildVerb object at 0x7efc801c4dd0>>, mixin_verb=('build',))
[0.374s] Level 1:colcon.colcon_core.package_discovery:discover_packages(colcon_meta) check parameters
[0.374s] Level 1:colcon.colcon_core.package_discovery:discover_packages(recursive) check parameters
[0.374s] Level 1:colcon.colcon_core.package_discovery:discover_packages(ignore) check parameters
[0.374s] Level 1:colcon.colcon_core.package_discovery:discover_packages(path) check parameters
[0.374s] Level 1:colcon.colcon_core.package_discovery:discover_packages(colcon_meta) discover
[0.374s] Level 1:colcon.colcon_core.package_discovery:discover_packages(recursive) discover
[0.374s] INFO:colcon.colcon_core.package_discovery:Crawling recursively for packages in '/home/yj/桌面/ros2-rpi'
[0.374s] Level 1:colcon.colcon_core.package_identification:_identify(.) by extensions ['ignore', 'ignore_ament_install']
[0.374s] Level 1:colcon.colcon_core.package_identification:_identify(.) by extension 'ignore'
[0.374s] Level 1:colcon.colcon_core.package_identification:_identify(.) by extension 'ignore_ament_install'
[0.375s] Level 1:colcon.colcon_core.package_identification:_identify(.) by extensions ['colcon_pkg']
[0.375s] Level 1:colcon.colcon_core.package_identification:_identify(.) by extension 'colcon_pkg'
[0.375s] Level 1:colcon.colcon_core.package_identification:_identify(.) by extensions ['colcon_meta']
[0.375s] Level 1:colcon.colcon_core.package_identification:_identify(.) by extension 'colcon_meta'
[0.375s] Level 1:colcon.colcon_core.package_identification:_identify(.) by extensions ['ros']
[0.375s] Level 1:colcon.colcon_core.package_identification:_identify(.) by extension 'ros'
[0.425s] Level 1:colcon.colcon_core.package_identification:_identify(.) by extensions ['cmake', 'python']
[0.425s] Level 1:colcon.colcon_core.package_identification:_identify(.) by extension 'cmake'
[0.425s] Level 1:colcon.colcon_core.package_identification:_identify(.) by extension 'python'
[0.425s] Level 1:colcon.colcon_core.package_identification:_identify(.) by extensions ['python_setup_py']
[0.425s] Level 1:colcon.colcon_core.package_identification:_identify(.) by extension 'python_setup_py'
[0.425s] Level 1:colcon.colcon_core.package_identification:_identify(build) by extensions ['ignore', 'ignore_ament_install']
[0.425s] Level 1:colcon.colcon_core.package_identification:_identify(build) by extension 'ignore'
[0.425s] Level 1:colcon.colcon_core.package_identification:_identify(build) ignored
[0.426s] Level 1:colcon.colcon_core.package_identification:_identify(data) by extensions ['ignore', 'ignore_ament_install']
[0.426s] Level 1:colcon.colcon_core.package_identification:_identify(data) by extension 'ignore'
[0.426s] Level 1:colcon.colcon_core.package_identification:_identify(data) by extension 'ignore_ament_install'
[0.426s] Level 1:colcon.colcon_core.package_identification:_identify(data) by extensions ['colcon_pkg']
[0.426s] Level 1:colcon.colcon_core.package_identification:_identify(data) by extension 'colcon_pkg'
[0.426s] Level 1:colcon.colcon_core.package_identification:_identify(data) by extensions ['colcon_meta']
[0.426s] Level 1:colcon.colcon_core.package_identification:_identify(data) by extension 'colcon_meta'
[0.426s] Level 1:colcon.colcon_core.package_identification:_identify(data) by extensions ['ros']
[0.426s] Level 1:colcon.colcon_core.package_identification:_identify(data) by extension 'ros'
[0.426s] Level 1:colcon.colcon_core.package_identification:_identify(data) by extensions ['cmake', 'python']
[0.426s] Level 1:colcon.colcon_core.package_identification:_identify(data) by extension 'cmake'
[0.426s] Level 1:colcon.colcon_core.package_identification:_identify(data) by extension 'python'
[0.426s] Level 1:colcon.colcon_core.package_identification:_identify(data) by extensions ['python_setup_py']
[0.426s] Level 1:colcon.colcon_core.package_identification:_identify(data) by extension 'python_setup_py'
[0.427s] Level 1:colcon.colcon_core.package_identification:_identify(install) by extensions ['ignore', 'ignore_ament_install']
[0.427s] Level 1:colcon.colcon_core.package_identification:_identify(install) by extension 'ignore'
[0.427s] Level 1:colcon.colcon_core.package_identification:_identify(install) ignored
[0.427s] Level 1:colcon.colcon_core.package_identification:_identify(log) by extensions ['ignore', 'ignore_ament_install']
[0.427s] Level 1:colcon.colcon_core.package_identification:_identify(log) by extension 'ignore'
[0.427s] Level 1:colcon.colcon_core.package_identification:_identify(log) ignored
[0.427s] Level 1:colcon.colcon_core.package_identification:_identify(src) by extensions ['ignore', 'ignore_ament_install']
[0.427s] Level 1:colcon.colcon_core.package_identification:_identify(src) by extension 'ignore'
[0.427s] Level 1:colcon.colcon_core.package_identification:_identify(src) by extension 'ignore_ament_install'
[0.427s] Level 1:colcon.colcon_core.package_identification:_identify(src) by extensions ['colcon_pkg']
[0.427s] Level 1:colcon.colcon_core.package_identification:_identify(src) by extension 'colcon_pkg'
[0.427s] Level 1:colcon.colcon_core.package_identification:_identify(src) by extensions ['colcon_meta']
[0.427s] Level 1:colcon.colcon_core.package_identification:_identify(src) by extension 'colcon_meta'
[0.427s] Level 1:colcon.colcon_core.package_identification:_identify(src) by extensions ['ros']
[0.427s] Level 1:colcon.colcon_core.package_identification:_identify(src) by extension 'ros'
[0.428s] Level 1:colcon.colcon_core.package_identification:_identify(src) by extensions ['cmake', 'python']
[0.428s] Level 1:colcon.colcon_core.package_identification:_identify(src) by extension 'cmake'
[0.428s] Level 1:colcon.colcon_core.package_identification:_identify(src) by extension 'python'
[0.428s] Level 1:colcon.colcon_core.package_identification:_identify(src) by extensions ['python_setup_py']
[0.428s] Level 1:colcon.colcon_core.package_identification:_identify(src) by extension 'python_setup_py'
[0.428s] Level 1:colcon.colcon_core.package_identification:_identify(src/gps_driver) by extensions ['ignore', 'ignore_ament_install']
[0.428s] Level 1:colcon.colcon_core.package_identification:_identify(src/gps_driver) by extension 'ignore'
[0.428s] Level 1:colcon.colcon_core.package_identification:_identify(src/gps_driver) by extension 'ignore_ament_install'
[0.428s] Level 1:colcon.colcon_core.package_identification:_identify(src/gps_driver) by extensions ['colcon_pkg']
[0.428s] Level 1:colcon.colcon_core.package_identification:_identify(src/gps_driver) by extension 'colcon_pkg'
[0.428s] Level 1:colcon.colcon_core.package_identification:_identify(src/gps_driver) by extensions ['colcon_meta']
[0.428s] Level 1:colcon.colcon_core.package_identification:_identify(src/gps_driver) by extension 'colcon_meta'
[0.428s] Level 1:colcon.colcon_core.package_identification:_identify(src/gps_driver) by extensions ['ros']
[0.428s] Level 1:colcon.colcon_core.package_identification:_identify(src/gps_driver) by extension 'ros'
[0.433s] DEBUG:colcon.colcon_core.package_identification:Package 'src/gps_driver' with type 'ros.ament_python' and name 'gps_driver'
[0.434s] Level 1:colcon.colcon_core.package_identification:_identify(src/imu_driver) by extensions ['ignore', 'ignore_ament_install']
[0.434s] Level 1:colcon.colcon_core.package_identification:_identify(src/imu_driver) by extension 'ignore'
[0.434s] Level 1:colcon.colcon_core.package_identification:_identify(src/imu_driver) by extension 'ignore_ament_install'
[0.434s] Level 1:colcon.colcon_core.package_identification:_identify(src/imu_driver) by extensions ['colcon_pkg']
[0.434s] Level 1:colcon.colcon_core.package_identification:_identify(src/imu_driver) by extension 'colcon_pkg'
[0.434s] Level 1:colcon.colcon_core.package_identification:_identify(src/imu_driver) by extensions ['colcon_meta']
[0.434s] Level 1:colcon.colcon_core.package_identification:_identify(src/imu_driver) by extension 'colcon_meta'
[0.434s] Level 1:colcon.colcon_core.package_identification:_identify(src/imu_driver) by extensions ['ros']
[0.434s] Level 1:colcon.colcon_core.package_identification:_identify(src/imu_driver) by extension 'ros'
[0.435s] DEBUG:colcon.colcon_core.package_identification:Package 'src/imu_driver' with type 'ros.ament_python' and name 'imu_driver'
[0.435s] Level 1:colcon.colcon_core.package_identification:_identify(src/launch_pkg) by extensions ['ignore', 'ignore_ament_install']
[0.435s] Level 1:colcon.colcon_core.package_identification:_identify(src/launch_pkg) by extension 'ignore'
[0.435s] Level 1:colcon.colcon_core.package_identification:_identify(src/launch_pkg) by extension 'ignore_ament_install'
[0.435s] Level 1:colcon.colcon_core.package_identification:_identify(src/launch_pkg) by extensions ['colcon_pkg']
[0.435s] Level 1:colcon.colcon_core.package_identification:_identify(src/launch_pkg) by extension 'colcon_pkg'
[0.435s] Level 1:colcon.colcon_core.package_identification:_identify(src/launch_pkg) by extensions ['colcon_meta']
[0.435s] Level 1:colcon.colcon_core.package_identification:_identify(src/launch_pkg) by extension 'colcon_meta'
[0.435s] Level 1:colcon.colcon_core.package_identification:_identify(src/launch_pkg) by extensions ['ros']
[0.435s] Level 1:colcon.colcon_core.package_identification:_identify(src/launch_pkg) by extension 'ros'
[0.436s] DEBUG:colcon.colcon_core.package_identification:Package 'src/launch_pkg' with type 'ros.ament_python' and name 'launch_pkg'
[0.436s] Level 1:colcon.colcon_core.package_identification:_identify(src/ros2_data_fusion) by extensions ['ignore', 'ignore_ament_install']
[0.436s] Level 1:colcon.colcon_core.package_identification:_identify(src/ros2_data_fusion) by extension 'ignore'
[0.436s] Level 1:colcon.colcon_core.package_identification:_identify(src/ros2_data_fusion) by extension 'ignore_ament_install'
[0.436s] Level 1:colcon.colcon_core.package_identification:_identify(src/ros2_data_fusion) by extensions ['colcon_pkg']
[0.436s] Level 1:colcon.colcon_core.package_identification:_identify(src/ros2_data_fusion) by extension 'colcon_pkg'
[0.436s] Level 1:colcon.colcon_core.package_identification:_identify(src/ros2_data_fusion) by extensions ['colcon_meta']
[0.436s] Level 1:colcon.colcon_core.package_identification:_identify(src/ros2_data_fusion) by extension 'colcon_meta'
[0.436s] Level 1:colcon.colcon_core.package_identification:_identify(src/ros2_data_fusion) by extensions ['ros']
[0.436s] Level 1:colcon.colcon_core.package_identification:_identify(src/ros2_data_fusion) by extension 'ros'
[0.437s] DEBUG:colcon.colcon_core.package_identification:Package 'src/ros2_data_fusion' with type 'ros.ament_python' and name 'ros2_data_fusion'
[0.437s] Level 1:colcon.colcon_core.package_identification:_identify(src/ros2_serial_bridge) by extensions ['ignore', 'ignore_ament_install']
[0.437s] Level 1:colcon.colcon_core.package_identification:_identify(src/ros2_serial_bridge) by extension 'ignore'
[0.437s] Level 1:colcon.colcon_core.package_identification:_identify(src/ros2_serial_bridge) by extension 'ignore_ament_install'
[0.437s] Level 1:colcon.colcon_core.package_identification:_identify(src/ros2_serial_bridge) by extensions ['colcon_pkg']
[0.437s] Level 1:colcon.colcon_core.package_identification:_identify(src/ros2_serial_bridge) by extension 'colcon_pkg'
[0.437s] Level 1:colcon.colcon_core.package_identification:_identify(src/ros2_serial_bridge) by extensions ['colcon_meta']
[0.437s] Level 1:colcon.colcon_core.package_identification:_identify(src/ros2_serial_bridge) by extension 'colcon_meta'
[0.437s] Level 1:colcon.colcon_core.package_identification:_identify(src/ros2_serial_bridge) by extensions ['ros']
[0.437s] Level 1:colcon.colcon_core.package_identification:_identify(src/ros2_serial_bridge) by extension 'ros'
[0.438s] DEBUG:colcon.colcon_core.package_identification:Package 'src/ros2_serial_bridge' with type 'ros.ament_python' and name 'ros2_serial_bridge'
[0.438s] Level 1:colcon.colcon_core.package_identification:_identify(src/sciroad1) by extensions ['ignore', 'ignore_ament_install']
[0.438s] Level 1:colcon.colcon_core.package_identification:_identify(src/sciroad1) by extension 'ignore'
[0.438s] Level 1:colcon.colcon_core.package_identification:_identify(src/sciroad1) by extension 'ignore_ament_install'
[0.438s] Level 1:colcon.colcon_core.package_identification:_identify(src/sciroad1) by extensions ['colcon_pkg']
[0.438s] Level 1:colcon.colcon_core.package_identification:_identify(src/sciroad1) by extension 'colcon_pkg'
[0.438s] Level 1:colcon.colcon_core.package_identification:_identify(src/sciroad1) by extensions ['colcon_meta']
[0.438s] Level 1:colcon.colcon_core.package_identification:_identify(src/sciroad1) by extension 'colcon_meta'
[0.438s] Level 1:colcon.colcon_core.package_identification:_identify(src/sciroad1) by extensions ['ros']
[0.438s] Level 1:colcon.colcon_core.package_identification:_identify(src/sciroad1) by extension 'ros'
[0.439s] DEBUG:colcon.colcon_core.package_identification:Package 'src/sciroad1' with type 'ros.ament_python' and name 'sciroad1'
[0.439s] Level 1:colcon.colcon_core.package_discovery:discover_packages(recursive) using defaults
[0.439s] Level 1:colcon.colcon_core.package_discovery:discover_packages(ignore) discover
[0.439s] Level 1:colcon.colcon_core.package_discovery:discover_packages(ignore) using defaults
[0.439s] Level 1:colcon.colcon_core.package_discovery:discover_packages(path) discover
[0.439s] Level 1:colcon.colcon_core.package_discovery:discover_packages(path) using defaults
[0.481s] Level 1:colcon.colcon_core.package_discovery:discover_packages(prefix_path) check parameters
[0.481s] Level 1:colcon.colcon_core.package_discovery:discover_packages(prefix_path) discover
[0.492s] DEBUG:colcon.colcon_installed_package_information.package_discovery:Found 5 installed packages in /home/yj/桌面/ros2-rpi2/install
[0.493s] DEBUG:colcon.colcon_installed_package_information.package_discovery:Found 6 installed packages in /home/yj/桌面/ros2-rpi/install
[0.495s] DEBUG:colcon.colcon_installed_package_information.package_discovery:Found 21 installed packages in /home/yj/dev_ws/install
[0.497s] DEBUG:colcon.colcon_installed_package_information.package_discovery:Found 294 installed packages in /opt/ros/jazzy
[0.498s] Level 1:colcon.colcon_core.package_discovery:discover_packages(prefix_path) using defaults
[0.603s] Level 5:colcon.colcon_core.verb:set package 'gps_driver' build argument 'cmake_args' from command line to 'None'
[0.603s] Level 5:colcon.colcon_core.verb:set package 'gps_driver' build argument 'cmake_target' from command line to 'None'
[0.603s] Level 5:colcon.colcon_core.verb:set package 'gps_driver' build argument 'cmake_target_skip_unavailable' from command line to 'False'
[0.603s] Level 5:colcon.colcon_core.verb:set package 'gps_driver' build argument 'cmake_clean_cache' from command line to 'False'
[0.603s] Level 5:colcon.colcon_core.verb:set package 'gps_driver' build argument 'cmake_clean_first' from command line to 'False'
[0.603s] Level 5:colcon.colcon_core.verb:set package 'gps_driver' build argument 'cmake_force_configure' from command line to 'False'
[0.603s] Level 5:colcon.colcon_core.verb:set package 'gps_driver' build argument 'ament_cmake_args' from command line to 'None'
[0.603s] Level 5:colcon.colcon_core.verb:set package 'gps_driver' build argument 'catkin_cmake_args' from command line to 'None'
[0.604s] Level 5:colcon.colcon_core.verb:set package 'gps_driver' build argument 'catkin_skip_building_tests' from command line to 'False'
[0.604s] DEBUG:colcon.colcon_core.verb:Building package 'gps_driver' with the following arguments: {'ament_cmake_args': None, 'build_base': '/home/yj/桌面/ros2-rpi/build/gps_driver', 'catkin_cmake_args': None, 'catkin_skip_building_tests': False, 'cmake_args': None, 'cmake_clean_cache': False, 'cmake_clean_first': False, 'cmake_force_configure': False, 'cmake_target': None, 'cmake_target_skip_unavailable': False, 'install_base': '/home/yj/桌面/ros2-rpi/install/gps_driver', 'merge_install': False, 'path': '/home/yj/桌面/ros2-rpi/src/gps_driver', 'symlink_install': True, 'test_result_base': None}
[0.604s] Level 5:colcon.colcon_core.verb:set package 'imu_driver' build argument 'cmake_args' from command line to 'None'
[0.604s] Level 5:colcon.colcon_core.verb:set package 'imu_driver' build argument 'cmake_target' from command line to 'None'
[0.604s] Level 5:colcon.colcon_core.verb:set package 'imu_driver' build argument 'cmake_target_skip_unavailable' from command line to 'False'
[0.604s] Level 5:colcon.colcon_core.verb:set package 'imu_driver' build argument 'cmake_clean_cache' from command line to 'False'
[0.604s] Level 5:colcon.colcon_core.verb:set package 'imu_driver' build argument 'cmake_clean_first' from command line to 'False'
[0.604s] Level 5:colcon.colcon_core.verb:set package 'imu_driver' build argument 'cmake_force_configure' from command line to 'False'
[0.604s] Level 5:colcon.colcon_core.verb:set package 'imu_driver' build argument 'ament_cmake_args' from command line to 'None'
[0.604s] Level 5:colcon.colcon_core.verb:set package 'imu_driver' build argument 'catkin_cmake_args' from command line to 'None'
[0.604s] Level 5:colcon.colcon_core.verb:set package 'imu_driver' build argument 'catkin_skip_building_tests' from command line to 'False'
[0.604s] DEBUG:colcon.colcon_core.verb:Building package 'imu_driver' with the following arguments: {'ament_cmake_args': None, 'build_base': '/home/yj/桌面/ros2-rpi/build/imu_driver', 'catkin_cmake_args': None, 'catkin_skip_building_tests': False, 'cmake_args': None, 'cmake_clean_cache': False, 'cmake_clean_first': False, 'cmake_force_configure': False, 'cmake_target': None, 'cmake_target_skip_unavailable': False, 'install_base': '/home/yj/桌面/ros2-rpi/install/imu_driver', 'merge_install': False, 'path': '/home/yj/桌面/ros2-rpi/src/imu_driver', 'symlink_install': True, 'test_result_base': None}
[0.604s] Level 5:colcon.colcon_core.verb:set package 'launch_pkg' build argument 'cmake_args' from command line to 'None'
[0.604s] Level 5:colcon.colcon_core.verb:set package 'launch_pkg' build argument 'cmake_target' from command line to 'None'
[0.604s] Level 5:colcon.colcon_core.verb:set package 'launch_pkg' build argument 'cmake_target_skip_unavailable' from command line to 'False'
[0.604s] Level 5:colcon.colcon_core.verb:set package 'launch_pkg' build argument 'cmake_clean_cache' from command line to 'False'
[0.604s] Level 5:colcon.colcon_core.verb:set package 'launch_pkg' build argument 'cmake_clean_first' from command line to 'False'
[0.604s] Level 5:colcon.colcon_core.verb:set package 'launch_pkg' build argument 'cmake_force_configure' from command line to 'False'
[0.604s] Level 5:colcon.colcon_core.verb:set package 'launch_pkg' build argument 'ament_cmake_args' from command line to 'None'
[0.604s] Level 5:colcon.colcon_core.verb:set package 'launch_pkg' build argument 'catkin_cmake_args' from command line to 'None'
[0.604s] Level 5:colcon.colcon_core.verb:set package 'launch_pkg' build argument 'catkin_skip_building_tests' from command line to 'False'
[0.604s] DEBUG:colcon.colcon_core.verb:Building package 'launch_pkg' with the following arguments: {'ament_cmake_args': None, 'build_base': '/home/yj/桌面/ros2-rpi/build/launch_pkg', 'catkin_cmake_args': None, 'catkin_skip_building_tests': False, 'cmake_args': None, 'cmake_clean_cache': False, 'cmake_clean_first': False, 'cmake_force_configure': False, 'cmake_target': None, 'cmake_target_skip_unavailable': False, 'install_base': '/home/yj/桌面/ros2-rpi/install/launch_pkg', 'merge_install': False, 'path': '/home/yj/桌面/ros2-rpi/src/launch_pkg', 'symlink_install': True, 'test_result_base': None}
[0.604s] Level 5:colcon.colcon_core.verb:set package 'ros2_data_fusion' build argument 'cmake_args' from command line to 'None'
[0.605s] Level 5:colcon.colcon_core.verb:set package 'ros2_data_fusion' build argument 'cmake_target' from command line to 'None'
[0.605s] Level 5:colcon.colcon_core.verb:set package 'ros2_data_fusion' build argument 'cmake_target_skip_unavailable' from command line to 'False'
[0.605s] Level 5:colcon.colcon_core.verb:set package 'ros2_data_fusion' build argument 'cmake_clean_cache' from command line to 'False'
[0.605s] Level 5:colcon.colcon_core.verb:set package 'ros2_data_fusion' build argument 'cmake_clean_first' from command line to 'False'
[0.605s] Level 5:colcon.colcon_core.verb:set package 'ros2_data_fusion' build argument 'cmake_force_configure' from command line to 'False'
[0.605s] Level 5:colcon.colcon_core.verb:set package 'ros2_data_fusion' build argument 'ament_cmake_args' from command line to 'None'
[0.605s] Level 5:colcon.colcon_core.verb:set package 'ros2_data_fusion' build argument 'catkin_cmake_args' from command line to 'None'
[0.605s] Level 5:colcon.colcon_core.verb:set package 'ros2_data_fusion' build argument 'catkin_skip_building_tests' from command line to 'False'
[0.605s] DEBUG:colcon.colcon_core.verb:Building package 'ros2_data_fusion' with the following arguments: {'ament_cmake_args': None, 'build_base': '/home/yj/桌面/ros2-rpi/build/ros2_data_fusion', 'catkin_cmake_args': None, 'catkin_skip_building_tests': False, 'cmake_args': None, 'cmake_clean_cache': False, 'cmake_clean_first': False, 'cmake_force_configure': False, 'cmake_target': None, 'cmake_target_skip_unavailable': False, 'install_base': '/home/yj/桌面/ros2-rpi/install/ros2_data_fusion', 'merge_install': False, 'path': '/home/yj/桌面/ros2-rpi/src/ros2_data_fusion', 'symlink_install': True, 'test_result_base': None}
[0.605s] Level 5:colcon.colcon_core.verb:set package 'ros2_serial_bridge' build argument 'cmake_args' from command line to 'None'
[0.605s] Level 5:colcon.colcon_core.verb:set package 'ros2_serial_bridge' build argument 'cmake_target' from command line to 'None'
[0.605s] Level 5:colcon.colcon_core.verb:set package 'ros2_serial_bridge' build argument 'cmake_target_skip_unavailable' from command line to 'False'
[0.605s] Level 5:colcon.colcon_core.verb:set package 'ros2_serial_bridge' build argument 'cmake_clean_cache' from command line to 'False'
[0.605s] Level 5:colcon.colcon_core.verb:set package 'ros2_serial_bridge' build argument 'cmake_clean_first' from command line to 'False'
[0.605s] Level 5:colcon.colcon_core.verb:set package 'ros2_serial_bridge' build argument 'cmake_force_configure' from command line to 'False'
[0.605s] Level 5:colcon.colcon_core.verb:set package 'ros2_serial_bridge' build argument 'ament_cmake_args' from command line to 'None'
[0.605s] Level 5:colcon.colcon_core.verb:set package 'ros2_serial_bridge' build argument 'catkin_cmake_args' from command line to 'None'
[0.605s] Level 5:colcon.colcon_core.verb:set package 'ros2_serial_bridge' build argument 'catkin_skip_building_tests' from command line to 'False'
[0.605s] DEBUG:colcon.colcon_core.verb:Building package 'ros2_serial_bridge' with the following arguments: {'ament_cmake_args': None, 'build_base': '/home/yj/桌面/ros2-rpi/build/ros2_serial_bridge', 'catkin_cmake_args': None, 'catkin_skip_building_tests': False, 'cmake_args': None, 'cmake_clean_cache': False, 'cmake_clean_first': False, 'cmake_force_configure': False, 'cmake_target': None, 'cmake_target_skip_unavailable': False, 'install_base': '/home/yj/桌面/ros2-rpi/install/ros2_serial_bridge', 'merge_install': False, 'path': '/home/yj/桌面/ros2-rpi/src/ros2_serial_bridge', 'symlink_install': True, 'test_result_base': None}
[0.605s] Level 5:colcon.colcon_core.verb:set package 'sciroad1' build argument 'cmake_args' from command line to 'None'
[0.605s] Level 5:colcon.colcon_core.verb:set package 'sciroad1' build argument 'cmake_target' from command line to 'None'
[0.605s] Level 5:colcon.colcon_core.verb:set package 'sciroad1' build argument 'cmake_target_skip_unavailable' from command line to 'False'
[0.605s] Level 5:colcon.colcon_core.verb:set package 'sciroad1' build argument 'cmake_clean_cache' from command line to 'False'
[0.605s] Level 5:colcon.colcon_core.verb:set package 'sciroad1' build argument 'cmake_clean_first' from command line to 'False'
[0.605s] Level 5:colcon.colcon_core.verb:set package 'sciroad1' build argument 'cmake_force_configure' from command line to 'False'
[0.605s] Level 5:colcon.colcon_core.verb:set package 'sciroad1' build argument 'ament_cmake_args' from command line to 'None'
[0.605s] Level 5:colcon.colcon_core.verb:set package 'sciroad1' build argument 'catkin_cmake_args' from command line to 'None'
[0.605s] Level 5:colcon.colcon_core.verb:set package 'sciroad1' build argument 'catkin_skip_building_tests' from command line to 'False'
[0.605s] DEBUG:colcon.colcon_core.verb:Building package 'sciroad1' with the following arguments: {'ament_cmake_args': None, 'build_base': '/home/yj/桌面/ros2-rpi/build/sciroad1', 'catkin_cmake_args': None, 'catkin_skip_building_tests': False, 'cmake_args': None, 'cmake_clean_cache': False, 'cmake_clean_first': False, 'cmake_force_configure': False, 'cmake_target': None, 'cmake_target_skip_unavailable': False, 'install_base': '/home/yj/桌面/ros2-rpi/install/sciroad1', 'merge_install': False, 'path': '/home/yj/桌面/ros2-rpi/src/sciroad1', 'symlink_install': True, 'test_result_base': None}
[0.605s] INFO:colcon.colcon_core.executor:Executing jobs using 'parallel' executor
[0.607s] DEBUG:colcon.colcon_parallel_executor.executor.parallel:run_until_complete
[0.607s] INFO:colcon.colcon_ros.task.ament_python.build:Building ROS package in '/home/yj/桌面/ros2-rpi/src/gps_driver' with build type 'ament_python'
[0.607s] Level 1:colcon.colcon_core.shell:create_environment_hook('gps_driver', 'ament_prefix_path')
[0.616s] INFO:colcon.colcon_core.plugin_system:Skipping extension 'colcon_core.shell.bat': Not used on non-Windows systems
[0.616s] INFO:colcon.colcon_core.shell:Creating environment hook '/home/yj/桌面/ros2-rpi/install/gps_driver/share/gps_driver/hook/ament_prefix_path.ps1'
[0.618s] INFO:colcon.colcon_core.shell:Creating environment descriptor '/home/yj/桌面/ros2-rpi/install/gps_driver/share/gps_driver/hook/ament_prefix_path.dsv'
[0.619s] INFO:colcon.colcon_core.shell:Creating environment hook '/home/yj/桌面/ros2-rpi/install/gps_driver/share/gps_driver/hook/ament_prefix_path.sh'
[0.620s] INFO:colcon.colcon_core.shell:Skip shell extension 'powershell' for command environment: Not usable outside of PowerShell
[0.620s] DEBUG:colcon.colcon_core.shell:Skip shell extension 'dsv' for command environment
[0.627s] INFO:colcon.colcon_ros.task.ament_python.build:Building ROS package in '/home/yj/桌面/ros2-rpi/src/imu_driver' with build type 'ament_python'
[0.627s] Level 1:colcon.colcon_core.shell:create_environment_hook('imu_driver', 'ament_prefix_path')
[0.628s] INFO:colcon.colcon_core.shell:Creating environment hook '/home/yj/桌面/ros2-rpi/install/imu_driver/share/imu_driver/hook/ament_prefix_path.ps1'
[0.628s] INFO:colcon.colcon_core.shell:Creating environment descriptor '/home/yj/桌面/ros2-rpi/install/imu_driver/share/imu_driver/hook/ament_prefix_path.dsv'
[0.629s] INFO:colcon.colcon_core.shell:Creating environment hook '/home/yj/桌面/ros2-rpi/install/imu_driver/share/imu_driver/hook/ament_prefix_path.sh'
[0.629s] INFO:colcon.colcon_core.shell:Skip shell extension 'powershell' for command environment: Not usable outside of PowerShell
[0.629s] DEBUG:colcon.colcon_core.shell:Skip shell extension 'dsv' for command environment
[0.634s] INFO:colcon.colcon_ros.task.ament_python.build:Building ROS package in '/home/yj/桌面/ros2-rpi/src/launch_pkg' with build type 'ament_python'
[0.634s] Level 1:colcon.colcon_core.shell:create_environment_hook('launch_pkg', 'ament_prefix_path')
[0.634s] INFO:colcon.colcon_core.shell:Creating environment hook '/home/yj/桌面/ros2-rpi/install/launch_pkg/share/launch_pkg/hook/ament_prefix_path.ps1'
[0.635s] INFO:colcon.colcon_core.shell:Creating environment descriptor '/home/yj/桌面/ros2-rpi/install/launch_pkg/share/launch_pkg/hook/ament_prefix_path.dsv'
[0.636s] INFO:colcon.colcon_core.shell:Creating environment hook '/home/yj/桌面/ros2-rpi/install/launch_pkg/share/launch_pkg/hook/ament_prefix_path.sh'
[0.637s] INFO:colcon.colcon_core.shell:Skip shell extension 'powershell' for command environment: Not usable outside of PowerShell
[0.637s] DEBUG:colcon.colcon_core.shell:Skip shell extension 'dsv' for command environment
[0.642s] INFO:colcon.colcon_ros.task.ament_python.build:Building ROS package in '/home/yj/桌面/ros2-rpi/src/ros2_data_fusion' with build type 'ament_python'
[0.642s] Level 1:colcon.colcon_core.shell:create_environment_hook('ros2_data_fusion', 'ament_prefix_path')
[0.642s] INFO:colcon.colcon_core.shell:Creating environment hook '/home/yj/桌面/ros2-rpi/install/ros2_data_fusion/share/ros2_data_fusion/hook/ament_prefix_path.ps1'
[0.643s] INFO:colcon.colcon_core.shell:Creating environment descriptor '/home/yj/桌面/ros2-rpi/install/ros2_data_fusion/share/ros2_data_fusion/hook/ament_prefix_path.dsv'
[0.643s] INFO:colcon.colcon_core.shell:Creating environment hook '/home/yj/桌面/ros2-rpi/install/ros2_data_fusion/share/ros2_data_fusion/hook/ament_prefix_path.sh'
[0.644s] INFO:colcon.colcon_core.shell:Skip shell extension 'powershell' for command environment: Not usable outside of PowerShell
[0.644s] DEBUG:colcon.colcon_core.shell:Skip shell extension 'dsv' for command environment
[0.902s] INFO:colcon.colcon_core.task.python.build:Building Python package in '/home/yj/桌面/ros2-rpi/src/gps_driver'
[0.903s] INFO:colcon.colcon_core.shell:Skip shell extension 'powershell' for command environment: Not usable outside of PowerShell
[0.903s] DEBUG:colcon.colcon_core.shell:Skip shell extension 'dsv' for command environment
[1.060s] INFO:colcon.colcon_core.task.python.build:Building Python package in '/home/yj/桌面/ros2-rpi/src/imu_driver'
[1.061s] INFO:colcon.colcon_core.shell:Skip shell extension 'powershell' for command environment: Not usable outside of PowerShell
[1.061s] DEBUG:colcon.colcon_core.shell:Skip shell extension 'dsv' for command environment
[1.213s] INFO:colcon.colcon_core.task.python.build:Building Python package in '/home/yj/桌面/ros2-rpi/src/launch_pkg'
[1.213s] INFO:colcon.colcon_core.shell:Skip shell extension 'powershell' for command environment: Not usable outside of PowerShell
[1.213s] DEBUG:colcon.colcon_core.shell:Skip shell extension 'dsv' for command environment
[1.449s] INFO:colcon.colcon_core.task.python.build:Building Python package in '/home/yj/桌面/ros2-rpi/src/ros2_data_fusion'
[1.449s] INFO:colcon.colcon_core.shell:Skip shell extension 'powershell' for command environment: Not usable outside of PowerShell
[1.449s] DEBUG:colcon.colcon_core.shell:Skip shell extension 'dsv' for command environment
[2.916s] DEBUG:colcon.colcon_core.event_handler.log_command:Invoking command in '/home/yj/桌面/ros2-rpi/build/ros2_data_fusion': DEBUGINFOD_URLS=https://debuginfod.ubuntu.com PS1=(my_ros_env) \[\e]0;\u@\h: \w\a\]${debian_chroot:+($debian_chroot)}\[\033[01;32m\]\u@\h\[\033[00m\]:\[\033[01;34m\]\w\[\033[00m\]\$ PYTHONPATH=/home/yj/桌面/ros2-rpi/build/ros2_data_fusion/prefix_override:/usr/lib/python3/dist-packages/colcon_core/task/python/colcon_distutils_commands:/home/yj/桌面/ros2-rpi/install/ros2_data_fusion/lib/python3.12/site-packages:${PYTHONPATH} VIRTUAL_ENV_PROMPT=(my_ros_env) /usr/bin/python3 -W ignore:setup.py install is deprecated -W ignore:easy_install command is deprecated setup.py develop --editable --build-directory /home/yj/桌面/ros2-rpi/build/ros2_data_fusion/build --no-deps symlink_data
[2.939s] DEBUG:colcon.colcon_core.event_handler.log_command:Invoking command in '/home/yj/桌面/ros2-rpi/build/gps_driver': DEBUGINFOD_URLS=https://debuginfod.ubuntu.com PS1=(my_ros_env) \[\e]0;\u@\h: \w\a\]${debian_chroot:+($debian_chroot)}\[\033[01;32m\]\u@\h\[\033[00m\]:\[\033[01;34m\]\w\[\033[00m\]\$ PYTHONPATH=/home/yj/桌面/ros2-rpi/build/gps_driver/prefix_override:/usr/lib/python3/dist-packages/colcon_core/task/python/colcon_distutils_commands:/home/yj/桌面/ros2-rpi/install/gps_driver/lib/python3.12/site-packages:${PYTHONPATH} VIRTUAL_ENV_PROMPT=(my_ros_env) /usr/bin/python3 -W ignore:setup.py install is deprecated -W ignore:easy_install command is deprecated setup.py develop --editable --build-directory /home/yj/桌面/ros2-rpi/build/gps_driver/build --no-deps symlink_data
[2.948s] DEBUG:colcon.colcon_core.event_handler.log_command:Invoking command in '/home/yj/桌面/ros2-rpi/build/launch_pkg': DEBUGINFOD_URLS=https://debuginfod.ubuntu.com PS1=(my_ros_env) \[\e]0;\u@\h: \w\a\]${debian_chroot:+($debian_chroot)}\[\033[01;32m\]\u@\h\[\033[00m\]:\[\033[01;34m\]\w\[\033[00m\]\$ PYTHONPATH=/home/yj/桌面/ros2-rpi/build/launch_pkg/prefix_override:/usr/lib/python3/dist-packages/colcon_core/task/python/colcon_distutils_commands:/home/yj/桌面/ros2-rpi/install/launch_pkg/lib/python3.12/site-packages:${PYTHONPATH} VIRTUAL_ENV_PROMPT=(my_ros_env) /usr/bin/python3 -W ignore:setup.py install is deprecated -W ignore:easy_install command is deprecated setup.py develop --editable --build-directory /home/yj/桌面/ros2-rpi/build/launch_pkg/build --no-deps symlink_data
[2.993s] DEBUG:colcon.colcon_core.event_handler.log_command:Invoking command in '/home/yj/桌面/ros2-rpi/build/imu_driver': DEBUGINFOD_URLS=https://debuginfod.ubuntu.com PS1=(my_ros_env) \[\e]0;\u@\h: \w\a\]${debian_chroot:+($debian_chroot)}\[\033[01;32m\]\u@\h\[\033[00m\]:\[\033[01;34m\]\w\[\033[00m\]\$ PYTHONPATH=/home/yj/桌面/ros2-rpi/build/imu_driver/prefix_override:/usr/lib/python3/dist-packages/colcon_core/task/python/colcon_distutils_commands:/home/yj/桌面/ros2-rpi/install/imu_driver/lib/python3.12/site-packages:${PYTHONPATH} VIRTUAL_ENV_PROMPT=(my_ros_env) /usr/bin/python3 -W ignore:setup.py install is deprecated -W ignore:easy_install command is deprecated setup.py develop --editable --build-directory /home/yj/桌面/ros2-rpi/build/imu_driver/build --no-deps symlink_data
[3.471s] Level 1:colcon.colcon_core.shell:create_environment_hook('ros2_data_fusion', 'pythonpath_develop')
[3.471s] INFO:colcon.colcon_core.shell:Creating environment hook '/home/yj/桌面/ros2-rpi/build/ros2_data_fusion/share/ros2_data_fusion/hook/pythonpath_develop.ps1'
[3.472s] DEBUG:colcon.colcon_core.event_handler.log_command:Invoked command in '/home/yj/桌面/ros2-rpi/build/ros2_data_fusion' returned '0': DEBUGINFOD_URLS=https://debuginfod.ubuntu.com PS1=(my_ros_env) \[\e]0;\u@\h: \w\a\]${debian_chroot:+($debian_chroot)}\[\033[01;32m\]\u@\h\[\033[00m\]:\[\033[01;34m\]\w\[\033[00m\]\$ PYTHONPATH=/home/yj/桌面/ros2-rpi/build/ros2_data_fusion/prefix_override:/usr/lib/python3/dist-packages/colcon_core/task/python/colcon_distutils_commands:/home/yj/桌面/ros2-rpi/install/ros2_data_fusion/lib/python3.12/site-packages:${PYTHONPATH} VIRTUAL_ENV_PROMPT=(my_ros_env) /usr/bin/python3 -W ignore:setup.py install is deprecated -W ignore:easy_install command is deprecated setup.py develop --editable --build-directory /home/yj/桌面/ros2-rpi/build/ros2_data_fusion/build --no-deps symlink_data
[3.474s] INFO:colcon.colcon_core.shell:Creating environment descriptor '/home/yj/桌面/ros2-rpi/build/ros2_data_fusion/share/ros2_data_fusion/hook/pythonpath_develop.dsv'
[3.475s] INFO:colcon.colcon_core.shell:Creating environment hook '/home/yj/桌面/ros2-rpi/build/ros2_data_fusion/share/ros2_data_fusion/hook/pythonpath_develop.sh'
[3.505s] Level 1:colcon.colcon_core.environment:checking '/home/yj/桌面/ros2-rpi/install/ros2_data_fusion' for CMake module files
[3.505s] Level 1:colcon.colcon_core.environment:checking '/home/yj/桌面/ros2-rpi/install/ros2_data_fusion' for CMake config files
[3.506s] Level 1:colcon.colcon_core.environment:checking '/home/yj/桌面/ros2-rpi/install/ros2_data_fusion/lib'
[3.506s] Level 1:colcon.colcon_core.environment:checking '/home/yj/桌面/ros2-rpi/install/ros2_data_fusion/bin'
[3.506s] Level 1:colcon.colcon_core.environment:checking '/home/yj/桌面/ros2-rpi/install/ros2_data_fusion/lib/pkgconfig/ros2_data_fusion.pc'
[3.506s] Level 1:colcon.colcon_core.environment:checking '/home/yj/桌面/ros2-rpi/install/ros2_data_fusion/lib/python3.12/site-packages'
[3.506s] Level 1:colcon.colcon_core.shell:create_environment_hook('ros2_data_fusion', 'pythonpath')
[3.507s] INFO:colcon.colcon_core.shell:Creating environment hook '/home/yj/桌面/ros2-rpi/install/ros2_data_fusion/share/ros2_data_fusion/hook/pythonpath.ps1'
[3.510s] INFO:colcon.colcon_core.shell:Creating environment descriptor '/home/yj/桌面/ros2-rpi/install/ros2_data_fusion/share/ros2_data_fusion/hook/pythonpath.dsv'
[3.512s] INFO:colcon.colcon_core.shell:Creating environment hook '/home/yj/桌面/ros2-rpi/install/ros2_data_fusion/share/ros2_data_fusion/hook/pythonpath.sh'
[3.513s] Level 1:colcon.colcon_core.environment:checking '/home/yj/桌面/ros2-rpi/install/ros2_data_fusion/bin'
[3.513s] Level 1:colcon.colcon_core.environment:create_environment_scripts_only(ros2_data_fusion)
[3.514s] INFO:colcon.colcon_core.shell:Creating package script '/home/yj/桌面/ros2-rpi/install/ros2_data_fusion/share/ros2_data_fusion/package.ps1'
[3.516s] INFO:colcon.colcon_core.shell:Creating package descriptor '/home/yj/桌面/ros2-rpi/install/ros2_data_fusion/share/ros2_data_fusion/package.dsv'
[3.517s] INFO:colcon.colcon_core.shell:Creating package script '/home/yj/桌面/ros2-rpi/install/ros2_data_fusion/share/ros2_data_fusion/package.sh'
[3.518s] INFO:colcon.colcon_core.shell:Creating package script '/home/yj/桌面/ros2-rpi/install/ros2_data_fusion/share/ros2_data_fusion/package.bash'
[3.520s] INFO:colcon.colcon_core.shell:Creating package script '/home/yj/桌面/ros2-rpi/install/ros2_data_fusion/share/ros2_data_fusion/package.zsh'
[3.521s] Level 1:colcon.colcon_core.environment:create_file_with_runtime_dependencies(/home/yj/桌面/ros2-rpi/install/ros2_data_fusion/share/colcon-core/packages/ros2_data_fusion)
[3.524s] INFO:colcon.colcon_ros.task.ament_python.build:Building ROS package in '/home/yj/桌面/ros2-rpi/src/ros2_serial_bridge' with build type 'ament_python'
[3.524s] Level 1:colcon.colcon_core.shell:create_environment_hook('ros2_serial_bridge', 'ament_prefix_path')
[3.524s] INFO:colcon.colcon_core.shell:Creating environment hook '/home/yj/桌面/ros2-rpi/install/ros2_serial_bridge/share/ros2_serial_bridge/hook/ament_prefix_path.ps1'
[3.526s] INFO:colcon.colcon_core.shell:Creating environment descriptor '/home/yj/桌面/ros2-rpi/install/ros2_serial_bridge/share/ros2_serial_bridge/hook/ament_prefix_path.dsv'
[3.526s] INFO:colcon.colcon_core.shell:Creating environment hook '/home/yj/桌面/ros2-rpi/install/ros2_serial_bridge/share/ros2_serial_bridge/hook/ament_prefix_path.sh'
[3.527s] INFO:colcon.colcon_core.shell:Skip shell extension 'powershell' for command environment: Not usable outside of PowerShell
[3.527s] DEBUG:colcon.colcon_core.shell:Skip shell extension 'dsv' for command environment
[3.537s] Level 1:colcon.colcon_core.shell:create_environment_hook('launch_pkg', 'pythonpath_develop')
[3.538s] INFO:colcon.colcon_core.shell:Creating environment hook '/home/yj/桌面/ros2-rpi/build/launch_pkg/share/launch_pkg/hook/pythonpath_develop.ps1'
[3.538s] DEBUG:colcon.colcon_core.event_handler.log_command:Invoked command in '/home/yj/桌面/ros2-rpi/build/launch_pkg' returned '0': DEBUGINFOD_URLS=https://debuginfod.ubuntu.com PS1=(my_ros_env) \[\e]0;\u@\h: \w\a\]${debian_chroot:+($debian_chroot)}\[\033[01;32m\]\u@\h\[\033[00m\]:\[\033[01;34m\]\w\[\033[00m\]\$ PYTHONPATH=/home/yj/桌面/ros2-rpi/build/launch_pkg/prefix_override:/usr/lib/python3/dist-packages/colcon_core/task/python/colcon_distutils_commands:/home/yj/桌面/ros2-rpi/install/launch_pkg/lib/python3.12/site-packages:${PYTHONPATH} VIRTUAL_ENV_PROMPT=(my_ros_env) /usr/bin/python3 -W ignore:setup.py install is deprecated -W ignore:easy_install command is deprecated setup.py develop --editable --build-directory /home/yj/桌面/ros2-rpi/build/launch_pkg/build --no-deps symlink_data
[3.539s] INFO:colcon.colcon_core.shell:Creating environment descriptor '/home/yj/桌面/ros2-rpi/build/launch_pkg/share/launch_pkg/hook/pythonpath_develop.dsv'
[3.540s] INFO:colcon.colcon_core.shell:Creating environment hook '/home/yj/桌面/ros2-rpi/build/launch_pkg/share/launch_pkg/hook/pythonpath_develop.sh'
[3.541s] Level 1:colcon.colcon_core.environment:checking '/home/yj/桌面/ros2-rpi/install/launch_pkg' for CMake module files
[3.541s] Level 1:colcon.colcon_core.environment:checking '/home/yj/桌面/ros2-rpi/install/launch_pkg' for CMake config files
[3.542s] Level 1:colcon.colcon_core.environment:checking '/home/yj/桌面/ros2-rpi/install/launch_pkg/lib'
[3.542s] Level 1:colcon.colcon_core.environment:checking '/home/yj/桌面/ros2-rpi/install/launch_pkg/bin'
[3.542s] Level 1:colcon.colcon_core.environment:checking '/home/yj/桌面/ros2-rpi/install/launch_pkg/lib/pkgconfig/launch_pkg.pc'
[3.543s] Level 1:colcon.colcon_core.environment:checking '/home/yj/桌面/ros2-rpi/install/launch_pkg/lib/python3.12/site-packages'
[3.543s] Level 1:colcon.colcon_core.shell:create_environment_hook('launch_pkg', 'pythonpath')
[3.543s] INFO:colcon.colcon_core.shell:Creating environment hook '/home/yj/桌面/ros2-rpi/install/launch_pkg/share/launch_pkg/hook/pythonpath.ps1'
[3.543s] INFO:colcon.colcon_core.shell:Creating environment descriptor '/home/yj/桌面/ros2-rpi/install/launch_pkg/share/launch_pkg/hook/pythonpath.dsv'
[3.544s] INFO:colcon.colcon_core.shell:Creating environment hook '/home/yj/桌面/ros2-rpi/install/launch_pkg/share/launch_pkg/hook/pythonpath.sh'
[3.544s] Level 1:colcon.colcon_core.environment:checking '/home/yj/桌面/ros2-rpi/install/launch_pkg/bin'
[3.544s] Level 1:colcon.colcon_core.environment:create_environment_scripts_only(launch_pkg)
[3.544s] INFO:colcon.colcon_core.shell:Creating package script '/home/yj/桌面/ros2-rpi/install/launch_pkg/share/launch_pkg/package.ps1'
[3.545s] INFO:colcon.colcon_core.shell:Creating package descriptor '/home/yj/桌面/ros2-rpi/install/launch_pkg/share/launch_pkg/package.dsv'
[3.545s] INFO:colcon.colcon_core.shell:Creating package script '/home/yj/桌面/ros2-rpi/install/launch_pkg/share/launch_pkg/package.sh'
[3.546s] INFO:colcon.colcon_core.shell:Creating package script '/home/yj/桌面/ros2-rpi/install/launch_pkg/share/launch_pkg/package.bash'
[3.546s] INFO:colcon.colcon_core.shell:Creating package script '/home/yj/桌面/ros2-rpi/install/launch_pkg/share/launch_pkg/package.zsh'
[3.547s] Level 1:colcon.colcon_core.environment:create_file_with_runtime_dependencies(/home/yj/桌面/ros2-rpi/install/launch_pkg/share/colcon-core/packages/launch_pkg)
[3.547s] INFO:colcon.colcon_ros.task.ament_python.build:Building ROS package in '/home/yj/桌面/ros2-rpi/src/sciroad1' with build type 'ament_python'
[3.547s] Level 1:colcon.colcon_core.shell:create_environment_hook('sciroad1', 'ament_prefix_path')
[3.547s] INFO:colcon.colcon_core.shell:Creating environment hook '/home/yj/桌面/ros2-rpi/install/sciroad1/share/sciroad1/hook/ament_prefix_path.ps1'
[3.550s] INFO:colcon.colcon_core.shell:Creating environment descriptor '/home/yj/桌面/ros2-rpi/install/sciroad1/share/sciroad1/hook/ament_prefix_path.dsv'
[3.550s] INFO:colcon.colcon_core.shell:Creating environment hook '/home/yj/桌面/ros2-rpi/install/sciroad1/share/sciroad1/hook/ament_prefix_path.sh'
[3.551s] INFO:colcon.colcon_core.shell:Skip shell extension 'powershell' for command environment: Not usable outside of PowerShell
[3.551s] DEBUG:colcon.colcon_core.shell:Skip shell extension 'dsv' for command environment
[3.730s] INFO:colcon.colcon_core.task.python.build:Building Python package in '/home/yj/桌面/ros2-rpi/src/ros2_serial_bridge'
[3.730s] INFO:colcon.colcon_core.shell:Skip shell extension 'powershell' for command environment: Not usable outside of PowerShell
[3.730s] DEBUG:colcon.colcon_core.shell:Skip shell extension 'dsv' for command environment
[3.738s] Level 1:colcon.colcon_core.shell:create_environment_hook('gps_driver', 'pythonpath_develop')
[3.738s] INFO:colcon.colcon_core.shell:Creating environment hook '/home/yj/桌面/ros2-rpi/build/gps_driver/share/gps_driver/hook/pythonpath_develop.ps1'
[3.738s] DEBUG:colcon.colcon_core.event_handler.log_command:Invoked command in '/home/yj/桌面/ros2-rpi/build/gps_driver' returned '0': DEBUGINFOD_URLS=https://debuginfod.ubuntu.com PS1=(my_ros_env) \[\e]0;\u@\h: \w\a\]${debian_chroot:+($debian_chroot)}\[\033[01;32m\]\u@\h\[\033[00m\]:\[\033[01;34m\]\w\[\033[00m\]\$ PYTHONPATH=/home/yj/桌面/ros2-rpi/build/gps_driver/prefix_override:/usr/lib/python3/dist-packages/colcon_core/task/python/colcon_distutils_commands:/home/yj/桌面/ros2-rpi/install/gps_driver/lib/python3.12/site-packages:${PYTHONPATH} VIRTUAL_ENV_PROMPT=(my_ros_env) /usr/bin/python3 -W ignore:setup.py install is deprecated -W ignore:easy_install command is deprecated setup.py develop --editable --build-directory /home/yj/桌面/ros2-rpi/build/gps_driver/build --no-deps symlink_data
[3.739s] INFO:colcon.colcon_core.shell:Creating environment descriptor '/home/yj/桌面/ros2-rpi/build/gps_driver/share/gps_driver/hook/pythonpath_develop.dsv'
[3.739s] INFO:colcon.colcon_core.shell:Creating environment hook '/home/yj/桌面/ros2-rpi/build/gps_driver/share/gps_driver/hook/pythonpath_develop.sh'
[3.740s] Level 1:colcon.colcon_core.environment:checking '/home/yj/桌面/ros2-rpi/install/gps_driver' for CMake module files
[3.740s] Level 1:colcon.colcon_core.environment:checking '/home/yj/桌面/ros2-rpi/install/gps_driver' for CMake config files
[3.741s] Level 1:colcon.colcon_core.environment:checking '/home/yj/桌面/ros2-rpi/install/gps_driver/lib'
[3.741s] Level 1:colcon.colcon_core.environment:checking '/home/yj/桌面/ros2-rpi/install/gps_driver/bin'
[3.741s] Level 1:colcon.colcon_core.environment:checking '/home/yj/桌面/ros2-rpi/install/gps_driver/lib/pkgconfig/gps_driver.pc'
[3.741s] Level 1:colcon.colcon_core.environment:checking '/home/yj/桌面/ros2-rpi/install/gps_driver/lib/python3.12/site-packages'
[3.741s] Level 1:colcon.colcon_core.shell:create_environment_hook('gps_driver', 'pythonpath')
[3.741s] INFO:colcon.colcon_core.shell:Creating environment hook '/home/yj/桌面/ros2-rpi/install/gps_driver/share/gps_driver/hook/pythonpath.ps1'
[3.742s] INFO:colcon.colcon_core.shell:Creating environment descriptor '/home/yj/桌面/ros2-rpi/install/gps_driver/share/gps_driver/hook/pythonpath.dsv'
[3.743s] INFO:colcon.colcon_core.shell:Creating environment hook '/home/yj/桌面/ros2-rpi/install/gps_driver/share/gps_driver/hook/pythonpath.sh'
[3.745s] Level 1:colcon.colcon_core.environment:checking '/home/yj/桌面/ros2-rpi/install/gps_driver/bin'
[3.745s] Level 1:colcon.colcon_core.environment:create_environment_scripts_only(gps_driver)
[3.745s] INFO:colcon.colcon_core.shell:Creating package script '/home/yj/桌面/ros2-rpi/install/gps_driver/share/gps_driver/package.ps1'
[3.745s] INFO:colcon.colcon_core.shell:Creating package descriptor '/home/yj/桌面/ros2-rpi/install/gps_driver/share/gps_driver/package.dsv'
[3.746s] INFO:colcon.colcon_core.shell:Creating package script '/home/yj/桌面/ros2-rpi/install/gps_driver/share/gps_driver/package.sh'
[3.746s] INFO:colcon.colcon_core.shell:Creating package script '/home/yj/桌面/ros2-rpi/install/gps_driver/share/gps_driver/package.bash'
[3.747s] INFO:colcon.colcon_core.shell:Creating package script '/home/yj/桌面/ros2-rpi/install/gps_driver/share/gps_driver/package.zsh'
[3.748s] Level 1:colcon.colcon_core.environment:create_file_with_runtime_dependencies(/home/yj/桌面/ros2-rpi/install/gps_driver/share/colcon-core/packages/gps_driver)
[3.901s] INFO:colcon.colcon_core.task.python.build:Building Python package in '/home/yj/桌面/ros2-rpi/src/sciroad1'
[3.901s] INFO:colcon.colcon_core.shell:Skip shell extension 'powershell' for command environment: Not usable outside of PowerShell
[3.901s] DEBUG:colcon.colcon_core.shell:Skip shell extension 'dsv' for command environment
[3.906s] Level 1:colcon.colcon_core.shell:create_environment_hook('imu_driver', 'pythonpath_develop')
[3.906s] INFO:colcon.colcon_core.shell:Creating environment hook '/home/yj/桌面/ros2-rpi/build/imu_driver/share/imu_driver/hook/pythonpath_develop.ps1'
[3.906s] DEBUG:colcon.colcon_core.event_handler.log_command:Invoked command in '/home/yj/桌面/ros2-rpi/build/imu_driver' returned '0': DEBUGINFOD_URLS=https://debuginfod.ubuntu.com PS1=(my_ros_env) \[\e]0;\u@\h: \w\a\]${debian_chroot:+($debian_chroot)}\[\033[01;32m\]\u@\h\[\033[00m\]:\[\033[01;34m\]\w\[\033[00m\]\$ PYTHONPATH=/home/yj/桌面/ros2-rpi/build/imu_driver/prefix_override:/usr/lib/python3/dist-packages/colcon_core/task/python/colcon_distutils_commands:/home/yj/桌面/ros2-rpi/install/imu_driver/lib/python3.12/site-packages:${PYTHONPATH} VIRTUAL_ENV_PROMPT=(my_ros_env) /usr/bin/python3 -W ignore:setup.py install is deprecated -W ignore:easy_install command is deprecated setup.py develop --editable --build-directory /home/yj/桌面/ros2-rpi/build/imu_driver/build --no-deps symlink_data
[3.907s] INFO:colcon.colcon_core.shell:Creating environment descriptor '/home/yj/桌面/ros2-rpi/build/imu_driver/share/imu_driver/hook/pythonpath_develop.dsv'
[3.908s] INFO:colcon.colcon_core.shell:Creating environment hook '/home/yj/桌面/ros2-rpi/build/imu_driver/share/imu_driver/hook/pythonpath_develop.sh'
[3.908s] Level 1:colcon.colcon_core.environment:checking '/home/yj/桌面/ros2-rpi/install/imu_driver' for CMake module files
[3.909s] Level 1:colcon.colcon_core.environment:checking '/home/yj/桌面/ros2-rpi/install/imu_driver' for CMake config files
[3.909s] Level 1:colcon.colcon_core.environment:checking '/home/yj/桌面/ros2-rpi/install/imu_driver/lib'
[3.909s] Level 1:colcon.colcon_core.environment:checking '/home/yj/桌面/ros2-rpi/install/imu_driver/bin'
[3.909s] Level 1:colcon.colcon_core.environment:checking '/home/yj/桌面/ros2-rpi/install/imu_driver/lib/pkgconfig/imu_driver.pc'
[3.909s] Level 1:colcon.colcon_core.environment:checking '/home/yj/桌面/ros2-rpi/install/imu_driver/lib/python3.12/site-packages'
[3.909s] Level 1:colcon.colcon_core.shell:create_environment_hook('imu_driver', 'pythonpath')
[3.909s] INFO:colcon.colcon_core.shell:Creating environment hook '/home/yj/桌面/ros2-rpi/install/imu_driver/share/imu_driver/hook/pythonpath.ps1'
[3.910s] INFO:colcon.colcon_core.shell:Creating environment descriptor '/home/yj/桌面/ros2-rpi/install/imu_driver/share/imu_driver/hook/pythonpath.dsv'
[3.910s] INFO:colcon.colcon_core.shell:Creating environment hook '/home/yj/桌面/ros2-rpi/install/imu_driver/share/imu_driver/hook/pythonpath.sh'
[3.911s] Level 1:colcon.colcon_core.environment:checking '/home/yj/桌面/ros2-rpi/install/imu_driver/bin'
[3.911s] Level 1:colcon.colcon_core.environment:create_environment_scripts_only(imu_driver)
[3.911s] INFO:colcon.colcon_core.shell:Creating package script '/home/yj/桌面/ros2-rpi/install/imu_driver/share/imu_driver/package.ps1'
[3.911s] INFO:colcon.colcon_core.shell:Creating package descriptor '/home/yj/桌面/ros2-rpi/install/imu_driver/share/imu_driver/package.dsv'
[3.912s] INFO:colcon.colcon_core.shell:Creating package script '/home/yj/桌面/ros2-rpi/install/imu_driver/share/imu_driver/package.sh'
[3.912s] INFO:colcon.colcon_core.shell:Creating package script '/home/yj/桌面/ros2-rpi/install/imu_driver/share/imu_driver/package.bash'
[3.913s] INFO:colcon.colcon_core.shell:Creating package script '/home/yj/桌面/ros2-rpi/install/imu_driver/share/imu_driver/package.zsh'
[3.913s] Level 1:colcon.colcon_core.environment:create_file_with_runtime_dependencies(/home/yj/桌面/ros2-rpi/install/imu_driver/share/colcon-core/packages/imu_driver)
[4.325s] DEBUG:colcon.colcon_core.event_handler.log_command:Invoking command in '/home/yj/桌面/ros2-rpi/build/ros2_serial_bridge': DEBUGINFOD_URLS=https://debuginfod.ubuntu.com PS1=(my_ros_env) \[\e]0;\u@\h: \w\a\]${debian_chroot:+($debian_chroot)}\[\033[01;32m\]\u@\h\[\033[00m\]:\[\033[01;34m\]\w\[\033[00m\]\$ PYTHONPATH=/home/yj/桌面/ros2-rpi/build/ros2_serial_bridge/prefix_override:/usr/lib/python3/dist-packages/colcon_core/task/python/colcon_distutils_commands:/home/yj/桌面/ros2-rpi/install/ros2_serial_bridge/lib/python3.12/site-packages:${PYTHONPATH} VIRTUAL_ENV_PROMPT=(my_ros_env) /usr/bin/python3 -W ignore:setup.py install is deprecated -W ignore:easy_install command is deprecated setup.py develop --editable --build-directory /home/yj/桌面/ros2-rpi/build/ros2_serial_bridge/build --no-deps symlink_data
[4.405s] DEBUG:colcon.colcon_core.event_handler.log_command:Invoking command in '/home/yj/桌面/ros2-rpi/build/sciroad1': DEBUGINFOD_URLS=https://debuginfod.ubuntu.com PS1=(my_ros_env) \[\e]0;\u@\h: \w\a\]${debian_chroot:+($debian_chroot)}\[\033[01;32m\]\u@\h\[\033[00m\]:\[\033[01;34m\]\w\[\033[00m\]\$ PYTHONPATH=/home/yj/桌面/ros2-rpi/build/sciroad1/prefix_override:/usr/lib/python3/dist-packages/colcon_core/task/python/colcon_distutils_commands:/home/yj/桌面/ros2-rpi/install/sciroad1/lib/python3.12/site-packages:${PYTHONPATH} VIRTUAL_ENV_PROMPT=(my_ros_env) /usr/bin/python3 -W ignore:setup.py install is deprecated -W ignore:easy_install command is deprecated setup.py develop --editable --build-directory /home/yj/桌面/ros2-rpi/build/sciroad1/build --no-deps symlink_data
[4.889s] Level 1:colcon.colcon_core.shell:create_environment_hook('sciroad1', 'pythonpath_develop')
[4.889s] INFO:colcon.colcon_core.shell:Creating environment hook '/home/yj/桌面/ros2-rpi/build/sciroad1/share/sciroad1/hook/pythonpath_develop.ps1'
[4.889s] DEBUG:colcon.colcon_core.event_handler.log_command:Invoked command in '/home/yj/桌面/ros2-rpi/build/sciroad1' returned '0': DEBUGINFOD_URLS=https://debuginfod.ubuntu.com PS1=(my_ros_env) \[\e]0;\u@\h: \w\a\]${debian_chroot:+($debian_chroot)}\[\033[01;32m\]\u@\h\[\033[00m\]:\[\033[01;34m\]\w\[\033[00m\]\$ PYTHONPATH=/home/yj/桌面/ros2-rpi/build/sciroad1/prefix_override:/usr/lib/python3/dist-packages/colcon_core/task/python/colcon_distutils_commands:/home/yj/桌面/ros2-rpi/install/sciroad1/lib/python3.12/site-packages:${PYTHONPATH} VIRTUAL_ENV_PROMPT=(my_ros_env) /usr/bin/python3 -W ignore:setup.py install is deprecated -W ignore:easy_install command is deprecated setup.py develop --editable --build-directory /home/yj/桌面/ros2-rpi/build/sciroad1/build --no-deps symlink_data
[4.890s] INFO:colcon.colcon_core.shell:Creating environment descriptor '/home/yj/桌面/ros2-rpi/build/sciroad1/share/sciroad1/hook/pythonpath_develop.dsv'
[4.891s] INFO:colcon.colcon_core.shell:Creating environment hook '/home/yj/桌面/ros2-rpi/build/sciroad1/share/sciroad1/hook/pythonpath_develop.sh'
[4.892s] Level 1:colcon.colcon_core.environment:checking '/home/yj/桌面/ros2-rpi/install/sciroad1' for CMake module files
[4.893s] Level 1:colcon.colcon_core.environment:checking '/home/yj/桌面/ros2-rpi/install/sciroad1' for CMake config files
[4.894s] Level 1:colcon.colcon_core.environment:checking '/home/yj/桌面/ros2-rpi/install/sciroad1/lib'
[4.894s] Level 1:colcon.colcon_core.environment:checking '/home/yj/桌面/ros2-rpi/install/sciroad1/bin'
[4.894s] Level 1:colcon.colcon_core.environment:checking '/home/yj/桌面/ros2-rpi/install/sciroad1/lib/pkgconfig/sciroad1.pc'
[4.894s] Level 1:colcon.colcon_core.environment:checking '/home/yj/桌面/ros2-rpi/install/sciroad1/lib/python3.12/site-packages'
[4.894s] Level 1:colcon.colcon_core.shell:create_environment_hook('sciroad1', 'pythonpath')
[4.895s] INFO:colcon.colcon_core.shell:Creating environment hook '/home/yj/桌面/ros2-rpi/install/sciroad1/share/sciroad1/hook/pythonpath.ps1'
[4.895s] INFO:colcon.colcon_core.shell:Creating environment descriptor '/home/yj/桌面/ros2-rpi/install/sciroad1/share/sciroad1/hook/pythonpath.dsv'
[4.896s] INFO:colcon.colcon_core.shell:Creating environment hook '/home/yj/桌面/ros2-rpi/install/sciroad1/share/sciroad1/hook/pythonpath.sh'
[4.897s] Level 1:colcon.colcon_core.environment:checking '/home/yj/桌面/ros2-rpi/install/sciroad1/bin'
[4.897s] Level 1:colcon.colcon_core.environment:create_environment_scripts_only(sciroad1)
[4.897s] INFO:colcon.colcon_core.shell:Creating package script '/home/yj/桌面/ros2-rpi/install/sciroad1/share/sciroad1/package.ps1'
[4.898s] INFO:colcon.colcon_core.shell:Creating package descriptor '/home/yj/桌面/ros2-rpi/install/sciroad1/share/sciroad1/package.dsv'
[4.898s] INFO:colcon.colcon_core.shell:Creating package script '/home/yj/桌面/ros2-rpi/install/sciroad1/share/sciroad1/package.sh'
[4.899s] INFO:colcon.colcon_core.shell:Creating package script '/home/yj/桌面/ros2-rpi/install/sciroad1/share/sciroad1/package.bash'
[4.900s] INFO:colcon.colcon_core.shell:Creating package script '/home/yj/桌面/ros2-rpi/install/sciroad1/share/sciroad1/package.zsh'
[4.900s] Level 1:colcon.colcon_core.environment:create_file_with_runtime_dependencies(/home/yj/桌面/ros2-rpi/install/sciroad1/share/colcon-core/packages/sciroad1)
[4.961s] Level 1:colcon.colcon_core.shell:create_environment_hook('ros2_serial_bridge', 'pythonpath_develop')
[4.961s] DEBUG:colcon.colcon_core.event_handler.log_command:Invoked command in '/home/yj/桌面/ros2-rpi/build/ros2_serial_bridge' returned '0': DEBUGINFOD_URLS=https://debuginfod.ubuntu.com PS1=(my_ros_env) \[\e]0;\u@\h: \w\a\]${debian_chroot:+($debian_chroot)}\[\033[01;32m\]\u@\h\[\033[00m\]:\[\033[01;34m\]\w\[\033[00m\]\$ PYTHONPATH=/home/yj/桌面/ros2-rpi/build/ros2_serial_bridge/prefix_override:/usr/lib/python3/dist-packages/colcon_core/task/python/colcon_distutils_commands:/home/yj/桌面/ros2-rpi/install/ros2_serial_bridge/lib/python3.12/site-packages:${PYTHONPATH} VIRTUAL_ENV_PROMPT=(my_ros_env) /usr/bin/python3 -W ignore:setup.py install is deprecated -W ignore:easy_install command is deprecated setup.py develop --editable --build-directory /home/yj/桌面/ros2-rpi/build/ros2_serial_bridge/build --no-deps symlink_data
[4.961s] INFO:colcon.colcon_core.shell:Creating environment hook '/home/yj/桌面/ros2-rpi/build/ros2_serial_bridge/share/ros2_serial_bridge/hook/pythonpath_develop.ps1'
[4.962s] INFO:colcon.colcon_core.shell:Creating environment descriptor '/home/yj/桌面/ros2-rpi/build/ros2_serial_bridge/share/ros2_serial_bridge/hook/pythonpath_develop.dsv'
[4.962s] INFO:colcon.colcon_core.shell:Creating environment hook '/home/yj/桌面/ros2-rpi/build/ros2_serial_bridge/share/ros2_serial_bridge/hook/pythonpath_develop.sh'
[4.963s] Level 1:colcon.colcon_core.environment:checking '/home/yj/桌面/ros2-rpi/install/ros2_serial_bridge' for CMake module files
[4.964s] Level 1:colcon.colcon_core.environment:checking '/home/yj/桌面/ros2-rpi/install/ros2_serial_bridge' for CMake config files
[4.964s] Level 1:colcon.colcon_core.environment:checking '/home/yj/桌面/ros2-rpi/install/ros2_serial_bridge/lib'
[4.964s] Level 1:colcon.colcon_core.environment:checking '/home/yj/桌面/ros2-rpi/install/ros2_serial_bridge/bin'
[4.964s] Level 1:colcon.colcon_core.environment:checking '/home/yj/桌面/ros2-rpi/install/ros2_serial_bridge/lib/pkgconfig/ros2_serial_bridge.pc'
[4.965s] Level 1:colcon.colcon_core.environment:checking '/home/yj/桌面/ros2-rpi/install/ros2_serial_bridge/lib/python3.12/site-packages'
[4.965s] Level 1:colcon.colcon_core.shell:create_environment_hook('ros2_serial_bridge', 'pythonpath')
[4.965s] INFO:colcon.colcon_core.shell:Creating environment hook '/home/yj/桌面/ros2-rpi/install/ros2_serial_bridge/share/ros2_serial_bridge/hook/pythonpath.ps1'
[4.965s] INFO:colcon.colcon_core.shell:Creating environment descriptor '/home/yj/桌面/ros2-rpi/install/ros2_serial_bridge/share/ros2_serial_bridge/hook/pythonpath.dsv'
[4.966s] INFO:colcon.colcon_core.shell:Creating environment hook '/home/yj/桌面/ros2-rpi/install/ros2_serial_bridge/share/ros2_serial_bridge/hook/pythonpath.sh'
[4.967s] Level 1:colcon.colcon_core.environment:checking '/home/yj/桌面/ros2-rpi/install/ros2_serial_bridge/bin'
[4.967s] Level 1:colcon.colcon_core.environment:create_environment_scripts_only(ros2_serial_bridge)
[4.967s] INFO:colcon.colcon_core.shell:Creating package script '/home/yj/桌面/ros2-rpi/install/ros2_serial_bridge/share/ros2_serial_bridge/package.ps1'
[4.968s] INFO:colcon.colcon_core.shell:Creating package descriptor '/home/yj/桌面/ros2-rpi/install/ros2_serial_bridge/share/ros2_serial_bridge/package.dsv'
[4.968s] INFO:colcon.colcon_core.shell:Creating package script '/home/yj/桌面/ros2-rpi/install/ros2_serial_bridge/share/ros2_serial_bridge/package.sh'
[4.969s] INFO:colcon.colcon_core.shell:Creating package script '/home/yj/桌面/ros2-rpi/install/ros2_serial_bridge/share/ros2_serial_bridge/package.bash'
[4.969s] INFO:colcon.colcon_core.shell:Creating package script '/home/yj/桌面/ros2-rpi/install/ros2_serial_bridge/share/ros2_serial_bridge/package.zsh'
[4.970s] Level 1:colcon.colcon_core.environment:create_file_with_runtime_dependencies(/home/yj/桌面/ros2-rpi/install/ros2_serial_bridge/share/colcon-core/packages/ros2_serial_bridge)
[4.971s] DEBUG:colcon.colcon_parallel_executor.executor.parallel:closing loop
[4.971s] DEBUG:colcon.colcon_parallel_executor.executor.parallel:loop closed
[4.971s] DEBUG:colcon.colcon_parallel_executor.executor.parallel:run_until_complete finished with '0'
[4.972s] DEBUG:colcon.colcon_core.event_reactor:joining thread
[4.988s] INFO:colcon.colcon_core.plugin_system:Skipping extension 'colcon_notification.desktop_notification.terminal_notifier': Not used on non-Darwin systems
[4.988s] INFO:colcon.colcon_core.plugin_system:Skipping extension 'colcon_notification.desktop_notification.win32': Not used on non-Windows systems
[4.988s] INFO:colcon.colcon_notification.desktop_notification:Sending desktop notification using 'notify2'
[5.353s] DEBUG:colcon.colcon_core.event_reactor:joined thread
[5.354s] INFO:colcon.colcon_core.shell:Creating prefix script '/home/yj/桌面/ros2-rpi/install/local_setup.ps1'
[5.355s] INFO:colcon.colcon_core.shell:Creating prefix util module '/home/yj/桌面/ros2-rpi/install/_local_setup_util_ps1.py'
[5.356s] INFO:colcon.colcon_core.shell:Creating prefix chain script '/home/yj/桌面/ros2-rpi/install/setup.ps1'
[5.359s] INFO:colcon.colcon_core.shell:Creating prefix script '/home/yj/桌面/ros2-rpi/install/local_setup.sh'
[5.360s] INFO:colcon.colcon_core.shell:Creating prefix util module '/home/yj/桌面/ros2-rpi/install/_local_setup_util_sh.py'
[5.360s] INFO:colcon.colcon_core.shell:Creating prefix chain script '/home/yj/桌面/ros2-rpi/install/setup.sh'
[5.362s] INFO:colcon.colcon_core.shell:Creating prefix script '/home/yj/桌面/ros2-rpi/install/local_setup.bash'
[5.363s] INFO:colcon.colcon_core.shell:Creating prefix chain script '/home/yj/桌面/ros2-rpi/install/setup.bash'
[5.365s] INFO:colcon.colcon_core.shell:Creating prefix script '/home/yj/桌面/ros2-rpi/install/local_setup.zsh'
[5.370s] INFO:colcon.colcon_core.shell:Creating prefix chain script '/home/yj/桌面/ros2-rpi/install/setup.zsh'
