[1.073s] Invoking command in '/home/yj/桌面/ros2-rpi/build/launch_pkg': DEBUGINFOD_URLS=https://debuginfod.ubuntu.com PS1=(my_ros_env) \[\e]0;\u@\h: \w\a\]${debian_chroot:+($debian_chroot)}\[\033[01;32m\]\u@\h\[\033[00m\]:\[\033[01;34m\]\w\[\033[00m\]\$ PYTHONPATH=/home/yj/桌面/ros2-rpi/build/launch_pkg/prefix_override:/usr/lib/python3/dist-packages/colcon_core/task/python/colcon_distutils_commands:/home/yj/桌面/ros2-rpi/install/launch_pkg/lib/python3.12/site-packages:${PYTHONPATH} VIRTUAL_ENV_PROMPT=(my_ros_env) /usr/bin/python3 -W ignore:setup.py install is deprecated -W ignore:easy_install command is deprecated setup.py develop --editable --build-directory /home/yj/桌面/ros2-rpi/build/launch_pkg/build --no-deps symlink_data
[1.333s] running develop
[1.463s] running egg_info
[1.463s] creating launch_pkg.egg-info
[1.476s] writing launch_pkg.egg-info/PKG-INFO
[1.477s] writing dependency_links to launch_pkg.egg-info/dependency_links.txt
[1.477s] writing requirements to launch_pkg.egg-info/requires.txt
[1.477s] writing top-level names to launch_pkg.egg-info/top_level.txt
[1.477s] writing manifest file 'launch_pkg.egg-info/SOURCES.txt'
[1.501s] reading manifest file 'launch_pkg.egg-info/SOURCES.txt'
[1.502s] writing manifest file 'launch_pkg.egg-info/SOURCES.txt'
[1.515s] running build_ext
[1.515s] Creating /home/yj/桌面/ros2-rpi/install/launch_pkg/lib/python3.12/site-packages/launch-pkg.egg-link (link to .)
[1.515s] 
[1.516s] Installed /home/yj/桌面/ros2-rpi/build/launch_pkg
[1.517s] running symlink_data
[1.517s] creating /home/yj/桌面/ros2-rpi/install/launch_pkg/share/ament_index
[1.517s] creating /home/yj/桌面/ros2-rpi/install/launch_pkg/share/ament_index/resource_index
[1.517s] creating /home/yj/桌面/ros2-rpi/install/launch_pkg/share/ament_index/resource_index/packages
[1.517s] symbolically linking /home/yj/桌面/ros2-rpi/build/launch_pkg/resource/launch_pkg -> /home/yj/桌面/ros2-rpi/install/launch_pkg/share/ament_index/resource_index/packages
[1.517s] symbolically linking /home/yj/桌面/ros2-rpi/build/launch_pkg/package.xml -> /home/yj/桌面/ros2-rpi/install/launch_pkg/share/launch_pkg
[1.517s] creating /home/yj/桌面/ros2-rpi/install/launch_pkg/share/launch_pkg/launch
[1.517s] symbolically linking /home/yj/桌面/ros2-rpi/build/launch_pkg/launch/only_yaw.launch.py -> /home/yj/桌面/ros2-rpi/install/launch_pkg/share/launch_pkg/launch
[1.517s] symbolically linking /home/yj/桌面/ros2-rpi/build/launch_pkg/launch/bringup.launch.py -> /home/yj/桌面/ros2-rpi/install/launch_pkg/share/launch_pkg/launch
[1.537s] Invoked command in '/home/yj/桌面/ros2-rpi/build/launch_pkg' returned '0': DEBUGINFOD_URLS=https://debuginfod.ubuntu.com PS1=(my_ros_env) \[\e]0;\u@\h: \w\a\]${debian_chroot:+($debian_chroot)}\[\033[01;32m\]\u@\h\[\033[00m\]:\[\033[01;34m\]\w\[\033[00m\]\$ PYTHONPATH=/home/yj/桌面/ros2-rpi/build/launch_pkg/prefix_override:/usr/lib/python3/dist-packages/colcon_core/task/python/colcon_distutils_commands:/home/yj/桌面/ros2-rpi/install/launch_pkg/lib/python3.12/site-packages:${PYTHONPATH} VIRTUAL_ENV_PROMPT=(my_ros_env) /usr/bin/python3 -W ignore:setup.py install is deprecated -W ignore:easy_install command is deprecated setup.py develop --editable --build-directory /home/yj/桌面/ros2-rpi/build/launch_pkg/build --no-deps symlink_data
