running develop
running egg_info
creating imu_driver.egg-info
writing imu_driver.egg-info/PKG-INFO
writing dependency_links to imu_driver.egg-info/dependency_links.txt
writing entry points to imu_driver.egg-info/entry_points.txt
writing requirements to imu_driver.egg-info/requires.txt
writing top-level names to imu_driver.egg-info/top_level.txt
writing manifest file 'imu_driver.egg-info/SOURCES.txt'
reading manifest file 'imu_driver.egg-info/SOURCES.txt'
writing manifest file 'imu_driver.egg-info/SOURCES.txt'
running build_ext
Creating /home/yj/桌面/ros2-rpi/install/imu_driver/lib/python3.12/site-packages/imu-driver.egg-link (link to .)
Installing imu_node script to /home/yj/桌面/ros2-rpi/install/imu_driver/lib/imu_driver

Installed /home/yj/桌面/ros2-rpi/build/imu_driver
running symlink_data
creating /home/yj/桌面/ros2-rpi/install/imu_driver/share/ament_index
creating /home/yj/桌面/ros2-rpi/install/imu_driver/share/ament_index/resource_index
creating /home/yj/桌面/ros2-rpi/install/imu_driver/share/ament_index/resource_index/packages
symbolically linking /home/yj/桌面/ros2-rpi/build/imu_driver/resource/imu_driver -> /home/yj/桌面/ros2-rpi/install/imu_driver/share/ament_index/resource_index/packages
symbolically linking /home/yj/桌面/ros2-rpi/build/imu_driver/package.xml -> /home/yj/桌面/ros2-rpi/install/imu_driver/share/imu_driver
creating /home/yj/桌面/ros2-rpi/install/imu_driver/share/imu_driver/launch
symbolically linking /home/yj/桌面/ros2-rpi/build/imu_driver/launch/imu.launch.py -> /home/yj/桌面/ros2-rpi/install/imu_driver/share/imu_driver/launch
