[1.067s] Invoking command in '/home/yj/桌面/ros2-rpi/build/imu_driver': DEBUGINFOD_URLS=https://debuginfod.ubuntu.com PS1=(my_ros_env) \[\e]0;\u@\h: \w\a\]${debian_chroot:+($debian_chroot)}\[\033[01;32m\]\u@\h\[\033[00m\]:\[\033[01;34m\]\w\[\033[00m\]\$ PYTHONPATH=/home/yj/桌面/ros2-rpi/build/imu_driver/prefix_override:/usr/lib/python3/dist-packages/colcon_core/task/python/colcon_distutils_commands:/home/yj/桌面/ros2-rpi/install/imu_driver/lib/python3.12/site-packages:${PYTHONPATH} VIRTUAL_ENV_PROMPT=(my_ros_env) /usr/bin/python3 -W ignore:setup.py install is deprecated -W ignore:easy_install command is deprecated setup.py develop --editable --build-directory /home/yj/桌面/ros2-rpi/build/imu_driver/build --no-deps symlink_data
[1.344s] running develop
[1.481s] running egg_info
[1.481s] creating imu_driver.egg-info
[1.494s] writing imu_driver.egg-info/PKG-INFO
[1.494s] writing dependency_links to imu_driver.egg-info/dependency_links.txt
[1.496s] writing entry points to imu_driver.egg-info/entry_points.txt
[1.496s] writing requirements to imu_driver.egg-info/requires.txt
[1.496s] writing top-level names to imu_driver.egg-info/top_level.txt
[1.496s] writing manifest file 'imu_driver.egg-info/SOURCES.txt'
[1.522s] reading manifest file 'imu_driver.egg-info/SOURCES.txt'
[1.522s] writing manifest file 'imu_driver.egg-info/SOURCES.txt'
[1.536s] running build_ext
[1.537s] Creating /home/yj/桌面/ros2-rpi/install/imu_driver/lib/python3.12/site-packages/imu-driver.egg-link (link to .)
[1.537s] Installing imu_node script to /home/yj/桌面/ros2-rpi/install/imu_driver/lib/imu_driver
[1.537s] 
[1.537s] Installed /home/yj/桌面/ros2-rpi/build/imu_driver
[1.538s] running symlink_data
[1.538s] creating /home/yj/桌面/ros2-rpi/install/imu_driver/share/ament_index
[1.538s] creating /home/yj/桌面/ros2-rpi/install/imu_driver/share/ament_index/resource_index
[1.538s] creating /home/yj/桌面/ros2-rpi/install/imu_driver/share/ament_index/resource_index/packages
[1.538s] symbolically linking /home/yj/桌面/ros2-rpi/build/imu_driver/resource/imu_driver -> /home/yj/桌面/ros2-rpi/install/imu_driver/share/ament_index/resource_index/packages
[1.538s] symbolically linking /home/yj/桌面/ros2-rpi/build/imu_driver/package.xml -> /home/yj/桌面/ros2-rpi/install/imu_driver/share/imu_driver
[1.538s] creating /home/yj/桌面/ros2-rpi/install/imu_driver/share/imu_driver/launch
[1.538s] symbolically linking /home/yj/桌面/ros2-rpi/build/imu_driver/launch/imu.launch.py -> /home/yj/桌面/ros2-rpi/install/imu_driver/share/imu_driver/launch
[1.569s] Invoked command in '/home/yj/桌面/ros2-rpi/build/imu_driver' returned '0': DEBUGINFOD_URLS=https://debuginfod.ubuntu.com PS1=(my_ros_env) \[\e]0;\u@\h: \w\a\]${debian_chroot:+($debian_chroot)}\[\033[01;32m\]\u@\h\[\033[00m\]:\[\033[01;34m\]\w\[\033[00m\]\$ PYTHONPATH=/home/yj/桌面/ros2-rpi/build/imu_driver/prefix_override:/usr/lib/python3/dist-packages/colcon_core/task/python/colcon_distutils_commands:/home/yj/桌面/ros2-rpi/install/imu_driver/lib/python3.12/site-packages:${PYTHONPATH} VIRTUAL_ENV_PROMPT=(my_ros_env) /usr/bin/python3 -W ignore:setup.py install is deprecated -W ignore:easy_install command is deprecated setup.py develop --editable --build-directory /home/yj/桌面/ros2-rpi/build/imu_driver/build --no-deps symlink_data
